Building workload binary for NoSQL databases...
Workload binary built: /tmp/uuid-workload-1468354314/workload
UUID Benchmark - Cassandra
======================================================================
Database:     Cassandra
Scenario:     read-performance
Records:      100000
Batch Size:   100
Runs:         5 (statistical mode)
Testing:      [sequential uuidv4 uuidv7 ulid ulid_monotonic uuidv1]
======================================================================


Testing SEQUENTIAL (5 runs)
----------------------------------------------------------------------
  Run 1/5... Starting fresh Cassandra container...
Waiting for Cassandra to initialize...
Container ready
Inserting 100000 records to create data...
Inserted 100000 records in 4.696s
Measuring fragmentation...
SSTable count: 0
Running 100000 point lookups...
Completed 100000 reads in 3m1.165s
Read throughput: 551.98 ops/sec
Measuring cache hit ratios...

Cleaning up container...
Container stopped and removed
done
  Run 2/5... Starting fresh Cassandra container...
Waiting for Cassandra to initialize...
Container ready
Inserting 100000 records to create data...
Inserted 100000 records in 5.051s
Measuring fragmentation...
SSTable count: 0
Running 100000 point lookups...
Completed 100000 reads in 3m2.485s
Read throughput: 547.99 ops/sec
Measuring cache hit ratios...

Cleaning up container...
Container stopped and removed
done
  Run 3/5... Starting fresh Cassandra container...
Waiting for Cassandra to initialize...
Container ready
Inserting 100000 records to create data...
Inserted 100000 records in 4.87s
Measuring fragmentation...
SSTable count: 0
Running 100000 point lookups...
Completed 100000 reads in 3m1.989s
Read throughput: 549.48 ops/sec
Measuring cache hit ratios...

Cleaning up container...
Container stopped and removed
done
  Run 4/5... Starting fresh Cassandra container...
Waiting for Cassandra to initialize...
Container ready
Inserting 100000 records to create data...
Inserted 100000 records in 4.986s
Measuring fragmentation...
SSTable count: 0
Running 100000 point lookups...
Completed 100000 reads in 2m59.678s
Read throughput: 556.55 ops/sec
Measuring cache hit ratios...

Cleaning up container...
Container stopped and removed
done
  Run 5/5... Starting fresh Cassandra container...
Waiting for Cassandra to initialize...
Container ready
Inserting 100000 records to create data...
Inserted 100000 records in 5.012s
Measuring fragmentation...
SSTable count: 0
Running 100000 point lookups...
Completed 100000 reads in 3m3.889s
Read throughput: 543.81 ops/sec
Measuring cache hit ratios...

Cleaning up container...
Container stopped and removed
done

Testing UUIDV4 (5 runs)
----------------------------------------------------------------------
  Run 1/5... Starting fresh Cassandra container...
Waiting for Cassandra to initialize...
Container ready
Inserting 100000 records to create data...
Inserted 100000 records in 6.934s
Measuring fragmentation...
SSTable count: 0
Running 100000 point lookups...
Completed 100000 reads in 3m3.662s
Read throughput: 544.48 ops/sec
Measuring cache hit ratios...

Cleaning up container...
Container stopped and removed
done
  Run 2/5... Starting fresh Cassandra container...
Waiting for Cassandra to initialize...
Container ready
Inserting 100000 records to create data...
Inserted 100000 records in 6.964s
Measuring fragmentation...
SSTable count: 0
Running 100000 point lookups...
Completed 100000 reads in 3m2.892s
Read throughput: 546.77 ops/sec
Measuring cache hit ratios...

Cleaning up container...
Container stopped and removed
done
  Run 3/5... Starting fresh Cassandra container...
Waiting for Cassandra to initialize...
Container ready
Inserting 100000 records to create data...
Inserted 100000 records in 6.389s
Measuring fragmentation...
SSTable count: 0
Running 100000 point lookups...
Completed 100000 reads in 3m1.247s
Read throughput: 551.73 ops/sec
Measuring cache hit ratios...

Cleaning up container...
Container stopped and removed
done
  Run 4/5... Starting fresh Cassandra container...
Waiting for Cassandra to initialize...
Container ready
Inserting 100000 records to create data...
Inserted 100000 records in 6.514s
Measuring fragmentation...
SSTable count: 0
Running 100000 point lookups...
Completed 100000 reads in 3m1.924s
Read throughput: 549.68 ops/sec
Measuring cache hit ratios...

Cleaning up container...
Container stopped and removed
done
  Run 5/5... Starting fresh Cassandra container...
Waiting for Cassandra to initialize...
Container ready
Inserting 100000 records to create data...
Inserted 100000 records in 6.746s
Measuring fragmentation...
SSTable count: 0
Running 100000 point lookups...
Completed 100000 reads in 3m3.21s
Read throughput: 545.82 ops/sec
Measuring cache hit ratios...

Cleaning up container...
Container stopped and removed
done

Testing UUIDV7 (5 runs)
----------------------------------------------------------------------
  Run 1/5... Starting fresh Cassandra container...
Waiting for Cassandra to initialize...
Container ready
Inserting 100000 records to create data...
Inserted 100000 records in 5.04s
Measuring fragmentation...
SSTable count: 0
Running 100000 point lookups...
Completed 100000 reads in 2m57.748s
Read throughput: 562.59 ops/sec
Measuring cache hit ratios...

Cleaning up container...
Container stopped and removed
done
  Run 2/5... Starting fresh Cassandra container...
Waiting for Cassandra to initialize...
Container ready
Inserting 100000 records to create data...
Inserted 100000 records in 5.111s
Measuring fragmentation...
SSTable count: 0
Running 100000 point lookups...
Completed 100000 reads in 3m0.146s
Read throughput: 555.10 ops/sec
Measuring cache hit ratios...

Cleaning up container...
Container stopped and removed
done
  Run 3/5... Starting fresh Cassandra container...
Waiting for Cassandra to initialize...
Container ready
Inserting 100000 records to create data...
Inserted 100000 records in 5.085s
Measuring fragmentation...
SSTable count: 0
Running 100000 point lookups...
Completed 100000 reads in 3m3.644s
Read throughput: 544.53 ops/sec
Measuring cache hit ratios...

Cleaning up container...
Container stopped and removed
done
  Run 4/5... Starting fresh Cassandra container...
Waiting for Cassandra to initialize...
Container ready
Inserting 100000 records to create data...
Inserted 100000 records in 5.167s
Measuring fragmentation...
SSTable count: 0
Running 100000 point lookups...
Completed 100000 reads in 3m3.065s
Read throughput: 546.25 ops/sec
Measuring cache hit ratios...

Cleaning up container...
Container stopped and removed
done
  Run 5/5... Starting fresh Cassandra container...
Waiting for Cassandra to initialize...
Container ready
Inserting 100000 records to create data...
Inserted 100000 records in 5.087s
Measuring fragmentation...
SSTable count: 0
Running 100000 point lookups...
Completed 100000 reads in 3m3.929s
Read throughput: 543.69 ops/sec
Measuring cache hit ratios...

Cleaning up container...
Container stopped and removed
done

Testing ULID (5 runs)
----------------------------------------------------------------------
  Run 1/5... Starting fresh Cassandra container...
Waiting for Cassandra to initialize...
Container ready
Inserting 100000 records to create data...
Inserted 100000 records in 5.088s
Measuring fragmentation...
SSTable count: 0
Running 100000 point lookups...
Completed 100000 reads in 3m3.203s
Read throughput: 545.84 ops/sec
Measuring cache hit ratios...

Cleaning up container...
Container stopped and removed
done
  Run 2/5... Starting fresh Cassandra container...
Waiting for Cassandra to initialize...
Container ready
Inserting 100000 records to create data...
Inserted 100000 records in 5.165s
Measuring fragmentation...
SSTable count: 0
Running 100000 point lookups...
Completed 100000 reads in 3m3.727s
Read throughput: 544.28 ops/sec
Measuring cache hit ratios...

Cleaning up container...
Container stopped and removed
done
  Run 3/5... Starting fresh Cassandra container...
Waiting for Cassandra to initialize...
Container ready
Inserting 100000 records to create data...
Inserted 100000 records in 5.12s
Measuring fragmentation...
SSTable count: 0
Running 100000 point lookups...
Completed 100000 reads in 3m2.732s
Read throughput: 547.25 ops/sec
Measuring cache hit ratios...

Cleaning up container...
Container stopped and removed
done
  Run 4/5... Starting fresh Cassandra container...
Waiting for Cassandra to initialize...
Container ready
Inserting 100000 records to create data...
Inserted 100000 records in 5.068s
Measuring fragmentation...
SSTable count: 0
Running 100000 point lookups...
Completed 100000 reads in 3m3.311s
Read throughput: 545.52 ops/sec
Measuring cache hit ratios...

Cleaning up container...
Container stopped and removed
done
  Run 5/5... Starting fresh Cassandra container...
Waiting for Cassandra to initialize...
Container ready
Inserting 100000 records to create data...
Inserted 100000 records in 5.194s
Measuring fragmentation...
SSTable count: 0
Running 100000 point lookups...
Completed 100000 reads in 3m2.889s
Read throughput: 546.78 ops/sec
Measuring cache hit ratios...

Cleaning up container...
Container stopped and removed
done

Testing ULID_MONOTONIC (5 runs)
----------------------------------------------------------------------
  Run 1/5... Starting fresh Cassandra container...
Waiting for Cassandra to initialize...
Container ready
Inserting 100000 records to create data...
Inserted 100000 records in 4.907s
Measuring fragmentation...
SSTable count: 0
Running 100000 point lookups...
Completed 100000 reads in 3m4.279s
Read throughput: 542.65 ops/sec
Measuring cache hit ratios...

Cleaning up container...
Container stopped and removed
done
  Run 2/5... Starting fresh Cassandra container...
Waiting for Cassandra to initialize...
Container ready
Inserting 100000 records to create data...
Inserted 100000 records in 4.9s
Measuring fragmentation...
SSTable count: 0
Running 100000 point lookups...
Completed 100000 reads in 3m4.47s
Read throughput: 542.09 ops/sec
Measuring cache hit ratios...

Cleaning up container...
Container stopped and removed
done
  Run 3/5... Starting fresh Cassandra container...
Waiting for Cassandra to initialize...
Container ready
Inserting 100000 records to create data...
Inserted 100000 records in 5.107s
Measuring fragmentation...
SSTable count: 0
Running 100000 point lookups...
Completed 100000 reads in 3m2.681s
Read throughput: 547.40 ops/sec
Measuring cache hit ratios...

Cleaning up container...
Container stopped and removed
done
  Run 4/5... Starting fresh Cassandra container...
Waiting for Cassandra to initialize...
Container ready
Inserting 100000 records to create data...
Inserted 100000 records in 4.968s
Measuring fragmentation...
SSTable count: 0
Running 100000 point lookups...
Completed 100000 reads in 3m2.528s
Read throughput: 547.86 ops/sec
Measuring cache hit ratios...

Cleaning up container...
Container stopped and removed
done
  Run 5/5... Starting fresh Cassandra container...
Waiting for Cassandra to initialize...
Container ready
Inserting 100000 records to create data...
Inserted 100000 records in 4.702s
Measuring fragmentation...
SSTable count: 0
Running 100000 point lookups...
Completed 100000 reads in 3m3.426s
Read throughput: 545.18 ops/sec
Measuring cache hit ratios...

Cleaning up container...
Container stopped and removed
done

Testing UUIDV1 (5 runs)
----------------------------------------------------------------------
  Run 1/5... Starting fresh Cassandra container...
Waiting for Cassandra to initialize...
Container ready
Inserting 100000 records to create data...
Inserted 100000 records in 4.702s
Measuring fragmentation...
SSTable count: 0
Running 100000 point lookups...
Completed 100000 reads in 3m2.551s
Read throughput: 547.79 ops/sec
Measuring cache hit ratios...

Cleaning up container...
Container stopped and removed
done
  Run 2/5... Starting fresh Cassandra container...
Waiting for Cassandra to initialize...
Container ready
Inserting 100000 records to create data...
Inserted 100000 records in 4.773s
Measuring fragmentation...
SSTable count: 0
Running 100000 point lookups...
Completed 100000 reads in 3m1.236s
Read throughput: 551.77 ops/sec
Measuring cache hit ratios...

Cleaning up container...
Container stopped and removed
done
  Run 3/5... Starting fresh Cassandra container...
Waiting for Cassandra to initialize...
Container ready
Inserting 100000 records to create data...
Inserted 100000 records in 4.998s
Measuring fragmentation...
SSTable count: 0
Running 100000 point lookups...
Completed 100000 reads in 3m2.283s
Read throughput: 548.59 ops/sec
Measuring cache hit ratios...

Cleaning up container...
Container stopped and removed
done
  Run 4/5... Starting fresh Cassandra container...
Waiting for Cassandra to initialize...
Container ready
Inserting 100000 records to create data...
Inserted 100000 records in 4.891s
Measuring fragmentation...
SSTable count: 0
Running 100000 point lookups...
Completed 100000 reads in 3m0.945s
Read throughput: 552.65 ops/sec
Measuring cache hit ratios...

Cleaning up container...
Container stopped and removed
done
  Run 5/5... Starting fresh Cassandra container...
Waiting for Cassandra to initialize...
Container ready
Inserting 100000 records to create data...
Inserted 100000 records in 4.966s
Measuring fragmentation...
SSTable count: 0
Running 100000 point lookups...
Completed 100000 reads in 3m2.93s
Read throughput: 546.66 ops/sec
Measuring cache hit ratios...

Cleaning up container...
Container stopped and removed
done

====================================================================================================
Read Performance - Statistical Summary (5 runs per UUID type)
====================================================================================================

Read Throughput (ops/sec)
┌────────────────┬──────────┬──────────┬──────────┬──────────┬──────────┬─────────┐
│ Key Type       │ Median   │ Mean     │ StdDev   │ Min      │ Max      │ CV %    │
├────────────────┼──────────┼──────────┼──────────┼──────────┼──────────┼─────────┤
│ SEQUENTIAL     │      549 │      550 │        5 │      544 │      557 │     0.9 │
│ UUIDV4         │      547 │      548 │        3 │      544 │      552 │     0.5 │
│ UUIDV7         │      546 │      550 │        8 │      544 │      563 │     1.5 │
│ ULID           │      546 │      546 │        1 │      544 │      547 │     0.2 │
│ ULID_MONOTONIC │      545 │      545 │        3 │      542 │      548 │     0.5 │
│ UUIDV1         │      549 │      549 │        3 │      547 │      553 │     0.5 │
└────────────────┴──────────┴──────────┴──────────┴──────────┴──────────┴─────────┘

Statistical Comparisons (vs SEQUENTIAL):
┌──────────────────────────────┬─────────────┬──────────┬───────────┬───────────────┐
│ Comparison                   │ Median Diff │ p-value  │ Overlap?  │ Significant?  │
├──────────────────────────────┼─────────────┼──────────┼───────────┼───────────────┤
│ SEQUENTIAL vs UUIDV4         │       -0.5% │   0.4647 │ Yes       │ n.s.          │
│ SEQUENTIAL vs UUIDV7         │       -0.6% │   0.7540 │ Yes       │ n.s.          │
│ SEQUENTIAL vs ULID           │       -0.7% │   0.1172 │ Yes       │ n.s.          │
│ SEQUENTIAL vs ULID_MONOTONIC │       -0.8% │   0.0472 │ Yes       │ * (p<0.05)    │
│ SEQUENTIAL vs UUIDV1         │       -0.2% │   0.7540 │ Yes       │ n.s.          │
└──────────────────────────────┴─────────────┴──────────┴───────────┴───────────────┘

Bloom Filter FP (delta)
┌────────────────┬──────────┬──────────┬──────────┬──────────┬──────────┬─────────┐
│ Key Type       │ Median   │ Mean     │ StdDev   │ Min      │ Max      │ CV %    │
├────────────────┼──────────┼──────────┼──────────┼──────────┼──────────┼─────────┤
│ SEQUENTIAL     │        0 │        0 │        0 │        0 │        0 │     0.0 │
│ UUIDV4         │        0 │        0 │        0 │        0 │        0 │     0.0 │
│ UUIDV7         │        0 │        0 │        0 │        0 │        0 │     0.0 │
│ ULID           │        0 │        0 │        0 │        0 │        0 │     0.0 │
│ ULID_MONOTONIC │        0 │        0 │        0 │        0 │        0 │     0.0 │
│ UUIDV1         │        0 │        0 │        0 │        0 │        0 │     0.0 │
└────────────────┴──────────┴──────────┴──────────┴──────────┴──────────┴─────────┘

Statistical Comparisons (vs SEQUENTIAL):
┌──────────────────────────────┬─────────────┬──────────┬───────────┬───────────────┐
│ Comparison                   │ Median Diff │ p-value  │ Overlap?  │ Significant?  │
├──────────────────────────────┼─────────────┼──────────┼───────────┼───────────────┤
│ SEQUENTIAL vs UUIDV4         │       +0.0% │   1.0000 │ Yes       │ n.s.          │
│ SEQUENTIAL vs UUIDV7         │       +0.0% │   1.0000 │ Yes       │ n.s.          │
│ SEQUENTIAL vs ULID           │       +0.0% │   1.0000 │ Yes       │ n.s.          │
│ SEQUENTIAL vs ULID_MONOTONIC │       +0.0% │   1.0000 │ Yes       │ n.s.          │
│ SEQUENTIAL vs UUIDV1         │       +0.0% │   1.0000 │ Yes       │ n.s.          │
└──────────────────────────────┴─────────────┴──────────┴───────────┴───────────────┘

Space Amplification (%)
┌────────────────┬──────────┬──────────┬──────────┬──────────┬──────────┬─────────┐
│ Key Type       │ Median   │ Mean     │ StdDev   │ Min      │ Max      │ CV %    │
├────────────────┼──────────┼──────────┼──────────┼──────────┼──────────┼─────────┤
│ SEQUENTIAL     │     0.00 │     0.00 │     0.00 │     0.00 │     0.00 │     0.0 │
│ UUIDV4         │     0.00 │     0.00 │     0.00 │     0.00 │     0.00 │     0.0 │
│ UUIDV7         │     0.00 │     0.00 │     0.00 │     0.00 │     0.00 │     0.0 │
│ ULID           │     0.00 │     0.00 │     0.00 │     0.00 │     0.00 │     0.0 │
│ ULID_MONOTONIC │     0.00 │     0.00 │     0.00 │     0.00 │     0.00 │     0.0 │
│ UUIDV1         │     0.00 │     0.00 │     0.00 │     0.00 │     0.00 │     0.0 │
└────────────────┴──────────┴──────────┴──────────┴──────────┴──────────┴─────────┘

Statistical Comparisons (vs SEQUENTIAL):
┌──────────────────────────────┬─────────────┬──────────┬───────────┬───────────────┐
│ Comparison                   │ Median Diff │ p-value  │ Overlap?  │ Significant?  │
├──────────────────────────────┼─────────────┼──────────┼───────────┼───────────────┤
│ SEQUENTIAL vs UUIDV4         │       +0.0% │   1.0000 │ Yes       │ n.s.          │
│ SEQUENTIAL vs UUIDV7         │       +0.0% │   1.0000 │ Yes       │ n.s.          │
│ SEQUENTIAL vs ULID           │       +0.0% │   1.0000 │ Yes       │ n.s.          │
│ SEQUENTIAL vs ULID_MONOTONIC │       +0.0% │   1.0000 │ Yes       │ n.s.          │
│ SEQUENTIAL vs UUIDV1         │       +0.0% │   1.0000 │ Yes       │ n.s.          │
└──────────────────────────────┴─────────────┴──────────┴───────────┴───────────────┘

Cache Hit Ratio
┌────────────────┬──────────┬──────────┬──────────┬──────────┬──────────┬─────────┐
│ Key Type       │ Median   │ Mean     │ StdDev   │ Min      │ Max      │ CV %    │
├────────────────┼──────────┼──────────┼──────────┼──────────┼──────────┼─────────┤
│ SEQUENTIAL     │   0.8650 │   0.8632 │   0.0170 │   0.8343 │   0.8758 │     2.0 │
│ UUIDV4         │   0.8650 │   0.8549 │   0.0193 │   0.8343 │   0.8758 │     2.3 │
│ UUIDV7         │   0.8494 │   0.8510 │   0.0249 │   0.8198 │   0.8758 │     2.9 │
│ ULID           │   0.8650 │   0.8612 │   0.0191 │   0.8294 │   0.8758 │     2.2 │
│ ULID_MONOTONIC │   0.8598 │   0.8538 │   0.0187 │   0.8343 │   0.8758 │     2.2 │
│ UUIDV1         │   0.8650 │   0.8570 │   0.0212 │   0.8343 │   0.8758 │     2.5 │
└────────────────┴──────────┴──────────┴──────────┴──────────┴──────────┴─────────┘

Statistical Comparisons (vs SEQUENTIAL):
┌──────────────────────────────┬─────────────┬──────────┬───────────┬───────────────┐
│ Comparison                   │ Median Diff │ p-value  │ Overlap?  │ Significant?  │
├──────────────────────────────┼─────────────┼──────────┼───────────┼───────────────┤
│ SEQUENTIAL vs UUIDV4         │       +0.0% │   0.4647 │ Yes       │ n.s.          │
│ SEQUENTIAL vs UUIDV7         │       -1.8% │   0.5309 │ Yes       │ n.s.          │
│ SEQUENTIAL vs ULID           │       +0.0% │   0.7540 │ Yes       │ n.s.          │
│ SEQUENTIAL vs ULID_MONOTONIC │       -0.6% │   0.3472 │ Yes       │ n.s.          │
│ SEQUENTIAL vs UUIDV1         │       +0.0% │   0.7540 │ Yes       │ n.s.          │
└──────────────────────────────┴─────────────┴──────────┴───────────┴───────────────┘

Index Hit Ratio
┌────────────────┬──────────┬──────────┬──────────┬──────────┬──────────┬─────────┐
│ Key Type       │ Median   │ Mean     │ StdDev   │ Min      │ Max      │ CV %    │
├────────────────┼──────────┼──────────┼──────────┼──────────┼──────────┼─────────┤
│ SEQUENTIAL     │   0.8650 │   0.8632 │   0.0170 │   0.8343 │   0.8758 │     2.0 │
│ UUIDV4         │   0.8650 │   0.8549 │   0.0193 │   0.8343 │   0.8758 │     2.3 │
│ UUIDV7         │   0.8494 │   0.8510 │   0.0249 │   0.8198 │   0.8758 │     2.9 │
│ ULID           │   0.8650 │   0.8612 │   0.0191 │   0.8294 │   0.8758 │     2.2 │
│ ULID_MONOTONIC │   0.8598 │   0.8538 │   0.0187 │   0.8343 │   0.8758 │     2.2 │
│ UUIDV1         │   0.8650 │   0.8570 │   0.0212 │   0.8343 │   0.8758 │     2.5 │
└────────────────┴──────────┴──────────┴──────────┴──────────┴──────────┴─────────┘

Statistical Comparisons (vs SEQUENTIAL):
┌──────────────────────────────┬─────────────┬──────────┬───────────┬───────────────┐
│ Comparison                   │ Median Diff │ p-value  │ Overlap?  │ Significant?  │
├──────────────────────────────┼─────────────┼──────────┼───────────┼───────────────┤
│ SEQUENTIAL vs UUIDV4         │       +0.0% │   0.4647 │ Yes       │ n.s.          │
│ SEQUENTIAL vs UUIDV7         │       -1.8% │   0.5309 │ Yes       │ n.s.          │
│ SEQUENTIAL vs ULID           │       +0.0% │   0.7540 │ Yes       │ n.s.          │
│ SEQUENTIAL vs ULID_MONOTONIC │       -0.6% │   0.3472 │ Yes       │ n.s.          │
│ SEQUENTIAL vs UUIDV1         │       +0.0% │   0.7540 │ Yes       │ n.s.          │
└──────────────────────────────┴─────────────┴──────────┴───────────┴───────────────┘

Latency P50 (µs)
┌────────────────┬──────────┬──────────┬──────────┬──────────┬──────────┬─────────┐
│ Key Type       │ Median   │ Mean     │ StdDev   │ Min      │ Max      │ CV %    │
├────────────────┼──────────┼──────────┼──────────┼──────────┼──────────┼─────────┤
│ SEQUENTIAL     │     1814 │     1812 │       13 │     1795 │     1828 │     0.7 │
│ UUIDV4         │     1820 │     1820 │        8 │     1808 │     1829 │     0.4 │
│ UUIDV7         │     1820 │     1808 │       25 │     1769 │     1827 │     1.4 │
│ ULID           │     1822 │     1821 │        3 │     1817 │     1824 │     0.1 │
│ ULID_MONOTONIC │     1828 │     1826 │        6 │     1818 │     1832 │     0.3 │
│ UUIDV1         │     1815 │     1814 │        7 │     1803 │     1821 │     0.4 │
└────────────────┴──────────┴──────────┴──────────┴──────────┴──────────┴─────────┘

Statistical Comparisons (vs SEQUENTIAL):
┌──────────────────────────────┬─────────────┬──────────┬───────────┬───────────────┐
│ Comparison                   │ Median Diff │ p-value  │ Overlap?  │ Significant?  │
├──────────────────────────────┼─────────────┼──────────┼───────────┼───────────────┤
│ SEQUENTIAL vs UUIDV4         │       +0.3% │   0.2506 │ Yes       │ n.s.          │
│ SEQUENTIAL vs UUIDV7         │       +0.3% │   0.9168 │ Yes       │ n.s.          │
│ SEQUENTIAL vs ULID           │       +0.4% │   0.1745 │ Yes       │ n.s.          │
│ SEQUENTIAL vs ULID_MONOTONIC │       +0.8% │   0.0601 │ Yes       │ n.s.          │
│ SEQUENTIAL vs UUIDV1         │       +0.1% │   0.9168 │ Yes       │ n.s.          │
└──────────────────────────────┴─────────────┴──────────┴───────────┴───────────────┘

Latency P95 (µs)
┌────────────────┬──────────┬──────────┬──────────┬──────────┬──────────┬─────────┐
│ Key Type       │ Median   │ Mean     │ StdDev   │ Min      │ Max      │ CV %    │
├────────────────┼──────────┼──────────┼──────────┼──────────┼──────────┼─────────┤
│ SEQUENTIAL     │     2005 │     2009 │       23 │     1987 │     2045 │     1.1 │
│ UUIDV4         │     2018 │     2021 │       10 │     2014 │     2038 │     0.5 │
│ UUIDV7         │     2029 │     2027 │       15 │     2002 │     2041 │     0.7 │
│ ULID           │     2015 │     2024 │       17 │     2008 │     2044 │     0.8 │
│ ULID_MONOTONIC │     2031 │     2026 │       12 │     2006 │     2038 │     0.6 │
│ UUIDV1         │     2009 │     2011 │       20 │     1983 │     2039 │     1.0 │
└────────────────┴──────────┴──────────┴──────────┴──────────┴──────────┴─────────┘

Statistical Comparisons (vs SEQUENTIAL):
┌──────────────────────────────┬─────────────┬──────────┬───────────┬───────────────┐
│ Comparison                   │ Median Diff │ p-value  │ Overlap?  │ Significant?  │
├──────────────────────────────┼─────────────┼──────────┼───────────┼───────────────┤
│ SEQUENTIAL vs UUIDV4         │       +0.6% │   0.1172 │ Yes       │ n.s.          │
│ SEQUENTIAL vs UUIDV7         │       +1.2% │   0.2506 │ Yes       │ n.s.          │
│ SEQUENTIAL vs ULID           │       +0.5% │   0.1745 │ Yes       │ n.s.          │
│ SEQUENTIAL vs ULID_MONOTONIC │       +1.3% │   0.1745 │ Yes       │ n.s.          │
│ SEQUENTIAL vs UUIDV1         │       +0.2% │   0.7540 │ Yes       │ n.s.          │
└──────────────────────────────┴─────────────┴──────────┴───────────┴───────────────┘

Latency P99 (µs)
┌────────────────┬──────────┬──────────┬──────────┬──────────┬──────────┬─────────┐
│ Key Type       │ Median   │ Mean     │ StdDev   │ Min      │ Max      │ CV %    │
├────────────────┼──────────┼──────────┼──────────┼──────────┼──────────┼─────────┤
│ SEQUENTIAL     │     2301 │     2287 │       34 │     2239 │     2320 │     1.5 │
│ UUIDV4         │     2269 │     2264 │       37 │     2213 │     2313 │     1.6 │
│ UUIDV7         │     2305 │     2303 │       11 │     2286 │     2316 │     0.5 │
│ ULID           │     2281 │     2275 │       19 │     2246 │     2294 │     0.8 │
│ ULID_MONOTONIC │     2295 │     2307 │       66 │     2243 │     2394 │     2.8 │
│ UUIDV1         │     2287 │     2285 │       13 │     2264 │     2297 │     0.6 │
└────────────────┴──────────┴──────────┴──────────┴──────────┴──────────┴─────────┘

Statistical Comparisons (vs SEQUENTIAL):
┌──────────────────────────────┬─────────────┬──────────┬───────────┬───────────────┐
│ Comparison                   │ Median Diff │ p-value  │ Overlap?  │ Significant?  │
├──────────────────────────────┼─────────────┼──────────┼───────────┼───────────────┤
│ SEQUENTIAL vs UUIDV4         │       -1.4% │   0.4647 │ Yes       │ n.s.          │
│ SEQUENTIAL vs UUIDV7         │       +0.2% │   0.6761 │ Yes       │ n.s.          │
│ SEQUENTIAL vs ULID           │       -0.9% │   0.4647 │ Yes       │ n.s.          │
│ SEQUENTIAL vs ULID_MONOTONIC │       -0.3% │   0.7540 │ Yes       │ n.s.          │
│ SEQUENTIAL vs UUIDV1         │       -0.6% │   0.5309 │ Yes       │ n.s.          │
└──────────────────────────────┴─────────────┴──────────┴───────────┴───────────────┘

Read IOPS
┌────────────────┬──────────┬──────────┬──────────┬──────────┬──────────┬─────────┐
│ Key Type       │ Median   │ Mean     │ StdDev   │ Min      │ Max      │ CV %    │
├────────────────┼──────────┼──────────┼──────────┼──────────┼──────────┼─────────┤
│ SEQUENTIAL     │        0 │        0 │        0 │        0 │        0 │     0.0 │
│ UUIDV4         │        0 │        0 │        0 │        0 │        0 │     0.0 │
│ UUIDV7         │        0 │        0 │        0 │        0 │        0 │     0.0 │
│ ULID           │        0 │        0 │        0 │        0 │        0 │     0.0 │
│ ULID_MONOTONIC │        0 │        0 │        0 │        0 │        0 │     0.0 │
│ UUIDV1         │        0 │        0 │        0 │        0 │        0 │     0.0 │
└────────────────┴──────────┴──────────┴──────────┴──────────┴──────────┴─────────┘

Statistical Comparisons (vs SEQUENTIAL):
┌──────────────────────────────┬─────────────┬──────────┬───────────┬───────────────┐
│ Comparison                   │ Median Diff │ p-value  │ Overlap?  │ Significant?  │
├──────────────────────────────┼─────────────┼──────────┼───────────┼───────────────┤
│ SEQUENTIAL vs UUIDV4         │       +0.0% │   1.0000 │ Yes       │ n.s.          │
│ SEQUENTIAL vs UUIDV7         │       +0.0% │   1.0000 │ Yes       │ n.s.          │
│ SEQUENTIAL vs ULID           │       +0.0% │   1.0000 │ Yes       │ n.s.          │
│ SEQUENTIAL vs ULID_MONOTONIC │       +0.0% │   1.0000 │ Yes       │ n.s.          │
│ SEQUENTIAL vs UUIDV1         │       +0.0% │   1.0000 │ Yes       │ n.s.          │
└──────────────────────────────┴─────────────┴──────────┴───────────┴───────────────┘

Write IOPS
┌────────────────┬──────────┬──────────┬──────────┬──────────┬──────────┬─────────┐
│ Key Type       │ Median   │ Mean     │ StdDev   │ Min      │ Max      │ CV %    │
├────────────────┼──────────┼──────────┼──────────┼──────────┼──────────┼─────────┤
│ SEQUENTIAL     │        0 │        0 │        0 │        0 │        0 │    27.5 │
│ UUIDV4         │        0 │        0 │        0 │        0 │        0 │    37.2 │
│ UUIDV7         │        0 │        0 │        0 │        0 │        0 │    10.3 │
│ ULID           │        0 │        0 │        0 │        0 │        0 │    10.3 │
│ ULID_MONOTONIC │        0 │        0 │        0 │        0 │        0 │     4.7 │
│ UUIDV1         │        0 │        0 │        0 │        0 │        0 │    38.5 │
└────────────────┴──────────┴──────────┴──────────┴──────────┴──────────┴─────────┘

Statistical Comparisons (vs SEQUENTIAL):
┌──────────────────────────────┬─────────────┬──────────┬───────────┬───────────────┐
│ Comparison                   │ Median Diff │ p-value  │ Overlap?  │ Significant?  │
├──────────────────────────────┼─────────────┼──────────┼───────────┼───────────────┤
│ SEQUENTIAL vs UUIDV4         │      +11.5% │   0.7540 │ Yes       │ n.s.          │
│ SEQUENTIAL vs UUIDV7         │      +50.1% │   0.0472 │ Yes       │ * (p<0.05)    │
│ SEQUENTIAL vs ULID           │      +66.7% │   0.0163 │ Yes       │ * (p<0.05)    │
│ SEQUENTIAL vs ULID_MONOTONIC │      +63.2% │   0.0163 │ Yes       │ * (p<0.05)    │
│ SEQUENTIAL vs UUIDV1         │      +40.0% │   0.7540 │ Yes       │ n.s.          │
└──────────────────────────────┴─────────────┴──────────┴───────────┴───────────────┘

Read Throughput (MB/s)
┌────────────────┬──────────┬──────────┬──────────┬──────────┬──────────┬─────────┐
│ Key Type       │ Median   │ Mean     │ StdDev   │ Min      │ Max      │ CV %    │
├────────────────┼──────────┼──────────┼──────────┼──────────┼──────────┼─────────┤
│ SEQUENTIAL     │      0.0 │      0.0 │      0.0 │      0.0 │      0.0 │     0.0 │
│ UUIDV4         │      0.0 │      0.0 │      0.0 │      0.0 │      0.0 │     0.0 │
│ UUIDV7         │      0.0 │      0.0 │      0.0 │      0.0 │      0.0 │     0.0 │
│ ULID           │      0.0 │      0.0 │      0.0 │      0.0 │      0.0 │     0.0 │
│ ULID_MONOTONIC │      0.0 │      0.0 │      0.0 │      0.0 │      0.0 │     0.0 │
│ UUIDV1         │      0.0 │      0.0 │      0.0 │      0.0 │      0.0 │     0.0 │
└────────────────┴──────────┴──────────┴──────────┴──────────┴──────────┴─────────┘

Statistical Comparisons (vs SEQUENTIAL):
┌──────────────────────────────┬─────────────┬──────────┬───────────┬───────────────┐
│ Comparison                   │ Median Diff │ p-value  │ Overlap?  │ Significant?  │
├──────────────────────────────┼─────────────┼──────────┼───────────┼───────────────┤
│ SEQUENTIAL vs UUIDV4         │       +0.0% │   1.0000 │ Yes       │ n.s.          │
│ SEQUENTIAL vs UUIDV7         │       +0.0% │   1.0000 │ Yes       │ n.s.          │
│ SEQUENTIAL vs ULID           │       +0.0% │   1.0000 │ Yes       │ n.s.          │
│ SEQUENTIAL vs ULID_MONOTONIC │       +0.0% │   1.0000 │ Yes       │ n.s.          │
│ SEQUENTIAL vs UUIDV1         │       +0.0% │   1.0000 │ Yes       │ n.s.          │
└──────────────────────────────┴─────────────┴──────────┴───────────┴───────────────┘

Write Throughput (MB/s)
┌────────────────┬──────────┬──────────┬──────────┬──────────┬──────────┬─────────┐
│ Key Type       │ Median   │ Mean     │ StdDev   │ Min      │ Max      │ CV %    │
├────────────────┼──────────┼──────────┼──────────┼──────────┼──────────┼─────────┤
│ SEQUENTIAL     │      0.0 │      0.0 │      0.0 │      0.0 │      0.0 │    49.9 │
│ UUIDV4         │      0.0 │      0.0 │      0.0 │      0.0 │      0.0 │    70.7 │
│ UUIDV7         │      0.0 │      0.0 │      0.0 │      0.0 │      0.0 │     2.5 │
│ ULID           │      0.0 │      0.0 │      0.0 │      0.0 │      0.0 │    33.4 │
│ ULID_MONOTONIC │      0.0 │      0.0 │      0.0 │      0.0 │      0.0 │    26.3 │
│ UUIDV1         │      0.0 │      0.0 │      0.0 │      0.0 │      0.0 │    69.1 │
└────────────────┴──────────┴──────────┴──────────┴──────────┴──────────┴─────────┘

Statistical Comparisons (vs SEQUENTIAL):
┌──────────────────────────────┬─────────────┬──────────┬───────────┬───────────────┐
│ Comparison                   │ Median Diff │ p-value  │ Overlap?  │ Significant?  │
├──────────────────────────────┼─────────────┼──────────┼───────────┼───────────────┤
│ SEQUENTIAL vs UUIDV4         │      +68.9% │   0.2506 │ Yes       │ n.s.          │
│ SEQUENTIAL vs UUIDV7         │     +230.2% │   0.0090 │ No        │ No overlap    │
│ SEQUENTIAL vs ULID           │     +234.3% │   0.0163 │ Yes       │ * (p<0.05)    │
│ SEQUENTIAL vs ULID_MONOTONIC │     +238.2% │   0.0090 │ No        │ No overlap    │
│ SEQUENTIAL vs UUIDV1         │     +241.1% │   0.4647 │ Yes       │ n.s.          │
└──────────────────────────────┴─────────────┴──────────┴───────────┴───────────────┘

Exporting results to CSV...
  Statistical summary: /home/aaeirack/uuid-benchmark/results/cassandra_100k_read-performance_1conn.csv
  Raw runs data: /home/aaeirack/uuid-benchmark/results/cassandra_100k_read-performance_1conn_raw.csv

All scenarios completed successfully!
