Building workload binary for NoSQL databases...
Workload binary built: /tmp/uuid-workload-3159511083/workload
UUID Benchmark - Cassandra
======================================================================
Database:     Cassandra
Scenario:     update-performance
Records:      100000
Batch Size:   100
Runs:         5 (statistical mode)
Testing:      [sequential uuidv4 uuidv7 ulid ulid_monotonic uuidv1]
======================================================================


Testing SEQUENTIAL (5 runs)
----------------------------------------------------------------------
  Run 1/5... Starting fresh Cassandra container...
Waiting for Cassandra to initialize...
Container ready
Inserting 100000 records...
Inserted 100000 records
Running 100000 updates...
Completed 100000 updates in 3m4.516s
Update throughput: 541.96 ops/sec
Measuring metrics...

Cleaning up container...
Container stopped and removed
done
  Run 2/5... Starting fresh Cassandra container...
Waiting for Cassandra to initialize...
Container ready
Inserting 100000 records...
Inserted 100000 records
Running 100000 updates...
Completed 100000 updates in 2m59.489s
Update throughput: 557.13 ops/sec
Measuring metrics...

Cleaning up container...
Container stopped and removed
done
  Run 3/5... Starting fresh Cassandra container...
Waiting for Cassandra to initialize...
Container ready
Inserting 100000 records...
Inserted 100000 records
Running 100000 updates...
Completed 100000 updates in 2m57.78s
Update throughput: 562.49 ops/sec
Measuring metrics...

Cleaning up container...
Container stopped and removed
done
  Run 4/5... Starting fresh Cassandra container...
Waiting for Cassandra to initialize...
Container ready
Inserting 100000 records...
Inserted 100000 records
Running 100000 updates...
Completed 100000 updates in 2m57.947s
Update throughput: 561.96 ops/sec
Measuring metrics...

Cleaning up container...
Container stopped and removed
done
  Run 5/5... Starting fresh Cassandra container...
Waiting for Cassandra to initialize...
Container ready
Inserting 100000 records...
Inserted 100000 records
Running 100000 updates...
Completed 100000 updates in 3m3.311s
Update throughput: 545.52 ops/sec
Measuring metrics...

Cleaning up container...
Container stopped and removed
done

Testing UUIDV4 (5 runs)
----------------------------------------------------------------------
  Run 1/5... Starting fresh Cassandra container...
Waiting for Cassandra to initialize...
Container ready
Inserting 100000 records...
Inserted 100000 records
Running 100000 updates...
Completed 100000 updates in 3m2.251s
Update throughput: 548.69 ops/sec
Measuring metrics...

Cleaning up container...
Container stopped and removed
done
  Run 2/5... Starting fresh Cassandra container...
Waiting for Cassandra to initialize...
Container ready
Inserting 100000 records...
Inserted 100000 records
Running 100000 updates...
Completed 100000 updates in 3m3.926s
Update throughput: 543.70 ops/sec
Measuring metrics...

Cleaning up container...
Container stopped and removed
done
  Run 3/5... Starting fresh Cassandra container...
Waiting for Cassandra to initialize...
Container ready
Inserting 100000 records...
Inserted 100000 records
Running 100000 updates...
Completed 100000 updates in 3m1.41s
Update throughput: 551.24 ops/sec
Measuring metrics...

Cleaning up container...
Container stopped and removed
done
  Run 4/5... Starting fresh Cassandra container...
Waiting for Cassandra to initialize...
Container ready
Inserting 100000 records...
Inserted 100000 records
Running 100000 updates...
Completed 100000 updates in 3m0.34s
Update throughput: 554.51 ops/sec
Measuring metrics...

Cleaning up container...
Container stopped and removed
done
  Run 5/5... Starting fresh Cassandra container...
Waiting for Cassandra to initialize...
Container ready
Inserting 100000 records...
Inserted 100000 records
Running 100000 updates...
Completed 100000 updates in 3m1.592s
Update throughput: 550.68 ops/sec
Measuring metrics...

Cleaning up container...
Container stopped and removed
done

Testing UUIDV7 (5 runs)
----------------------------------------------------------------------
  Run 1/5... Starting fresh Cassandra container...
Waiting for Cassandra to initialize...
Container ready
Inserting 100000 records...
Inserted 100000 records
Running 100000 updates...
Completed 100000 updates in 2m58.673s
Update throughput: 559.68 ops/sec
Measuring metrics...

Cleaning up container...
Container stopped and removed
done
  Run 2/5... Starting fresh Cassandra container...
Waiting for Cassandra to initialize...
Container ready
Inserting 100000 records...
Inserted 100000 records
Running 100000 updates...
Completed 100000 updates in 3m3.11s
Update throughput: 546.12 ops/sec
Measuring metrics...

Cleaning up container...
Container stopped and removed
done
  Run 3/5... Starting fresh Cassandra container...
Waiting for Cassandra to initialize...
Container ready
Inserting 100000 records...
Inserted 100000 records
Running 100000 updates...
Completed 100000 updates in 2m58.599s
Update throughput: 559.91 ops/sec
Measuring metrics...

Cleaning up container...
Container stopped and removed
done
  Run 4/5... Starting fresh Cassandra container...
Waiting for Cassandra to initialize...
Container ready
Inserting 100000 records...
Inserted 100000 records
Running 100000 updates...
Completed 100000 updates in 3m0.887s
Update throughput: 552.83 ops/sec
Measuring metrics...

Cleaning up container...
Container stopped and removed
done
  Run 5/5... Starting fresh Cassandra container...
Waiting for Cassandra to initialize...
Container ready
Inserting 100000 records...
Inserted 100000 records
Running 100000 updates...
Completed 100000 updates in 3m3.006s
Update throughput: 546.43 ops/sec
Measuring metrics...

Cleaning up container...
Container stopped and removed
done

Testing ULID (5 runs)
----------------------------------------------------------------------
  Run 1/5... Starting fresh Cassandra container...
Waiting for Cassandra to initialize...
Container ready
Inserting 100000 records...
Inserted 100000 records
Running 100000 updates...
Completed 100000 updates in 3m2.252s
Update throughput: 548.69 ops/sec
Measuring metrics...

Cleaning up container...
Container stopped and removed
done
  Run 2/5... Starting fresh Cassandra container...
Waiting for Cassandra to initialize...
Container ready
Inserting 100000 records...
Inserted 100000 records
Running 100000 updates...
Completed 100000 updates in 3m3.275s
Update throughput: 545.63 ops/sec
Measuring metrics...

Cleaning up container...
Container stopped and removed
done
  Run 3/5... Starting fresh Cassandra container...
Waiting for Cassandra to initialize...
Container ready
Inserting 100000 records...
Inserted 100000 records
Running 100000 updates...
Completed 100000 updates in 3m1.261s
Update throughput: 551.69 ops/sec
Measuring metrics...

Cleaning up container...
Container stopped and removed
done
  Run 4/5... Starting fresh Cassandra container...
Waiting for Cassandra to initialize...
Container ready
Inserting 100000 records...
Inserted 100000 records
Running 100000 updates...
Completed 100000 updates in 3m2.547s
Update throughput: 547.80 ops/sec
Measuring metrics...

Cleaning up container...
Container stopped and removed
done
  Run 5/5... Starting fresh Cassandra container...
Waiting for Cassandra to initialize...
Container ready
Inserting 100000 records...
Inserted 100000 records
Running 100000 updates...
Completed 100000 updates in 3m1.529s
Update throughput: 550.88 ops/sec
Measuring metrics...

Cleaning up container...
Container stopped and removed
done

Testing ULID_MONOTONIC (5 runs)
----------------------------------------------------------------------
  Run 1/5... Starting fresh Cassandra container...
Waiting for Cassandra to initialize...
Container ready
Inserting 100000 records...
Inserted 100000 records
Running 100000 updates...
Completed 100000 updates in 3m3.583s
Update throughput: 544.71 ops/sec
Measuring metrics...

Cleaning up container...
Container stopped and removed
done
  Run 2/5... Starting fresh Cassandra container...
Waiting for Cassandra to initialize...
Container ready
Inserting 100000 records...
Inserted 100000 records
Running 100000 updates...
Completed 100000 updates in 3m2.207s
Update throughput: 548.83 ops/sec
Measuring metrics...

Cleaning up container...
Container stopped and removed
done
  Run 3/5... Starting fresh Cassandra container...
Waiting for Cassandra to initialize...
Container ready
Inserting 100000 records...
Inserted 100000 records
Running 100000 updates...
Completed 100000 updates in 3m1.546s
Update throughput: 550.82 ops/sec
Measuring metrics...

Cleaning up container...
Container stopped and removed
done
  Run 4/5... Starting fresh Cassandra container...
Waiting for Cassandra to initialize...
Container ready
Inserting 100000 records...
Inserted 100000 records
Running 100000 updates...
Completed 100000 updates in 3m2.005s
Update throughput: 549.43 ops/sec
Measuring metrics...

Cleaning up container...
Container stopped and removed
done
  Run 5/5... Starting fresh Cassandra container...
Waiting for Cassandra to initialize...
Container ready
Inserting 100000 records...
Inserted 100000 records
Running 100000 updates...
Completed 100000 updates in 3m1.634s
Update throughput: 550.56 ops/sec
Measuring metrics...

Cleaning up container...
Container stopped and removed
done

Testing UUIDV1 (5 runs)
----------------------------------------------------------------------
  Run 1/5... Starting fresh Cassandra container...
Waiting for Cassandra to initialize...
Container ready
Inserting 100000 records...
Inserted 100000 records
Running 100000 updates...
Completed 100000 updates in 3m5.609s
Update throughput: 538.77 ops/sec
Measuring metrics...

Cleaning up container...
Container stopped and removed
done
  Run 2/5... Starting fresh Cassandra container...
Waiting for Cassandra to initialize...
Container ready
Inserting 100000 records...
Inserted 100000 records
Running 100000 updates...
Completed 100000 updates in 2m56.576s
Update throughput: 566.33 ops/sec
Measuring metrics...

Cleaning up container...
Container stopped and removed
done
  Run 3/5... Starting fresh Cassandra container...
Waiting for Cassandra to initialize...
Container ready
Inserting 100000 records...
Inserted 100000 records
Running 100000 updates...
Completed 100000 updates in 2m59.892s
Update throughput: 555.89 ops/sec
Measuring metrics...

Cleaning up container...
Container stopped and removed
done
  Run 4/5... Starting fresh Cassandra container...
Waiting for Cassandra to initialize...
Container ready
Inserting 100000 records...
Inserted 100000 records
Running 100000 updates...
Completed 100000 updates in 2m58.753s
Update throughput: 559.43 ops/sec
Measuring metrics...

Cleaning up container...
Container stopped and removed
done
  Run 5/5... Starting fresh Cassandra container...
Waiting for Cassandra to initialize...
Container ready
Inserting 100000 records...
Inserted 100000 records
Running 100000 updates...
Completed 100000 updates in 3m0.281s
Update throughput: 554.69 ops/sec
Measuring metrics...

Cleaning up container...
Container stopped and removed
done

====================================================================================================
Update Performance - Statistical Summary (5 runs per UUID type)
====================================================================================================

Update Throughput (ops/sec)
┌────────────────┬──────────┬──────────┬──────────┬──────────┬──────────┬─────────┐
│ Key Type       │ Median   │ Mean     │ StdDev   │ Min      │ Max      │ CV %    │
├────────────────┼──────────┼──────────┼──────────┼──────────┼──────────┼─────────┤
│ SEQUENTIAL     │      557 │      554 │       10 │      542 │      562 │     1.7 │
│ UUIDV4         │      551 │      550 │        4 │      544 │      555 │     0.7 │
│ UUIDV7         │      553 │      553 │        7 │      546 │      560 │     1.2 │
│ ULID           │      549 │      549 │        2 │      546 │      552 │     0.4 │
│ ULID_MONOTONIC │      549 │      549 │        2 │      545 │      551 │     0.4 │
│ UUIDV1         │      556 │      555 │       10 │      539 │      566 │     1.8 │
└────────────────┴──────────┴──────────┴──────────┴──────────┴──────────┴─────────┘

Statistical Comparisons (vs SEQUENTIAL):
┌──────────────────────────────┬─────────────┬──────────┬───────────┬───────────────┐
│ Comparison                   │ Median Diff │ p-value  │ Overlap?  │ Significant?  │
├──────────────────────────────┼─────────────┼──────────┼───────────┼───────────────┤
│ SEQUENTIAL vs UUIDV4         │       -1.2% │   0.4647 │ Yes       │ n.s.          │
│ SEQUENTIAL vs UUIDV7         │       -0.8% │   0.9168 │ Yes       │ n.s.          │
│ SEQUENTIAL vs ULID           │       -1.5% │   0.6015 │ Yes       │ n.s.          │
│ SEQUENTIAL vs ULID_MONOTONIC │       -1.4% │   0.4647 │ Yes       │ n.s.          │
│ SEQUENTIAL vs UUIDV1         │       -0.2% │   0.9168 │ Yes       │ n.s.          │
└──────────────────────────────┴─────────────┴──────────┴───────────┴───────────────┘

Space Amplification (%)
┌────────────────┬──────────┬──────────┬──────────┬──────────┬──────────┬─────────┐
│ Key Type       │ Median   │ Mean     │ StdDev   │ Min      │ Max      │ CV %    │
├────────────────┼──────────┼──────────┼──────────┼──────────┼──────────┼─────────┤
│ SEQUENTIAL     │     0.00 │     0.00 │     0.00 │     0.00 │     0.00 │     0.0 │
│ UUIDV4         │     0.00 │     0.00 │     0.00 │     0.00 │     0.00 │     0.0 │
│ UUIDV7         │     0.00 │     0.00 │     0.00 │     0.00 │     0.00 │     0.0 │
│ ULID           │     0.00 │     0.00 │     0.00 │     0.00 │     0.00 │     0.0 │
│ ULID_MONOTONIC │     0.00 │     0.00 │     0.00 │     0.00 │     0.00 │     0.0 │
│ UUIDV1         │     0.00 │     0.00 │     0.00 │     0.00 │     0.00 │     0.0 │
└────────────────┴──────────┴──────────┴──────────┴──────────┴──────────┴─────────┘

Statistical Comparisons (vs SEQUENTIAL):
┌──────────────────────────────┬─────────────┬──────────┬───────────┬───────────────┐
│ Comparison                   │ Median Diff │ p-value  │ Overlap?  │ Significant?  │
├──────────────────────────────┼─────────────┼──────────┼───────────┼───────────────┤
│ SEQUENTIAL vs UUIDV4         │       +0.0% │   1.0000 │ Yes       │ n.s.          │
│ SEQUENTIAL vs UUIDV7         │       +0.0% │   1.0000 │ Yes       │ n.s.          │
│ SEQUENTIAL vs ULID           │       +0.0% │   1.0000 │ Yes       │ n.s.          │
│ SEQUENTIAL vs ULID_MONOTONIC │       +0.0% │   1.0000 │ Yes       │ n.s.          │
│ SEQUENTIAL vs UUIDV1         │       +0.0% │   1.0000 │ Yes       │ n.s.          │
└──────────────────────────────┴─────────────┴──────────┴───────────┴───────────────┘

Latency P50 (µs)
┌────────────────┬──────────┬──────────┬──────────┬──────────┬──────────┬─────────┐
│ Key Type       │ Median   │ Mean     │ StdDev   │ Min      │ Max      │ CV %    │
├────────────────┼──────────┼──────────┼──────────┼──────────┼──────────┼─────────┤
│ SEQUENTIAL     │     1798 │     1806 │       22 │     1783 │     1834 │     1.2 │
│ UUIDV4         │     1811 │     1814 │       12 │     1800 │     1832 │     0.6 │
│ UUIDV7         │     1807 │     1805 │       17 │     1782 │     1822 │     1.0 │
│ ULID           │     1818 │     1816 │        6 │     1810 │     1822 │     0.3 │
│ ULID_MONOTONIC │     1814 │     1816 │        7 │     1809 │     1827 │     0.4 │
│ UUIDV1         │     1800 │     1801 │       26 │     1767 │     1839 │     1.4 │
└────────────────┴──────────┴──────────┴──────────┴──────────┴──────────┴─────────┘

Statistical Comparisons (vs SEQUENTIAL):
┌──────────────────────────────┬─────────────┬──────────┬───────────┬───────────────┐
│ Comparison                   │ Median Diff │ p-value  │ Overlap?  │ Significant?  │
├──────────────────────────────┼─────────────┼──────────┼───────────┼───────────────┤
│ SEQUENTIAL vs UUIDV4         │       +0.7% │   0.4647 │ Yes       │ n.s.          │
│ SEQUENTIAL vs UUIDV7         │       +0.5% │   0.7540 │ Yes       │ n.s.          │
│ SEQUENTIAL vs ULID           │       +1.1% │   0.6015 │ Yes       │ n.s.          │
│ SEQUENTIAL vs ULID_MONOTONIC │       +0.9% │   0.4647 │ Yes       │ n.s.          │
│ SEQUENTIAL vs UUIDV1         │       +0.1% │   0.9168 │ Yes       │ n.s.          │
└──────────────────────────────┴─────────────┴──────────┴───────────┴───────────────┘

Latency P95 (µs)
┌────────────────┬──────────┬──────────┬──────────┬──────────┬──────────┬─────────┐
│ Key Type       │ Median   │ Mean     │ StdDev   │ Min      │ Max      │ CV %    │
├────────────────┼──────────┼──────────┼──────────┼──────────┼──────────┼─────────┤
│ SEQUENTIAL     │     1957 │     1963 │       16 │     1947 │     1982 │     0.8 │
│ UUIDV4         │     1981 │     1978 │       10 │     1963 │     1988 │     0.5 │
│ UUIDV7         │     1978 │     1976 │       11 │     1962 │     1987 │     0.5 │
│ ULID           │     1988 │     1988 │        7 │     1981 │     1999 │     0.4 │
│ ULID_MONOTONIC │     1994 │     1988 │       11 │     1971 │     1996 │     0.5 │
│ UUIDV1         │     1975 │     1973 │       14 │     1956 │     1994 │     0.7 │
└────────────────┴──────────┴──────────┴──────────┴──────────┴──────────┴─────────┘

Statistical Comparisons (vs SEQUENTIAL):
┌──────────────────────────────┬─────────────┬──────────┬───────────┬───────────────┐
│ Comparison                   │ Median Diff │ p-value  │ Overlap?  │ Significant?  │
├──────────────────────────────┼─────────────┼──────────┼───────────┼───────────────┤
│ SEQUENTIAL vs UUIDV4         │       +1.2% │   0.1172 │ Yes       │ n.s.          │
│ SEQUENTIAL vs UUIDV7         │       +1.1% │   0.1172 │ Yes       │ n.s.          │
│ SEQUENTIAL vs ULID           │       +1.6% │   0.0216 │ Yes       │ * (p<0.05)    │
│ SEQUENTIAL vs ULID_MONOTONIC │       +1.9% │   0.0283 │ Yes       │ * (p<0.05)    │
│ SEQUENTIAL vs UUIDV1         │       +0.9% │   0.4647 │ Yes       │ n.s.          │
└──────────────────────────────┴─────────────┴──────────┴───────────┴───────────────┘

Latency P99 (µs)
┌────────────────┬──────────┬──────────┬──────────┬──────────┬──────────┬─────────┐
│ Key Type       │ Median   │ Mean     │ StdDev   │ Min      │ Max      │ CV %    │
├────────────────┼──────────┼──────────┼──────────┼──────────┼──────────┼─────────┤
│ SEQUENTIAL     │     2123 │     2126 │       20 │     2102 │     2155 │     0.9 │
│ UUIDV4         │     2166 │     2167 │       24 │     2134 │     2202 │     1.1 │
│ UUIDV7         │     2142 │     2151 │       18 │     2135 │     2174 │     0.8 │
│ ULID           │     2172 │     2165 │       20 │     2134 │     2185 │     0.9 │
│ ULID_MONOTONIC │     2158 │     2161 │       19 │     2133 │     2183 │     0.9 │
│ UUIDV1         │     2140 │     2142 │        9 │     2132 │     2156 │     0.4 │
└────────────────┴──────────┴──────────┴──────────┴──────────┴──────────┴─────────┘

Statistical Comparisons (vs SEQUENTIAL):
┌──────────────────────────────┬─────────────┬──────────┬───────────┬───────────────┐
│ Comparison                   │ Median Diff │ p-value  │ Overlap?  │ Significant?  │
├──────────────────────────────┼─────────────┼──────────┼───────────┼───────────────┤
│ SEQUENTIAL vs UUIDV4         │       +2.0% │   0.0216 │ Yes       │ * (p<0.05)    │
│ SEQUENTIAL vs UUIDV7         │       +0.9% │   0.0472 │ Yes       │ * (p<0.05)    │
│ SEQUENTIAL vs ULID           │       +2.3% │   0.0283 │ Yes       │ * (p<0.05)    │
│ SEQUENTIAL vs ULID_MONOTONIC │       +1.6% │   0.0283 │ Yes       │ * (p<0.05)    │
│ SEQUENTIAL vs UUIDV1         │       +0.8% │   0.1172 │ Yes       │ n.s.          │
└──────────────────────────────┴─────────────┴──────────┴───────────┴───────────────┘

Read IOPS
┌────────────────┬──────────┬──────────┬──────────┬──────────┬──────────┬─────────┐
│ Key Type       │ Median   │ Mean     │ StdDev   │ Min      │ Max      │ CV %    │
├────────────────┼──────────┼──────────┼──────────┼──────────┼──────────┼─────────┤
│ SEQUENTIAL     │        0 │        0 │        0 │        0 │        0 │     0.0 │
│ UUIDV4         │        0 │        0 │        0 │        0 │        0 │     0.0 │
│ UUIDV7         │        0 │        0 │        0 │        0 │        0 │     0.0 │
│ ULID           │        0 │        0 │        0 │        0 │        0 │     0.0 │
│ ULID_MONOTONIC │        0 │        0 │        0 │        0 │        0 │     0.0 │
│ UUIDV1         │        0 │        0 │        0 │        0 │        0 │     0.0 │
└────────────────┴──────────┴──────────┴──────────┴──────────┴──────────┴─────────┘

Statistical Comparisons (vs SEQUENTIAL):
┌──────────────────────────────┬─────────────┬──────────┬───────────┬───────────────┐
│ Comparison                   │ Median Diff │ p-value  │ Overlap?  │ Significant?  │
├──────────────────────────────┼─────────────┼──────────┼───────────┼───────────────┤
│ SEQUENTIAL vs UUIDV4         │       +0.0% │   1.0000 │ Yes       │ n.s.          │
│ SEQUENTIAL vs UUIDV7         │       +0.0% │   1.0000 │ Yes       │ n.s.          │
│ SEQUENTIAL vs ULID           │       +0.0% │   1.0000 │ Yes       │ n.s.          │
│ SEQUENTIAL vs ULID_MONOTONIC │       +0.0% │   1.0000 │ Yes       │ n.s.          │
│ SEQUENTIAL vs UUIDV1         │       +0.0% │   1.0000 │ Yes       │ n.s.          │
└──────────────────────────────┴─────────────┴──────────┴───────────┴───────────────┘

Write IOPS
┌────────────────┬──────────┬──────────┬──────────┬──────────┬──────────┬─────────┐
│ Key Type       │ Median   │ Mean     │ StdDev   │ Min      │ Max      │ CV %    │
├────────────────┼──────────┼──────────┼──────────┼──────────┼──────────┼─────────┤
│ SEQUENTIAL     │        1 │        1 │        0 │        1 │        1 │     4.2 │
│ UUIDV4         │        1 │        1 │        0 │        1 │        2 │     8.6 │
│ UUIDV7         │        1 │        1 │        0 │        1 │        2 │    11.1 │
│ ULID           │        1 │        1 │        0 │        1 │        2 │     6.3 │
│ ULID_MONOTONIC │        2 │        1 │        0 │        1 │        2 │     4.4 │
│ UUIDV1         │        1 │        1 │        0 │        1 │        2 │     2.8 │
└────────────────┴──────────┴──────────┴──────────┴──────────┴──────────┴─────────┘

Statistical Comparisons (vs SEQUENTIAL):
┌──────────────────────────────┬─────────────┬──────────┬───────────┬───────────────┐
│ Comparison                   │ Median Diff │ p-value  │ Overlap?  │ Significant?  │
├──────────────────────────────┼─────────────┼──────────┼───────────┼───────────────┤
│ SEQUENTIAL vs UUIDV4         │       -1.4% │   0.7540 │ Yes       │ n.s.          │
│ SEQUENTIAL vs UUIDV7         │       +1.2% │   0.4647 │ Yes       │ n.s.          │
│ SEQUENTIAL vs ULID           │       -1.5% │   0.7540 │ Yes       │ n.s.          │
│ SEQUENTIAL vs ULID_MONOTONIC │       +3.5% │   0.0758 │ Yes       │ n.s.          │
│ SEQUENTIAL vs UUIDV1         │       +2.6% │   0.0758 │ Yes       │ n.s.          │
└──────────────────────────────┴─────────────┴──────────┴───────────┴───────────────┘

Read Throughput (MB/s)
┌────────────────┬──────────┬──────────┬──────────┬──────────┬──────────┬─────────┐
│ Key Type       │ Median   │ Mean     │ StdDev   │ Min      │ Max      │ CV %    │
├────────────────┼──────────┼──────────┼──────────┼──────────┼──────────┼─────────┤
│ SEQUENTIAL     │      0.0 │      0.0 │      0.0 │      0.0 │      0.0 │     0.0 │
│ UUIDV4         │      0.0 │      0.0 │      0.0 │      0.0 │      0.0 │     0.0 │
│ UUIDV7         │      0.0 │      0.0 │      0.0 │      0.0 │      0.0 │     0.0 │
│ ULID           │      0.0 │      0.0 │      0.0 │      0.0 │      0.0 │     0.0 │
│ ULID_MONOTONIC │      0.0 │      0.0 │      0.0 │      0.0 │      0.0 │     0.0 │
│ UUIDV1         │      0.0 │      0.0 │      0.0 │      0.0 │      0.0 │     0.0 │
└────────────────┴──────────┴──────────┴──────────┴──────────┴──────────┴─────────┘

Statistical Comparisons (vs SEQUENTIAL):
┌──────────────────────────────┬─────────────┬──────────┬───────────┬───────────────┐
│ Comparison                   │ Median Diff │ p-value  │ Overlap?  │ Significant?  │
├──────────────────────────────┼─────────────┼──────────┼───────────┼───────────────┤
│ SEQUENTIAL vs UUIDV4         │       +0.0% │   1.0000 │ Yes       │ n.s.          │
│ SEQUENTIAL vs UUIDV7         │       +0.0% │   1.0000 │ Yes       │ n.s.          │
│ SEQUENTIAL vs ULID           │       +0.0% │   1.0000 │ Yes       │ n.s.          │
│ SEQUENTIAL vs ULID_MONOTONIC │       +0.0% │   1.0000 │ Yes       │ n.s.          │
│ SEQUENTIAL vs UUIDV1         │       +0.0% │   1.0000 │ Yes       │ n.s.          │
└──────────────────────────────┴─────────────┴──────────┴───────────┴───────────────┘

Write Throughput (MB/s)
┌────────────────┬──────────┬──────────┬──────────┬──────────┬──────────┬─────────┐
│ Key Type       │ Median   │ Mean     │ StdDev   │ Min      │ Max      │ CV %    │
├────────────────┼──────────┼──────────┼──────────┼──────────┼──────────┼─────────┤
│ SEQUENTIAL     │      0.6 │      0.6 │      0.0 │      0.5 │      0.6 │     2.2 │
│ UUIDV4         │      0.6 │      0.6 │      0.0 │      0.6 │      0.6 │     0.7 │
│ UUIDV7         │      0.6 │      0.6 │      0.0 │      0.6 │      0.6 │     1.3 │
│ ULID           │      0.6 │      0.6 │      0.0 │      0.6 │      0.6 │     1.0 │
│ ULID_MONOTONIC │      0.6 │      0.6 │      0.0 │      0.6 │      0.6 │     0.4 │
│ UUIDV1         │      0.6 │      0.6 │      0.0 │      0.6 │      0.6 │     1.9 │
└────────────────┴──────────┴──────────┴──────────┴──────────┴──────────┴─────────┘

Statistical Comparisons (vs SEQUENTIAL):
┌──────────────────────────────┬─────────────┬──────────┬───────────┬───────────────┐
│ Comparison                   │ Median Diff │ p-value  │ Overlap?  │ Significant?  │
├──────────────────────────────┼─────────────┼──────────┼───────────┼───────────────┤
│ SEQUENTIAL vs UUIDV4         │       +2.2% │   0.0163 │ Yes       │ * (p<0.05)    │
│ SEQUENTIAL vs UUIDV7         │       +3.1% │   0.0163 │ Yes       │ * (p<0.05)    │
│ SEQUENTIAL vs ULID           │       +2.5% │   0.0163 │ Yes       │ * (p<0.05)    │
│ SEQUENTIAL vs ULID_MONOTONIC │       +2.8% │   0.0090 │ No        │ No overlap    │
│ SEQUENTIAL vs UUIDV1         │       +3.8% │   0.0163 │ Yes       │ * (p<0.05)    │
└──────────────────────────────┴─────────────┴──────────┴───────────┴───────────────┘

Exporting results to CSV...
  Statistical summary: /home/aaeirack/uuid-benchmark/results/cassandra_100k_update-performance_1conn.csv
  Raw runs data: /home/aaeirack/uuid-benchmark/results/cassandra_100k_update-performance_1conn_raw.csv

All scenarios completed successfully!
