Building workload binary for NoSQL databases...
Workload binary built: /tmp/uuid-workload-4247166834/workload
UUID Benchmark - Cassandra
======================================================================
Database:     Cassandra
Scenario:     read-performance
Records:      10000000
Batch Size:   100
Runs:         5 (statistical mode)
Testing:      [sequential uuidv4 uuidv7 ulid ulid_monotonic uuidv1]
======================================================================


Testing SEQUENTIAL (5 runs)
----------------------------------------------------------------------
  Run 1/5... Starting fresh Cassandra container...
Waiting for Cassandra to initialize...
Container ready
Inserting 10000000 records to create data...
Inserted 10000000 records in 7m1.775s
Measuring fragmentation...
SSTable count: 4
Running 500000 point lookups...
Completed 500000 reads in 15m41.799s
Read throughput: 530.90 ops/sec
Measuring cache hit ratios...

Cleaning up container...
Container stopped and removed
done
  Run 2/5... Starting fresh Cassandra container...
Waiting for Cassandra to initialize...
Container ready
Inserting 10000000 records to create data...
Inserted 10000000 records in 6m50.367s
Measuring fragmentation...
SSTable count: 4
Running 500000 point lookups...
Completed 500000 reads in 15m41.584s
Read throughput: 531.02 ops/sec
Measuring cache hit ratios...

Cleaning up container...
Container stopped and removed
done
  Run 3/5... Starting fresh Cassandra container...
Waiting for Cassandra to initialize...
Container ready
Inserting 10000000 records to create data...
Inserted 10000000 records in 6m51.219s
Measuring fragmentation...
SSTable count: 4
Running 500000 point lookups...
Completed 500000 reads in 15m55.355s
Read throughput: 523.37 ops/sec
Measuring cache hit ratios...

Cleaning up container...
Container stopped and removed
done
  Run 4/5... Starting fresh Cassandra container...
Waiting for Cassandra to initialize...
Container ready
Inserting 10000000 records to create data...
Inserted 10000000 records in 6m52.579s
Measuring fragmentation...
SSTable count: 4
Running 500000 point lookups...
Completed 500000 reads in 15m46.793s
Read throughput: 528.10 ops/sec
Measuring cache hit ratios...

Cleaning up container...
Container stopped and removed
done
  Run 5/5... Starting fresh Cassandra container...
Waiting for Cassandra to initialize...
Container ready
Inserting 10000000 records to create data...
Inserted 10000000 records in 6m53.742s
Measuring fragmentation...
SSTable count: 4
Running 500000 point lookups...
Completed 500000 reads in 15m24.555s
Read throughput: 540.80 ops/sec
Measuring cache hit ratios...

Cleaning up container...
Container stopped and removed
done

Testing UUIDV4 (5 runs)
----------------------------------------------------------------------
  Run 1/5... Starting fresh Cassandra container...
Waiting for Cassandra to initialize...
Container ready
Inserting 10000000 records to create data...
Inserted 10000000 records in 9m51.725s
Measuring fragmentation...
SSTable count: 4
Running 500000 point lookups...
Completed 500000 reads in 17m3.813s
Read throughput: 488.37 ops/sec
Measuring cache hit ratios...

Cleaning up container...
Container stopped and removed
done
  Run 2/5... Starting fresh Cassandra container...
Waiting for Cassandra to initialize...
Container ready
Inserting 10000000 records to create data...
Inserted 10000000 records in 9m43.924s
Measuring fragmentation...
SSTable count: 4
Running 500000 point lookups...
Completed 500000 reads in 16m57.143s
Read throughput: 491.57 ops/sec
Measuring cache hit ratios...

Cleaning up container...
Container stopped and removed
done
  Run 3/5... Starting fresh Cassandra container...
Waiting for Cassandra to initialize...
Container ready
Inserting 10000000 records to create data...
Inserted 10000000 records in 9m37.459s
Measuring fragmentation...
SSTable count: 4
Running 500000 point lookups...
Completed 500000 reads in 16m59.714s
Read throughput: 490.33 ops/sec
Measuring cache hit ratios...

Cleaning up container...
Container stopped and removed
done
  Run 4/5... Starting fresh Cassandra container...
Waiting for Cassandra to initialize...
Container ready
Inserting 10000000 records to create data...
Inserted 10000000 records in 9m59.695s
Measuring fragmentation...
SSTable count: 4
Running 500000 point lookups...
Completed 500000 reads in 16m34.829s
Read throughput: 502.60 ops/sec
Measuring cache hit ratios...

Cleaning up container...
Container stopped and removed
done
  Run 5/5... Starting fresh Cassandra container...
Waiting for Cassandra to initialize...
Container ready
Inserting 10000000 records to create data...
Inserted 10000000 records in 9m58.636s
Measuring fragmentation...
SSTable count: 4
Running 500000 point lookups...
Completed 500000 reads in 16m54.671s
Read throughput: 492.77 ops/sec
Measuring cache hit ratios...

Cleaning up container...
Container stopped and removed
done

Testing UUIDV7 (5 runs)
----------------------------------------------------------------------
  Run 1/5... Starting fresh Cassandra container...
Waiting for Cassandra to initialize...
Container ready
Inserting 10000000 records to create data...
Inserted 10000000 records in 7m18.765s
Measuring fragmentation...
SSTable count: 4
Running 500000 point lookups...
Completed 500000 reads in 15m50.928s
Read throughput: 525.80 ops/sec
Measuring cache hit ratios...

Cleaning up container...
Container stopped and removed
done
  Run 2/5... Starting fresh Cassandra container...
Waiting for Cassandra to initialize...
Container ready
Inserting 10000000 records to create data...
Inserted 10000000 records in 7m15.97s
Measuring fragmentation...
SSTable count: 4
Running 500000 point lookups...
Completed 500000 reads in 15m44.35s
Read throughput: 529.46 ops/sec
Measuring cache hit ratios...

Cleaning up container...
Container stopped and removed
done
  Run 3/5... Starting fresh Cassandra container...
Waiting for Cassandra to initialize...
Container ready
Inserting 10000000 records to create data...
Inserted 10000000 records in 7m39.255s
Measuring fragmentation...
SSTable count: 4
Running 500000 point lookups...
Completed 500000 reads in 15m30.521s
Read throughput: 537.33 ops/sec
Measuring cache hit ratios...

Cleaning up container...
Container stopped and removed
done
  Run 4/5... Starting fresh Cassandra container...
Waiting for Cassandra to initialize...
Container ready
Inserting 10000000 records to create data...
Inserted 10000000 records in 7m28.719s
Measuring fragmentation...
SSTable count: 4
Running 500000 point lookups...
Completed 500000 reads in 15m33.559s
Read throughput: 535.58 ops/sec
Measuring cache hit ratios...

Cleaning up container...
Container stopped and removed
done
  Run 5/5... Starting fresh Cassandra container...
Waiting for Cassandra to initialize...
Container ready
Inserting 10000000 records to create data...
Inserted 10000000 records in 7m27.576s
Measuring fragmentation...
SSTable count: 4
Running 500000 point lookups...
Completed 500000 reads in 15m41.916s
Read throughput: 530.83 ops/sec
Measuring cache hit ratios...

Cleaning up container...
Container stopped and removed
done

Testing ULID (5 runs)
----------------------------------------------------------------------
  Run 1/5... Starting fresh Cassandra container...
Waiting for Cassandra to initialize...
Container ready
Inserting 10000000 records to create data...
Inserted 10000000 records in 7m34.052s
Measuring fragmentation...
SSTable count: 4
Running 500000 point lookups...
Completed 500000 reads in 16m1.699s
Read throughput: 519.91 ops/sec
Measuring cache hit ratios...

Cleaning up container...
Container stopped and removed
done
  Run 2/5... Starting fresh Cassandra container...
Waiting for Cassandra to initialize...
Container ready
Inserting 10000000 records to create data...
Inserted 10000000 records in 7m22.861s
Measuring fragmentation...
SSTable count: 4
Running 500000 point lookups...
Completed 500000 reads in 15m50.679s
Read throughput: 525.94 ops/sec
Measuring cache hit ratios...

Cleaning up container...
Container stopped and removed
done
  Run 3/5... Starting fresh Cassandra container...
Waiting for Cassandra to initialize...
Container ready
Inserting 10000000 records to create data...
Inserted 10000000 records in 7m29.797s
Measuring fragmentation...
SSTable count: 4
Running 500000 point lookups...
Completed 500000 reads in 15m53.243s
Read throughput: 524.52 ops/sec
Measuring cache hit ratios...

Cleaning up container...
Container stopped and removed
done
  Run 4/5... Starting fresh Cassandra container...
Waiting for Cassandra to initialize...
Container ready
Inserting 10000000 records to create data...
Inserted 10000000 records in 7m45.119s
Measuring fragmentation...
SSTable count: 4
Running 500000 point lookups...
Completed 500000 reads in 15m53.046s
Read throughput: 524.63 ops/sec
Measuring cache hit ratios...

Cleaning up container...
Container stopped and removed
done
  Run 5/5... Starting fresh Cassandra container...
Waiting for Cassandra to initialize...
Container ready
Inserting 10000000 records to create data...
Inserted 10000000 records in 7m33.665s
Measuring fragmentation...
SSTable count: 4
Running 500000 point lookups...
Completed 500000 reads in 15m54.018s
Read throughput: 524.10 ops/sec
Measuring cache hit ratios...

Cleaning up container...
Container stopped and removed
done

Testing ULID_MONOTONIC (5 runs)
----------------------------------------------------------------------
  Run 1/5... Starting fresh Cassandra container...
Waiting for Cassandra to initialize...
Container ready
Inserting 10000000 records to create data...
Inserted 10000000 records in 7m11.181s
Measuring fragmentation...
SSTable count: 4
Running 500000 point lookups...
Completed 500000 reads in 16m2.584s
Read throughput: 519.43 ops/sec
Measuring cache hit ratios...

Cleaning up container...
Container stopped and removed
done
  Run 2/5... Starting fresh Cassandra container...
Waiting for Cassandra to initialize...
Container ready
Inserting 10000000 records to create data...
Inserted 10000000 records in 7m5.222s
Measuring fragmentation...
SSTable count: 4
Running 500000 point lookups...
Completed 500000 reads in 16m2.145s
Read throughput: 519.67 ops/sec
Measuring cache hit ratios...

Cleaning up container...
Container stopped and removed
done
  Run 3/5... Starting fresh Cassandra container...
Waiting for Cassandra to initialize...
Container ready
Inserting 10000000 records to create data...
Inserted 10000000 records in 7m0.083s
Measuring fragmentation...
SSTable count: 4
Running 500000 point lookups...
Completed 500000 reads in 15m52.927s
Read throughput: 524.70 ops/sec
Measuring cache hit ratios...

Cleaning up container...
Container stopped and removed
done
  Run 4/5... Starting fresh Cassandra container...
Waiting for Cassandra to initialize...
Container ready
Inserting 10000000 records to create data...
Inserted 10000000 records in 7m8.837s
Measuring fragmentation...
SSTable count: 4
Running 500000 point lookups...
Completed 500000 reads in 16m2.166s
Read throughput: 519.66 ops/sec
Measuring cache hit ratios...

Cleaning up container...
Container stopped and removed
done
  Run 5/5... Starting fresh Cassandra container...
Waiting for Cassandra to initialize...
Container ready
Inserting 10000000 records to create data...
Inserted 10000000 records in 7m17.163s
Measuring fragmentation...
SSTable count: 4
Running 500000 point lookups...
Completed 500000 reads in 15m49.421s
Read throughput: 526.64 ops/sec
Measuring cache hit ratios...

Cleaning up container...
Container stopped and removed
done

Testing UUIDV1 (5 runs)
----------------------------------------------------------------------
  Run 1/5... Starting fresh Cassandra container...
Waiting for Cassandra to initialize...
Container ready
Inserting 10000000 records to create data...
Inserted 10000000 records in 7m8.434s
Measuring fragmentation...
SSTable count: 4
Running 500000 point lookups...
Completed 500000 reads in 15m51.11s
Read throughput: 525.70 ops/sec
Measuring cache hit ratios...

Cleaning up container...
Container stopped and removed
done
  Run 2/5... Starting fresh Cassandra container...
Waiting for Cassandra to initialize...
Container ready
Inserting 10000000 records to create data...
Inserted 10000000 records in 7m1.928s
Measuring fragmentation...
SSTable count: 4
Running 500000 point lookups...
Completed 500000 reads in 15m24.081s
Read throughput: 541.08 ops/sec
Measuring cache hit ratios...

Cleaning up container...
Container stopped and removed
done
  Run 3/5... Starting fresh Cassandra container...
Waiting for Cassandra to initialize...
Container ready
Inserting 10000000 records to create data...
Inserted 10000000 records in 7m23.017s
Measuring fragmentation...
SSTable count: 4
Running 500000 point lookups...
Completed 500000 reads in 15m43.01s
Read throughput: 530.22 ops/sec
Measuring cache hit ratios...

Cleaning up container...
Container stopped and removed
done
  Run 4/5... Starting fresh Cassandra container...
Waiting for Cassandra to initialize...
Container ready
Inserting 10000000 records to create data...
Inserted 10000000 records in 6m48.968s
Measuring fragmentation...
SSTable count: 4
Running 500000 point lookups...
Completed 500000 reads in 15m42.407s
Read throughput: 530.56 ops/sec
Measuring cache hit ratios...

Cleaning up container...
Container stopped and removed
done
  Run 5/5... Starting fresh Cassandra container...
Waiting for Cassandra to initialize...
Container ready
Inserting 10000000 records to create data...
Inserted 10000000 records in 6m52.6s
Measuring fragmentation...
SSTable count: 4
Running 500000 point lookups...
Completed 500000 reads in 15m42.105s
Read throughput: 530.73 ops/sec
Measuring cache hit ratios...

Cleaning up container...
Container stopped and removed
done

====================================================================================================
Read Performance - Statistical Summary (5 runs per UUID type)
====================================================================================================

Read Throughput (ops/sec)
┌────────────────┬──────────┬──────────┬──────────┬──────────┬──────────┬─────────┐
│ Key Type       │ Median   │ Mean     │ StdDev   │ Min      │ Max      │ CV %    │
├────────────────┼──────────┼──────────┼──────────┼──────────┼──────────┼─────────┤
│ SEQUENTIAL     │      531 │      531 │        6 │      523 │      541 │     1.2 │
│ UUIDV4         │      492 │      493 │        6 │      488 │      503 │     1.1 │
│ UUIDV7         │      531 │      532 │        5 │      526 │      537 │     0.9 │
│ ULID           │      525 │      524 │        2 │      520 │      526 │     0.4 │
│ ULID_MONOTONIC │      520 │      522 │        3 │      519 │      527 │     0.7 │
│ UUIDV1         │      531 │      532 │        6 │      526 │      541 │     1.1 │
└────────────────┴──────────┴──────────┴──────────┴──────────┴──────────┴─────────┘

Statistical Comparisons (vs SEQUENTIAL):
┌──────────────────────────────┬─────────────┬──────────┬───────────┬───────────────┐
│ Comparison                   │ Median Diff │ p-value  │ Overlap?  │ Significant?  │
├──────────────────────────────┼─────────────┼──────────┼───────────┼───────────────┤
│ SEQUENTIAL vs UUIDV4         │       -7.4% │   0.0090 │ No        │ No overlap    │
│ SEQUENTIAL vs UUIDV7         │       -0.0% │   0.9168 │ Yes       │ n.s.          │
│ SEQUENTIAL vs ULID           │       -1.2% │   0.0758 │ Yes       │ n.s.          │
│ SEQUENTIAL vs ULID_MONOTONIC │       -2.1% │   0.0283 │ Yes       │ * (p<0.05)    │
│ SEQUENTIAL vs UUIDV1         │       -0.1% │   0.9168 │ Yes       │ n.s.          │
└──────────────────────────────┴─────────────┴──────────┴───────────┴───────────────┘

Bloom Filter FP (delta)
┌────────────────┬──────────┬──────────┬──────────┬──────────┬──────────┬─────────┐
│ Key Type       │ Median   │ Mean     │ StdDev   │ Min      │ Max      │ CV %    │
├────────────────┼──────────┼──────────┼──────────┼──────────┼──────────┼─────────┤
│ SEQUENTIAL     │        0 │        0 │        0 │        0 │        0 │     0.0 │
│ UUIDV4         │        0 │        0 │        0 │        0 │        0 │     0.0 │
│ UUIDV7         │        0 │        0 │        0 │        0 │        0 │     0.0 │
│ ULID           │        0 │        0 │        0 │        0 │        0 │     0.0 │
│ ULID_MONOTONIC │        0 │        0 │        0 │        0 │        0 │     0.0 │
│ UUIDV1         │        0 │        0 │        0 │        0 │        0 │     0.0 │
└────────────────┴──────────┴──────────┴──────────┴──────────┴──────────┴─────────┘

Statistical Comparisons (vs SEQUENTIAL):
┌──────────────────────────────┬─────────────┬──────────┬───────────┬───────────────┐
│ Comparison                   │ Median Diff │ p-value  │ Overlap?  │ Significant?  │
├──────────────────────────────┼─────────────┼──────────┼───────────┼───────────────┤
│ SEQUENTIAL vs UUIDV4         │       +0.0% │   1.0000 │ Yes       │ n.s.          │
│ SEQUENTIAL vs UUIDV7         │       +0.0% │   1.0000 │ Yes       │ n.s.          │
│ SEQUENTIAL vs ULID           │       +0.0% │   1.0000 │ Yes       │ n.s.          │
│ SEQUENTIAL vs ULID_MONOTONIC │       +0.0% │   1.0000 │ Yes       │ n.s.          │
│ SEQUENTIAL vs UUIDV1         │       +0.0% │   1.0000 │ Yes       │ n.s.          │
└──────────────────────────────┴─────────────┴──────────┴───────────┴───────────────┘

Space Amplification (%)
┌────────────────┬──────────┬──────────┬──────────┬──────────┬──────────┬─────────┐
│ Key Type       │ Median   │ Mean     │ StdDev   │ Min      │ Max      │ CV %    │
├────────────────┼──────────┼──────────┼──────────┼──────────┼──────────┼─────────┤
│ SEQUENTIAL     │     0.00 │     0.00 │     0.00 │     0.00 │     0.00 │     0.0 │
│ UUIDV4         │     0.00 │     0.00 │     0.00 │     0.00 │     0.00 │     0.0 │
│ UUIDV7         │     0.00 │     0.00 │     0.00 │     0.00 │     0.00 │     0.0 │
│ ULID           │     0.00 │     0.00 │     0.00 │     0.00 │     0.00 │     0.0 │
│ ULID_MONOTONIC │     0.00 │     0.00 │     0.00 │     0.00 │     0.00 │     0.0 │
│ UUIDV1         │     0.00 │     0.00 │     0.00 │     0.00 │     0.00 │     0.0 │
└────────────────┴──────────┴──────────┴──────────┴──────────┴──────────┴─────────┘

Statistical Comparisons (vs SEQUENTIAL):
┌──────────────────────────────┬─────────────┬──────────┬───────────┬───────────────┐
│ Comparison                   │ Median Diff │ p-value  │ Overlap?  │ Significant?  │
├──────────────────────────────┼─────────────┼──────────┼───────────┼───────────────┤
│ SEQUENTIAL vs UUIDV4         │       +0.0% │   1.0000 │ Yes       │ n.s.          │
│ SEQUENTIAL vs UUIDV7         │       +0.0% │   1.0000 │ Yes       │ n.s.          │
│ SEQUENTIAL vs ULID           │       +0.0% │   1.0000 │ Yes       │ n.s.          │
│ SEQUENTIAL vs ULID_MONOTONIC │       +0.0% │   1.0000 │ Yes       │ n.s.          │
│ SEQUENTIAL vs UUIDV1         │       +0.0% │   1.0000 │ Yes       │ n.s.          │
└──────────────────────────────┴─────────────┴──────────┴───────────┴───────────────┘

Cache Hit Ratio
┌────────────────┬──────────┬──────────┬──────────┬──────────┬──────────┬─────────┐
│ Key Type       │ Median   │ Mean     │ StdDev   │ Min      │ Max      │ CV %    │
├────────────────┼──────────┼──────────┼──────────┼──────────┼──────────┼─────────┤
│ SEQUENTIAL     │   1.0000 │   1.0000 │   0.0000 │   1.0000 │   1.0000 │     0.0 │
│ UUIDV4         │   1.0000 │   1.0000 │   0.0000 │   1.0000 │   1.0000 │     0.0 │
│ UUIDV7         │   1.0000 │   1.0000 │   0.0000 │   1.0000 │   1.0000 │     0.0 │
│ ULID           │   1.0000 │   1.0000 │   0.0000 │   1.0000 │   1.0000 │     0.0 │
│ ULID_MONOTONIC │   1.0000 │   1.0000 │   0.0000 │   1.0000 │   1.0000 │     0.0 │
│ UUIDV1         │   1.0000 │   1.0000 │   0.0000 │   1.0000 │   1.0000 │     0.0 │
└────────────────┴──────────┴──────────┴──────────┴──────────┴──────────┴─────────┘

Statistical Comparisons (vs SEQUENTIAL):
┌──────────────────────────────┬─────────────┬──────────┬───────────┬───────────────┐
│ Comparison                   │ Median Diff │ p-value  │ Overlap?  │ Significant?  │
├──────────────────────────────┼─────────────┼──────────┼───────────┼───────────────┤
│ SEQUENTIAL vs UUIDV4         │       +0.0% │   0.0090 │ No        │ No overlap    │
│ SEQUENTIAL vs UUIDV7         │       +0.0% │   1.0000 │ Yes       │ n.s.          │
│ SEQUENTIAL vs ULID           │       +0.0% │   1.0000 │ Yes       │ n.s.          │
│ SEQUENTIAL vs ULID_MONOTONIC │       +0.0% │   1.0000 │ Yes       │ n.s.          │
│ SEQUENTIAL vs UUIDV1         │       +0.0% │   1.0000 │ Yes       │ n.s.          │
└──────────────────────────────┴─────────────┴──────────┴───────────┴───────────────┘

Index Hit Ratio
┌────────────────┬──────────┬──────────┬──────────┬──────────┬──────────┬─────────┐
│ Key Type       │ Median   │ Mean     │ StdDev   │ Min      │ Max      │ CV %    │
├────────────────┼──────────┼──────────┼──────────┼──────────┼──────────┼─────────┤
│ SEQUENTIAL     │   1.0000 │   1.0000 │   0.0000 │   1.0000 │   1.0000 │     0.0 │
│ UUIDV4         │   1.0000 │   1.0000 │   0.0000 │   1.0000 │   1.0000 │     0.0 │
│ UUIDV7         │   1.0000 │   1.0000 │   0.0000 │   1.0000 │   1.0000 │     0.0 │
│ ULID           │   1.0000 │   1.0000 │   0.0000 │   1.0000 │   1.0000 │     0.0 │
│ ULID_MONOTONIC │   1.0000 │   1.0000 │   0.0000 │   1.0000 │   1.0000 │     0.0 │
│ UUIDV1         │   1.0000 │   1.0000 │   0.0000 │   1.0000 │   1.0000 │     0.0 │
└────────────────┴──────────┴──────────┴──────────┴──────────┴──────────┴─────────┘

Statistical Comparisons (vs SEQUENTIAL):
┌──────────────────────────────┬─────────────┬──────────┬───────────┬───────────────┐
│ Comparison                   │ Median Diff │ p-value  │ Overlap?  │ Significant?  │
├──────────────────────────────┼─────────────┼──────────┼───────────┼───────────────┤
│ SEQUENTIAL vs UUIDV4         │       +0.0% │   0.0090 │ No        │ No overlap    │
│ SEQUENTIAL vs UUIDV7         │       +0.0% │   1.0000 │ Yes       │ n.s.          │
│ SEQUENTIAL vs ULID           │       +0.0% │   1.0000 │ Yes       │ n.s.          │
│ SEQUENTIAL vs ULID_MONOTONIC │       +0.0% │   1.0000 │ Yes       │ n.s.          │
│ SEQUENTIAL vs UUIDV1         │       +0.0% │   1.0000 │ Yes       │ n.s.          │
└──────────────────────────────┴─────────────┴──────────┴───────────┴───────────────┘

Latency P50 (µs)
┌────────────────┬──────────┬──────────┬──────────┬──────────┬──────────┬─────────┐
│ Key Type       │ Median   │ Mean     │ StdDev   │ Min      │ Max      │ CV %    │
├────────────────┼──────────┼──────────┼──────────┼──────────┼──────────┼─────────┤
│ SEQUENTIAL     │     1896 │     1895 │       20 │     1865 │     1920 │     1.0 │
│ UUIDV4         │     2039 │     2031 │       22 │     1992 │     2047 │     1.1 │
│ UUIDV7         │     1891 │     1888 │       18 │     1868 │     1913 │     1.0 │
│ ULID           │     1901 │     1902 │        8 │     1892 │     1915 │     0.4 │
│ ULID_MONOTONIC │     1912 │     1907 │       12 │     1891 │     1919 │     0.6 │
│ UUIDV1         │     1893 │     1890 │       20 │     1859 │     1912 │     1.0 │
└────────────────┴──────────┴──────────┴──────────┴──────────┴──────────┴─────────┘

Statistical Comparisons (vs SEQUENTIAL):
┌──────────────────────────────┬─────────────┬──────────┬───────────┬───────────────┐
│ Comparison                   │ Median Diff │ p-value  │ Overlap?  │ Significant?  │
├──────────────────────────────┼─────────────┼──────────┼───────────┼───────────────┤
│ SEQUENTIAL vs UUIDV4         │       +7.5% │   0.0090 │ No        │ No overlap    │
│ SEQUENTIAL vs UUIDV7         │       -0.3% │   0.4647 │ Yes       │ n.s.          │
│ SEQUENTIAL vs ULID           │       +0.3% │   0.6761 │ Yes       │ n.s.          │
│ SEQUENTIAL vs ULID_MONOTONIC │       +0.8% │   0.4647 │ Yes       │ n.s.          │
│ SEQUENTIAL vs UUIDV1         │       -0.2% │   0.5309 │ Yes       │ n.s.          │
└──────────────────────────────┴─────────────┴──────────┴───────────┴───────────────┘

Latency P95 (µs)
┌────────────────┬──────────┬──────────┬──────────┬──────────┬──────────┬─────────┐
│ Key Type       │ Median   │ Mean     │ StdDev   │ Min      │ Max      │ CV %    │
├────────────────┼──────────┼──────────┼──────────┼──────────┼──────────┼─────────┤
│ SEQUENTIAL     │     2028 │     2026 │       12 │     2008 │     2041 │     0.6 │
│ UUIDV4         │     2218 │     2213 │       15 │     2188 │     2223 │     0.7 │
│ UUIDV7         │     2036 │     2028 │       17 │     2008 │     2046 │     0.9 │
│ ULID           │     2031 │     2031 │        7 │     2022 │     2041 │     0.3 │
│ ULID_MONOTONIC │     2040 │     2041 │        8 │     2032 │     2054 │     0.4 │
│ UUIDV1         │     2025 │     2022 │       12 │     2005 │     2035 │     0.6 │
└────────────────┴──────────┴──────────┴──────────┴──────────┴──────────┴─────────┘

Statistical Comparisons (vs SEQUENTIAL):
┌──────────────────────────────┬─────────────┬──────────┬───────────┬───────────────┐
│ Comparison                   │ Median Diff │ p-value  │ Overlap?  │ Significant?  │
├──────────────────────────────┼─────────────┼──────────┼───────────┼───────────────┤
│ SEQUENTIAL vs UUIDV4         │       +9.4% │   0.0090 │ No        │ No overlap    │
│ SEQUENTIAL vs UUIDV7         │       +0.4% │   0.6761 │ Yes       │ n.s.          │
│ SEQUENTIAL vs ULID           │       +0.1% │   0.2963 │ Yes       │ n.s.          │
│ SEQUENTIAL vs ULID_MONOTONIC │       +0.6% │   0.0472 │ Yes       │ * (p<0.05)    │
│ SEQUENTIAL vs UUIDV1         │       -0.1% │   0.7540 │ Yes       │ n.s.          │
└──────────────────────────────┴─────────────┴──────────┴───────────┴───────────────┘

Latency P99 (µs)
┌────────────────┬──────────┬──────────┬──────────┬──────────┬──────────┬─────────┐
│ Key Type       │ Median   │ Mean     │ StdDev   │ Min      │ Max      │ CV %    │
├────────────────┼──────────┼──────────┼──────────┼──────────┼──────────┼─────────┤
│ SEQUENTIAL     │     2144 │     2130 │       32 │     2082 │     2158 │     1.5 │
│ UUIDV4         │     2325 │     2328 │       10 │     2315 │     2340 │     0.4 │
│ UUIDV7         │     2140 │     2132 │       27 │     2093 │     2157 │     1.3 │
│ ULID           │     2139 │     2140 │        7 │     2133 │     2150 │     0.3 │
│ ULID_MONOTONIC │     2161 │     2162 │        2 │     2159 │     2164 │     0.1 │
│ UUIDV1         │     2116 │     2122 │       12 │     2115 │     2144 │     0.6 │
└────────────────┴──────────┴──────────┴──────────┴──────────┴──────────┴─────────┘

Statistical Comparisons (vs SEQUENTIAL):
┌──────────────────────────────┬─────────────┬──────────┬───────────┬───────────────┐
│ Comparison                   │ Median Diff │ p-value  │ Overlap?  │ Significant?  │
├──────────────────────────────┼─────────────┼──────────┼───────────┼───────────────┤
│ SEQUENTIAL vs UUIDV4         │       +8.4% │   0.0090 │ No        │ No overlap    │
│ SEQUENTIAL vs UUIDV7         │       -0.2% │   0.9168 │ Yes       │ n.s.          │
│ SEQUENTIAL vs ULID           │       -0.2% │   0.9168 │ Yes       │ n.s.          │
│ SEQUENTIAL vs ULID_MONOTONIC │       +0.8% │   0.0090 │ No        │ No overlap    │
│ SEQUENTIAL vs UUIDV1         │       -1.3% │   0.6761 │ Yes       │ n.s.          │
└──────────────────────────────┴─────────────┴──────────┴───────────┴───────────────┘

Read IOPS
┌────────────────┬──────────┬──────────┬──────────┬──────────┬──────────┬─────────┐
│ Key Type       │ Median   │ Mean     │ StdDev   │ Min      │ Max      │ CV %    │
├────────────────┼──────────┼──────────┼──────────┼──────────┼──────────┼─────────┤
│ SEQUENTIAL     │        0 │        0 │        0 │        0 │        0 │     0.0 │
│ UUIDV4         │        0 │        0 │        0 │        0 │        0 │     0.0 │
│ UUIDV7         │        0 │        0 │        0 │        0 │        0 │     0.0 │
│ ULID           │        0 │        0 │        0 │        0 │        0 │     0.0 │
│ ULID_MONOTONIC │        0 │        0 │        0 │        0 │        0 │     0.0 │
│ UUIDV1         │        0 │        0 │        0 │        0 │        0 │     0.0 │
└────────────────┴──────────┴──────────┴──────────┴──────────┴──────────┴─────────┘

Statistical Comparisons (vs SEQUENTIAL):
┌──────────────────────────────┬─────────────┬──────────┬───────────┬───────────────┐
│ Comparison                   │ Median Diff │ p-value  │ Overlap?  │ Significant?  │
├──────────────────────────────┼─────────────┼──────────┼───────────┼───────────────┤
│ SEQUENTIAL vs UUIDV4         │       +0.0% │   1.0000 │ Yes       │ n.s.          │
│ SEQUENTIAL vs UUIDV7         │       +0.0% │   1.0000 │ Yes       │ n.s.          │
│ SEQUENTIAL vs ULID           │       +0.0% │   1.0000 │ Yes       │ n.s.          │
│ SEQUENTIAL vs ULID_MONOTONIC │       +0.0% │   1.0000 │ Yes       │ n.s.          │
│ SEQUENTIAL vs UUIDV1         │       +0.0% │   1.0000 │ Yes       │ n.s.          │
└──────────────────────────────┴─────────────┴──────────┴───────────┴───────────────┘

Write IOPS
┌────────────────┬──────────┬──────────┬──────────┬──────────┬──────────┬─────────┐
│ Key Type       │ Median   │ Mean     │ StdDev   │ Min      │ Max      │ CV %    │
├────────────────┼──────────┼──────────┼──────────┼──────────┼──────────┼─────────┤
│ SEQUENTIAL     │        0 │        0 │        0 │        0 │        0 │     4.8 │
│ UUIDV4         │        0 │        0 │        0 │        0 │        0 │     2.2 │
│ UUIDV7         │        0 │        0 │        0 │        0 │        0 │     7.2 │
│ ULID           │        0 │        0 │        0 │        0 │        0 │     5.6 │
│ ULID_MONOTONIC │        0 │        0 │        0 │        0 │        0 │     8.5 │
│ UUIDV1         │        0 │        0 │        0 │        0 │        0 │     7.1 │
└────────────────┴──────────┴──────────┴──────────┴──────────┴──────────┴─────────┘

Statistical Comparisons (vs SEQUENTIAL):
┌──────────────────────────────┬─────────────┬──────────┬───────────┬───────────────┐
│ Comparison                   │ Median Diff │ p-value  │ Overlap?  │ Significant?  │
├──────────────────────────────┼─────────────┼──────────┼───────────┼───────────────┤
│ SEQUENTIAL vs UUIDV4         │       +5.4% │   0.0472 │ Yes       │ * (p<0.05)    │
│ SEQUENTIAL vs UUIDV7         │       +6.6% │   0.1745 │ Yes       │ n.s.          │
│ SEQUENTIAL vs ULID           │       -0.4% │   0.7540 │ Yes       │ n.s.          │
│ SEQUENTIAL vs ULID_MONOTONIC │       +3.8% │   0.6015 │ Yes       │ n.s.          │
│ SEQUENTIAL vs UUIDV1         │       +5.8% │   0.3472 │ Yes       │ n.s.          │
└──────────────────────────────┴─────────────┴──────────┴───────────┴───────────────┘

Read Throughput (MB/s)
┌────────────────┬──────────┬──────────┬──────────┬──────────┬──────────┬─────────┐
│ Key Type       │ Median   │ Mean     │ StdDev   │ Min      │ Max      │ CV %    │
├────────────────┼──────────┼──────────┼──────────┼──────────┼──────────┼─────────┤
│ SEQUENTIAL     │      0.0 │      0.0 │      0.0 │      0.0 │      0.0 │     0.0 │
│ UUIDV4         │      0.0 │      0.0 │      0.0 │      0.0 │      0.0 │     0.0 │
│ UUIDV7         │      0.0 │      0.0 │      0.0 │      0.0 │      0.0 │     0.0 │
│ ULID           │      0.0 │      0.0 │      0.0 │      0.0 │      0.0 │     0.0 │
│ ULID_MONOTONIC │      0.0 │      0.0 │      0.0 │      0.0 │      0.0 │     0.0 │
│ UUIDV1         │      0.0 │      0.0 │      0.0 │      0.0 │      0.0 │     0.0 │
└────────────────┴──────────┴──────────┴──────────┴──────────┴──────────┴─────────┘

Statistical Comparisons (vs SEQUENTIAL):
┌──────────────────────────────┬─────────────┬──────────┬───────────┬───────────────┐
│ Comparison                   │ Median Diff │ p-value  │ Overlap?  │ Significant?  │
├──────────────────────────────┼─────────────┼──────────┼───────────┼───────────────┤
│ SEQUENTIAL vs UUIDV4         │       +0.0% │   1.0000 │ Yes       │ n.s.          │
│ SEQUENTIAL vs UUIDV7         │       +0.0% │   1.0000 │ Yes       │ n.s.          │
│ SEQUENTIAL vs ULID           │       +0.0% │   1.0000 │ Yes       │ n.s.          │
│ SEQUENTIAL vs ULID_MONOTONIC │       +0.0% │   1.0000 │ Yes       │ n.s.          │
│ SEQUENTIAL vs UUIDV1         │       +0.0% │   1.0000 │ Yes       │ n.s.          │
└──────────────────────────────┴─────────────┴──────────┴───────────┴───────────────┘

Write Throughput (MB/s)
┌────────────────┬──────────┬──────────┬──────────┬──────────┬──────────┬─────────┐
│ Key Type       │ Median   │ Mean     │ StdDev   │ Min      │ Max      │ CV %    │
├────────────────┼──────────┼──────────┼──────────┼──────────┼──────────┼─────────┤
│ SEQUENTIAL     │      0.0 │      0.0 │      0.0 │      0.0 │      0.0 │    14.1 │
│ UUIDV4         │      0.0 │      0.0 │      0.0 │      0.0 │      0.0 │     2.8 │
│ UUIDV7         │      0.0 │      0.0 │      0.0 │      0.0 │      0.0 │    12.9 │
│ ULID           │      0.0 │      0.0 │      0.0 │      0.0 │      0.0 │     5.3 │
│ ULID_MONOTONIC │      0.0 │      0.0 │      0.0 │      0.0 │      0.0 │     4.4 │
│ UUIDV1         │      0.0 │      0.0 │      0.0 │      0.0 │      0.0 │     2.4 │
└────────────────┴──────────┴──────────┴──────────┴──────────┴──────────┴─────────┘

Statistical Comparisons (vs SEQUENTIAL):
┌──────────────────────────────┬─────────────┬──────────┬───────────┬───────────────┐
│ Comparison                   │ Median Diff │ p-value  │ Overlap?  │ Significant?  │
├──────────────────────────────┼─────────────┼──────────┼───────────┼───────────────┤
│ SEQUENTIAL vs UUIDV4         │       -8.3% │   0.1172 │ Yes       │ n.s.          │
│ SEQUENTIAL vs UUIDV7         │       -6.6% │   0.4647 │ Yes       │ n.s.          │
│ SEQUENTIAL vs ULID           │       -6.2% │   0.2506 │ Yes       │ n.s.          │
│ SEQUENTIAL vs ULID_MONOTONIC │       -8.5% │   0.1172 │ Yes       │ n.s.          │
│ SEQUENTIAL vs UUIDV1         │       -9.5% │   0.1172 │ Yes       │ n.s.          │
└──────────────────────────────┴─────────────┴──────────┴───────────┴───────────────┘

Exporting results to CSV...
  Statistical summary: /home/aaeirack/uuid-benchmark/results/cassandra_10m_read-performance_1conn.csv
  Raw runs data: /home/aaeirack/uuid-benchmark/results/cassandra_10m_read-performance_1conn_raw.csv

All scenarios completed successfully!
