Building workload binary for NoSQL databases...
Workload binary built: /tmp/uuid-workload-1784121342/workload
UUID Benchmark - MongoDB
======================================================================
Database:     MongoDB
Scenario:     update-performance
Records:      100000
Batch Size:   100
Runs:         5 (statistical mode)
Testing:      [sequential uuidv4 uuidv7 ulid ulid_monotonic uuidv1 objectid]
======================================================================


Testing SEQUENTIAL (5 runs)
----------------------------------------------------------------------
  Run 1/5... Starting fresh MongoDB container...
Waiting for MongoDB to initialize...
Container ready
Inserting 100000 records...
Inserted 100000 records
Running 100000 updates...
Completed 100000 updates in 36.368s
Update throughput: 2749.62 ops/sec
Measuring fragmentation...

Cleaning up container...
Container stopped and removed
done
  Run 2/5... Starting fresh MongoDB container...
Waiting for MongoDB to initialize...
Container ready
Inserting 100000 records...
Inserted 100000 records
Running 100000 updates...
Completed 100000 updates in 37.062s
Update throughput: 2698.15 ops/sec
Measuring fragmentation...

Cleaning up container...
Container stopped and removed
done
  Run 3/5... Starting fresh MongoDB container...
Waiting for MongoDB to initialize...
Container ready
Inserting 100000 records...
Inserted 100000 records
Running 100000 updates...
Completed 100000 updates in 32.509s
Update throughput: 3075.98 ops/sec
Measuring fragmentation...

Cleaning up container...
Container stopped and removed
done
  Run 4/5... Starting fresh MongoDB container...
Waiting for MongoDB to initialize...
Container ready
Inserting 100000 records...
Inserted 100000 records
Running 100000 updates...
Completed 100000 updates in 37.949s
Update throughput: 2635.08 ops/sec
Measuring fragmentation...

Cleaning up container...
Container stopped and removed
done
  Run 5/5... Starting fresh MongoDB container...
Waiting for MongoDB to initialize...
Container ready
Inserting 100000 records...
Inserted 100000 records
Running 100000 updates...
Completed 100000 updates in 34.863s
Update throughput: 2868.29 ops/sec
Measuring fragmentation...

Cleaning up container...
Container stopped and removed
done

Testing UUIDV4 (5 runs)
----------------------------------------------------------------------
  Run 1/5... Starting fresh MongoDB container...
Waiting for MongoDB to initialize...
Container ready
Inserting 100000 records...
Inserted 100000 records
Running 100000 updates...
Completed 100000 updates in 40.377s
Update throughput: 2476.62 ops/sec
Measuring fragmentation...

Cleaning up container...
Container stopped and removed
done
  Run 2/5... Starting fresh MongoDB container...
Waiting for MongoDB to initialize...
Container ready
Inserting 100000 records...
Inserted 100000 records
Running 100000 updates...
Completed 100000 updates in 38.067s
Update throughput: 2626.94 ops/sec
Measuring fragmentation...

Cleaning up container...
Container stopped and removed
done
  Run 3/5... Starting fresh MongoDB container...
Waiting for MongoDB to initialize...
Container ready
Inserting 100000 records...
Inserted 100000 records
Running 100000 updates...
Completed 100000 updates in 39.549s
Update throughput: 2528.47 ops/sec
Measuring fragmentation...

Cleaning up container...
Container stopped and removed
done
  Run 4/5... Starting fresh MongoDB container...
Waiting for MongoDB to initialize...
Container ready
Inserting 100000 records...
Inserted 100000 records
Running 100000 updates...
Completed 100000 updates in 37.757s
Update throughput: 2648.48 ops/sec
Measuring fragmentation...

Cleaning up container...
Container stopped and removed
done
  Run 5/5... Starting fresh MongoDB container...
Waiting for MongoDB to initialize...
Container ready
Inserting 100000 records...
Inserted 100000 records
Running 100000 updates...
Completed 100000 updates in 39.133s
Update throughput: 2555.37 ops/sec
Measuring fragmentation...

Cleaning up container...
Container stopped and removed
done

Testing UUIDV7 (5 runs)
----------------------------------------------------------------------
  Run 1/5... Starting fresh MongoDB container...
Waiting for MongoDB to initialize...
Container ready
Inserting 100000 records...
Inserted 100000 records
Running 100000 updates...
Completed 100000 updates in 38.744s
Update throughput: 2581.02 ops/sec
Measuring fragmentation...

Cleaning up container...
Container stopped and removed
done
  Run 2/5... Starting fresh MongoDB container...
Waiting for MongoDB to initialize...
Container ready
Inserting 100000 records...
Inserted 100000 records
Running 100000 updates...
Completed 100000 updates in 40.141s
Update throughput: 2491.19 ops/sec
Measuring fragmentation...

Cleaning up container...
Container stopped and removed
done
  Run 3/5... Starting fresh MongoDB container...
Waiting for MongoDB to initialize...
Container ready
Inserting 100000 records...
Inserted 100000 records
Running 100000 updates...
Completed 100000 updates in 39.126s
Update throughput: 2555.82 ops/sec
Measuring fragmentation...

Cleaning up container...
Container stopped and removed
done
  Run 4/5... Starting fresh MongoDB container...
Waiting for MongoDB to initialize...
Container ready
Inserting 100000 records...
Inserted 100000 records
Running 100000 updates...
Completed 100000 updates in 39.048s
Update throughput: 2560.93 ops/sec
Measuring fragmentation...

Cleaning up container...
Container stopped and removed
done
  Run 5/5... Starting fresh MongoDB container...
Waiting for MongoDB to initialize...
Container ready
Inserting 100000 records...
Inserted 100000 records
Running 100000 updates...
Completed 100000 updates in 39.571s
Update throughput: 2527.04 ops/sec
Measuring fragmentation...

Cleaning up container...
Container stopped and removed
done

Testing ULID (5 runs)
----------------------------------------------------------------------
  Run 1/5... Starting fresh MongoDB container...
Waiting for MongoDB to initialize...
Container ready
Inserting 100000 records...
Inserted 100000 records
Running 100000 updates...
Completed 100000 updates in 39.657s
Update throughput: 2521.59 ops/sec
Measuring fragmentation...

Cleaning up container...
Container stopped and removed
done
  Run 2/5... Starting fresh MongoDB container...
Waiting for MongoDB to initialize...
Container ready
Inserting 100000 records...
Inserted 100000 records
Running 100000 updates...
Completed 100000 updates in 38.369s
Update throughput: 2606.26 ops/sec
Measuring fragmentation...

Cleaning up container...
Container stopped and removed
done
  Run 3/5... Starting fresh MongoDB container...
Waiting for MongoDB to initialize...
Container ready
Inserting 100000 records...
Inserted 100000 records
Running 100000 updates...
Completed 100000 updates in 38.395s
Update throughput: 2604.49 ops/sec
Measuring fragmentation...

Cleaning up container...
Container stopped and removed
done
  Run 4/5... Starting fresh MongoDB container...
Waiting for MongoDB to initialize...
Container ready
Inserting 100000 records...
Inserted 100000 records
Running 100000 updates...
Completed 100000 updates in 39.43s
Update throughput: 2536.09 ops/sec
Measuring fragmentation...

Cleaning up container...
Container stopped and removed
done
  Run 5/5... Starting fresh MongoDB container...
Waiting for MongoDB to initialize...
Container ready
Inserting 100000 records...
Inserted 100000 records
Running 100000 updates...
Completed 100000 updates in 39.872s
Update throughput: 2508.02 ops/sec
Measuring fragmentation...

Cleaning up container...
Container stopped and removed
done

Testing ULID_MONOTONIC (5 runs)
----------------------------------------------------------------------
  Run 1/5... Starting fresh MongoDB container...
Waiting for MongoDB to initialize...
Container ready
Inserting 100000 records...
Inserted 100000 records
Running 100000 updates...
Completed 100000 updates in 39.455s
Update throughput: 2534.49 ops/sec
Measuring fragmentation...

Cleaning up container...
Container stopped and removed
done
  Run 2/5... Starting fresh MongoDB container...
Waiting for MongoDB to initialize...
Container ready
Inserting 100000 records...
Inserted 100000 records
Running 100000 updates...
Completed 100000 updates in 38.643s
Update throughput: 2587.77 ops/sec
Measuring fragmentation...

Cleaning up container...
Container stopped and removed
done
  Run 3/5... Starting fresh MongoDB container...
Waiting for MongoDB to initialize...
Container ready
Inserting 100000 records...
Inserted 100000 records
Running 100000 updates...
Completed 100000 updates in 40.167s
Update throughput: 2489.58 ops/sec
Measuring fragmentation...

Cleaning up container...
Container stopped and removed
done
  Run 4/5... Starting fresh MongoDB container...
Waiting for MongoDB to initialize...
Container ready
Inserting 100000 records...
Inserted 100000 records
Running 100000 updates...
Completed 100000 updates in 38.457s
Update throughput: 2600.24 ops/sec
Measuring fragmentation...

Cleaning up container...
Container stopped and removed
done
  Run 5/5... Starting fresh MongoDB container...
Waiting for MongoDB to initialize...
Container ready
Inserting 100000 records...
Inserted 100000 records
Running 100000 updates...
Completed 100000 updates in 39.383s
Update throughput: 2539.12 ops/sec
Measuring fragmentation...

Cleaning up container...
Container stopped and removed
done

Testing UUIDV1 (5 runs)
----------------------------------------------------------------------
  Run 1/5... Starting fresh MongoDB container...
Waiting for MongoDB to initialize...
Container ready
Inserting 100000 records...
Inserted 100000 records
Running 100000 updates...
Completed 100000 updates in 39.717s
Update throughput: 2517.79 ops/sec
Measuring fragmentation...

Cleaning up container...
Container stopped and removed
done
  Run 2/5... Starting fresh MongoDB container...
Waiting for MongoDB to initialize...
Container ready
Inserting 100000 records...
Inserted 100000 records
Running 100000 updates...
Completed 100000 updates in 37.276s
Update throughput: 2682.68 ops/sec
Measuring fragmentation...

Cleaning up container...
Container stopped and removed
done
  Run 3/5... Starting fresh MongoDB container...
Waiting for MongoDB to initialize...
Container ready
Inserting 100000 records...
Inserted 100000 records
Running 100000 updates...
Completed 100000 updates in 38.897s
Update throughput: 2570.85 ops/sec
Measuring fragmentation...

Cleaning up container...
Container stopped and removed
done
  Run 4/5... Starting fresh MongoDB container...
Waiting for MongoDB to initialize...
Container ready
Inserting 100000 records...
Inserted 100000 records
Running 100000 updates...
Completed 100000 updates in 40.124s
Update throughput: 2492.23 ops/sec
Measuring fragmentation...

Cleaning up container...
Container stopped and removed
done
  Run 5/5... Starting fresh MongoDB container...
Waiting for MongoDB to initialize...
Container ready
Inserting 100000 records...
Inserted 100000 records
Running 100000 updates...
Completed 100000 updates in 40.256s
Update throughput: 2484.08 ops/sec
Measuring fragmentation...

Cleaning up container...
Container stopped and removed
done

Testing OBJECTID (5 runs)
----------------------------------------------------------------------
  Run 1/5... Starting fresh MongoDB container...
Waiting for MongoDB to initialize...
Container ready
Inserting 100000 records...
Inserted 100000 records
Running 100000 updates...
Completed 100000 updates in 36.048s
Update throughput: 2774.03 ops/sec
Measuring fragmentation...

Cleaning up container...
Container stopped and removed
done
  Run 2/5... Starting fresh MongoDB container...
Waiting for MongoDB to initialize...
Container ready
Inserting 100000 records...
Inserted 100000 records
Running 100000 updates...
Completed 100000 updates in 35.399s
Update throughput: 2824.90 ops/sec
Measuring fragmentation...

Cleaning up container...
Container stopped and removed
done
  Run 3/5... Starting fresh MongoDB container...
Waiting for MongoDB to initialize...
Container ready
Inserting 100000 records...
Inserted 100000 records
Running 100000 updates...
Completed 100000 updates in 38.059s
Update throughput: 2627.45 ops/sec
Measuring fragmentation...

Cleaning up container...
Container stopped and removed
done
  Run 4/5... Starting fresh MongoDB container...
Waiting for MongoDB to initialize...
Container ready
Inserting 100000 records...
Inserted 100000 records
Running 100000 updates...
Completed 100000 updates in 36.029s
Update throughput: 2775.51 ops/sec
Measuring fragmentation...

Cleaning up container...
Container stopped and removed
done
  Run 5/5... Starting fresh MongoDB container...
Waiting for MongoDB to initialize...
Container ready
Inserting 100000 records...
Inserted 100000 records
Running 100000 updates...
Completed 100000 updates in 35.329s
Update throughput: 2830.53 ops/sec
Measuring fragmentation...

Cleaning up container...
Container stopped and removed
done

====================================================================================================
Update Performance - Statistical Summary (5 runs per UUID type)
====================================================================================================

Update Throughput (ops/sec)
┌────────────────┬──────────┬──────────┬──────────┬──────────┬──────────┬─────────┐
│ Key Type       │ Median   │ Mean     │ StdDev   │ Min      │ Max      │ CV %    │
├────────────────┼──────────┼──────────┼──────────┼──────────┼──────────┼─────────┤
│ SEQUENTIAL     │     2750 │     2805 │      174 │     2635 │     3076 │     6.2 │
│ UUIDV4         │     2555 │     2567 │       71 │     2477 │     2648 │     2.8 │
│ UUIDV7         │     2556 │     2543 │       35 │     2491 │     2581 │     1.4 │
│ ULID           │     2536 │     2555 │       47 │     2508 │     2606 │     1.8 │
│ ULID_MONOTONIC │     2539 │     2550 │       45 │     2490 │     2600 │     1.7 │
│ UUIDV1         │     2518 │     2550 │       82 │     2484 │     2683 │     3.2 │
│ OBJECTID       │     2776 │     2766 │       82 │     2627 │     2831 │     3.0 │
└────────────────┴──────────┴──────────┴──────────┴──────────┴──────────┴─────────┘

Statistical Comparisons (vs SEQUENTIAL):
┌──────────────────────────────┬─────────────┬──────────┬───────────┬───────────────┐
│ Comparison                   │ Median Diff │ p-value  │ Overlap?  │ Significant?  │
├──────────────────────────────┼─────────────┼──────────┼───────────┼───────────────┤
│ SEQUENTIAL vs UUIDV4         │       -7.1% │   0.0163 │ Yes       │ * (p<0.05)    │
│ SEQUENTIAL vs UUIDV7         │       -7.0% │   0.0090 │ No        │ No overlap    │
│ SEQUENTIAL vs ULID           │       -7.8% │   0.0090 │ No        │ No overlap    │
│ SEQUENTIAL vs ULID_MONOTONIC │       -7.7% │   0.0090 │ No        │ No overlap    │
│ SEQUENTIAL vs UUIDV1         │       -8.4% │   0.0163 │ Yes       │ * (p<0.05)    │
│ SEQUENTIAL vs OBJECTID       │       +0.9% │   0.9168 │ Yes       │ n.s.          │
└──────────────────────────────┴─────────────┴──────────┴───────────┴───────────────┘

Fragmentation (%)
┌────────────────┬──────────┬──────────┬──────────┬──────────┬──────────┬─────────┐
│ Key Type       │ Median   │ Mean     │ StdDev   │ Min      │ Max      │ CV %    │
├────────────────┼──────────┼──────────┼──────────┼──────────┼──────────┼─────────┤
│ SEQUENTIAL     │     0.00 │     0.00 │     0.00 │     0.00 │     0.00 │     0.0 │
│ UUIDV4         │     0.04 │     0.05 │     0.04 │     0.00 │     0.11 │    81.4 │
│ UUIDV7         │     0.04 │     0.06 │     0.07 │     0.00 │     0.15 │   113.5 │
│ ULID           │     0.00 │     0.01 │     0.02 │     0.00 │     0.04 │   136.9 │
│ ULID_MONOTONIC │     0.00 │     0.02 │     0.03 │     0.00 │     0.07 │   149.0 │
│ UUIDV1         │     0.00 │     0.03 │     0.05 │     0.00 │     0.11 │   163.0 │
│ OBJECTID       │     0.00 │     0.02 │     0.05 │     0.00 │     0.11 │   223.6 │
└────────────────┴──────────┴──────────┴──────────┴──────────┴──────────┴─────────┘

Statistical Comparisons (vs SEQUENTIAL):
┌──────────────────────────────┬─────────────┬──────────┬───────────┬───────────────┐
│ Comparison                   │ Median Diff │ p-value  │ Overlap?  │ Significant?  │
├──────────────────────────────┼─────────────┼──────────┼───────────┼───────────────┤
│ SEQUENTIAL vs UUIDV4         │       +0.0% │   0.0367 │ Yes       │ * (p<0.05)    │
│ SEQUENTIAL vs UUIDV7         │       +0.0% │   0.1172 │ Yes       │ n.s.          │
│ SEQUENTIAL vs ULID           │       +0.0% │   0.2963 │ Yes       │ n.s.          │
│ SEQUENTIAL vs ULID_MONOTONIC │       +0.0% │   0.2963 │ Yes       │ n.s.          │
│ SEQUENTIAL vs UUIDV1         │       +0.0% │   0.2963 │ Yes       │ n.s.          │
│ SEQUENTIAL vs OBJECTID       │       +0.0% │   0.6015 │ Yes       │ n.s.          │
└──────────────────────────────┴─────────────┴──────────┴───────────┴───────────────┘

Latency P50 (µs)
┌────────────────┬──────────┬──────────┬──────────┬──────────┬──────────┬─────────┐
│ Key Type       │ Median   │ Mean     │ StdDev   │ Min      │ Max      │ CV %    │
├────────────────┼──────────┼──────────┼──────────┼──────────┼──────────┼─────────┤
│ SEQUENTIAL     │      355 │      352 │       11 │      333 │      362 │     3.2 │
│ UUIDV4         │      369 │      370 │        5 │      364 │      376 │     1.3 │
│ UUIDV7         │      368 │      370 │        3 │      367 │      374 │     0.8 │
│ ULID           │      371 │      370 │        4 │      366 │      373 │     1.0 │
│ ULID_MONOTONIC │      371 │      370 │        4 │      364 │      373 │     1.0 │
│ UUIDV1         │      373 │      370 │        5 │      362 │      374 │     1.4 │
│ OBJECTID       │      355 │      357 │        5 │      353 │      365 │     1.3 │
└────────────────┴──────────┴──────────┴──────────┴──────────┴──────────┴─────────┘

Statistical Comparisons (vs SEQUENTIAL):
┌──────────────────────────────┬─────────────┬──────────┬───────────┬───────────────┐
│ Comparison                   │ Median Diff │ p-value  │ Overlap?  │ Significant?  │
├──────────────────────────────┼─────────────┼──────────┼───────────┼───────────────┤
│ SEQUENTIAL vs UUIDV4         │       +3.9% │   0.0090 │ No        │ No overlap    │
│ SEQUENTIAL vs UUIDV7         │       +3.7% │   0.0090 │ No        │ No overlap    │
│ SEQUENTIAL vs ULID           │       +4.5% │   0.0090 │ No        │ No overlap    │
│ SEQUENTIAL vs ULID_MONOTONIC │       +4.5% │   0.0090 │ No        │ No overlap    │
│ SEQUENTIAL vs UUIDV1         │       +5.1% │   0.0122 │ Yes       │ * (p<0.05)    │
│ SEQUENTIAL vs OBJECTID       │       +0.0% │   0.5309 │ Yes       │ n.s.          │
└──────────────────────────────┴─────────────┴──────────┴───────────┴───────────────┘

Latency P95 (µs)
┌────────────────┬──────────┬──────────┬──────────┬──────────┬──────────┬─────────┐
│ Key Type       │ Median   │ Mean     │ StdDev   │ Min      │ Max      │ CV %    │
├────────────────┼──────────┼──────────┼──────────┼──────────┼──────────┼─────────┤
│ SEQUENTIAL     │      497 │      494 │       11 │      477 │      505 │     2.1 │
│ UUIDV4         │      535 │      540 │       16 │      521 │      561 │     3.0 │
│ UUIDV7         │      535 │      541 │       11 │      534 │      559 │     2.0 │
│ ULID           │      545 │      548 │       23 │      528 │      584 │     4.1 │
│ ULID_MONOTONIC │      547 │      546 │        9 │      535 │      555 │     1.6 │
│ UUIDV1         │      554 │      551 │       23 │      516 │      578 │     4.2 │
│ OBJECTID       │      496 │      497 │        3 │      494 │      502 │     0.6 │
└────────────────┴──────────┴──────────┴──────────┴──────────┴──────────┴─────────┘

Statistical Comparisons (vs SEQUENTIAL):
┌──────────────────────────────┬─────────────┬──────────┬───────────┬───────────────┐
│ Comparison                   │ Median Diff │ p-value  │ Overlap?  │ Significant?  │
├──────────────────────────────┼─────────────┼──────────┼───────────┼───────────────┤
│ SEQUENTIAL vs UUIDV4         │       +7.6% │   0.0090 │ No        │ No overlap    │
│ SEQUENTIAL vs UUIDV7         │       +7.6% │   0.0090 │ No        │ No overlap    │
│ SEQUENTIAL vs ULID           │       +9.7% │   0.0090 │ No        │ No overlap    │
│ SEQUENTIAL vs ULID_MONOTONIC │      +10.1% │   0.0090 │ No        │ No overlap    │
│ SEQUENTIAL vs UUIDV1         │      +11.5% │   0.0090 │ No        │ No overlap    │
│ SEQUENTIAL vs OBJECTID       │       -0.2% │   1.0000 │ Yes       │ n.s.          │
└──────────────────────────────┴─────────────┴──────────┴───────────┴───────────────┘

Latency P99 (µs)
┌────────────────┬──────────┬──────────┬──────────┬──────────┬──────────┬─────────┐
│ Key Type       │ Median   │ Mean     │ StdDev   │ Min      │ Max      │ CV %    │
├────────────────┼──────────┼──────────┼──────────┼──────────┼──────────┼─────────┤
│ SEQUENTIAL     │      665 │      652 │       29 │      601 │      671 │     4.5 │
│ UUIDV4         │      878 │      877 │       13 │      857 │      890 │     1.5 │
│ UUIDV7         │      878 │      879 │        8 │      873 │      893 │     0.9 │
│ ULID           │      886 │      885 │       16 │      864 │      907 │     1.8 │
│ ULID_MONOTONIC │      886 │      884 │        8 │      872 │      893 │     0.9 │
│ UUIDV1         │      889 │      882 │       20 │      848 │      900 │     2.3 │
│ OBJECTID       │      668 │      669 │       10 │      659 │      684 │     1.5 │
└────────────────┴──────────┴──────────┴──────────┴──────────┴──────────┴─────────┘

Statistical Comparisons (vs SEQUENTIAL):
┌──────────────────────────────┬─────────────┬──────────┬───────────┬───────────────┐
│ Comparison                   │ Median Diff │ p-value  │ Overlap?  │ Significant?  │
├──────────────────────────────┼─────────────┼──────────┼───────────┼───────────────┤
│ SEQUENTIAL vs UUIDV4         │      +32.0% │   0.0090 │ No        │ No overlap    │
│ SEQUENTIAL vs UUIDV7         │      +32.0% │   0.0090 │ No        │ No overlap    │
│ SEQUENTIAL vs ULID           │      +33.2% │   0.0090 │ No        │ No overlap    │
│ SEQUENTIAL vs ULID_MONOTONIC │      +33.2% │   0.0090 │ No        │ No overlap    │
│ SEQUENTIAL vs UUIDV1         │      +33.7% │   0.0090 │ No        │ No overlap    │
│ SEQUENTIAL vs OBJECTID       │       +0.5% │   0.2963 │ Yes       │ n.s.          │
└──────────────────────────────┴─────────────┴──────────┴───────────┴───────────────┘

Read IOPS
┌────────────────┬──────────┬──────────┬──────────┬──────────┬──────────┬─────────┐
│ Key Type       │ Median   │ Mean     │ StdDev   │ Min      │ Max      │ CV %    │
├────────────────┼──────────┼──────────┼──────────┼──────────┼──────────┼─────────┤
│ SEQUENTIAL     │        0 │        0 │        0 │        0 │        0 │     0.0 │
│ UUIDV4         │        0 │        0 │        0 │        0 │        0 │     0.0 │
│ UUIDV7         │        0 │        0 │        0 │        0 │        0 │     0.0 │
│ ULID           │        0 │        0 │        0 │        0 │        0 │     0.0 │
│ ULID_MONOTONIC │        0 │        0 │        0 │        0 │        0 │     0.0 │
│ UUIDV1         │        0 │        0 │        0 │        0 │        0 │     0.0 │
│ OBJECTID       │        0 │        0 │        0 │        0 │        0 │     0.0 │
└────────────────┴──────────┴──────────┴──────────┴──────────┴──────────┴─────────┘

Statistical Comparisons (vs SEQUENTIAL):
┌──────────────────────────────┬─────────────┬──────────┬───────────┬───────────────┐
│ Comparison                   │ Median Diff │ p-value  │ Overlap?  │ Significant?  │
├──────────────────────────────┼─────────────┼──────────┼───────────┼───────────────┤
│ SEQUENTIAL vs UUIDV4         │       +0.0% │   1.0000 │ Yes       │ n.s.          │
│ SEQUENTIAL vs UUIDV7         │       +0.0% │   1.0000 │ Yes       │ n.s.          │
│ SEQUENTIAL vs ULID           │       +0.0% │   1.0000 │ Yes       │ n.s.          │
│ SEQUENTIAL vs ULID_MONOTONIC │       +0.0% │   1.0000 │ Yes       │ n.s.          │
│ SEQUENTIAL vs UUIDV1         │       +0.0% │   1.0000 │ Yes       │ n.s.          │
│ SEQUENTIAL vs OBJECTID       │       +0.0% │   1.0000 │ Yes       │ n.s.          │
└──────────────────────────────┴─────────────┴──────────┴───────────┴───────────────┘

Write IOPS
┌────────────────┬──────────┬──────────┬──────────┬──────────┬──────────┬─────────┐
│ Key Type       │ Median   │ Mean     │ StdDev   │ Min      │ Max      │ CV %    │
├────────────────┼──────────┼──────────┼──────────┼──────────┼──────────┼─────────┤
│ SEQUENTIAL     │       17 │       17 │        0 │       17 │       17 │     1.2 │
│ UUIDV4         │       17 │       17 │        0 │       17 │       17 │     0.6 │
│ UUIDV7         │       17 │       17 │        0 │       17 │       17 │     0.2 │
│ ULID           │       17 │       17 │        0 │       17 │       17 │     0.6 │
│ ULID_MONOTONIC │       17 │       17 │        0 │       17 │       17 │     1.2 │
│ UUIDV1         │       17 │       17 │        0 │       17 │       17 │     0.6 │
│ OBJECTID       │       17 │       17 │        0 │       17 │       17 │     1.5 │
└────────────────┴──────────┴──────────┴──────────┴──────────┴──────────┴─────────┘

Statistical Comparisons (vs SEQUENTIAL):
┌──────────────────────────────┬─────────────┬──────────┬───────────┬───────────────┐
│ Comparison                   │ Median Diff │ p-value  │ Overlap?  │ Significant?  │
├──────────────────────────────┼─────────────┼──────────┼───────────┼───────────────┤
│ SEQUENTIAL vs UUIDV4         │       +0.3% │   0.7540 │ Yes       │ n.s.          │
│ SEQUENTIAL vs UUIDV7         │       -1.4% │   0.1172 │ Yes       │ n.s.          │
│ SEQUENTIAL vs ULID           │       -0.8% │   0.3472 │ Yes       │ n.s.          │
│ SEQUENTIAL vs ULID_MONOTONIC │       -0.8% │   0.6015 │ Yes       │ n.s.          │
│ SEQUENTIAL vs UUIDV1         │       -0.1% │   0.9168 │ Yes       │ n.s.          │
│ SEQUENTIAL vs OBJECTID       │       -0.4% │   0.4647 │ Yes       │ n.s.          │
└──────────────────────────────┴─────────────┴──────────┴───────────┴───────────────┘

Read Throughput (MB/s)
┌────────────────┬──────────┬──────────┬──────────┬──────────┬──────────┬─────────┐
│ Key Type       │ Median   │ Mean     │ StdDev   │ Min      │ Max      │ CV %    │
├────────────────┼──────────┼──────────┼──────────┼──────────┼──────────┼─────────┤
│ SEQUENTIAL     │      0.0 │      0.0 │      0.0 │      0.0 │      0.0 │     0.0 │
│ UUIDV4         │      0.0 │      0.0 │      0.0 │      0.0 │      0.0 │     0.0 │
│ UUIDV7         │      0.0 │      0.0 │      0.0 │      0.0 │      0.0 │     0.0 │
│ ULID           │      0.0 │      0.0 │      0.0 │      0.0 │      0.0 │     0.0 │
│ ULID_MONOTONIC │      0.0 │      0.0 │      0.0 │      0.0 │      0.0 │     0.0 │
│ UUIDV1         │      0.0 │      0.0 │      0.0 │      0.0 │      0.0 │     0.0 │
│ OBJECTID       │      0.0 │      0.0 │      0.0 │      0.0 │      0.0 │     0.0 │
└────────────────┴──────────┴──────────┴──────────┴──────────┴──────────┴─────────┘

Statistical Comparisons (vs SEQUENTIAL):
┌──────────────────────────────┬─────────────┬──────────┬───────────┬───────────────┐
│ Comparison                   │ Median Diff │ p-value  │ Overlap?  │ Significant?  │
├──────────────────────────────┼─────────────┼──────────┼───────────┼───────────────┤
│ SEQUENTIAL vs UUIDV4         │       +0.0% │   1.0000 │ Yes       │ n.s.          │
│ SEQUENTIAL vs UUIDV7         │       +0.0% │   1.0000 │ Yes       │ n.s.          │
│ SEQUENTIAL vs ULID           │       +0.0% │   1.0000 │ Yes       │ n.s.          │
│ SEQUENTIAL vs ULID_MONOTONIC │       +0.0% │   1.0000 │ Yes       │ n.s.          │
│ SEQUENTIAL vs UUIDV1         │       +0.0% │   1.0000 │ Yes       │ n.s.          │
│ SEQUENTIAL vs OBJECTID       │       +0.0% │   1.0000 │ Yes       │ n.s.          │
└──────────────────────────────┴─────────────┴──────────┴───────────┴───────────────┘

Write Throughput (MB/s)
┌────────────────┬──────────┬──────────┬──────────┬──────────┬──────────┬─────────┐
│ Key Type       │ Median   │ Mean     │ StdDev   │ Min      │ Max      │ CV %    │
├────────────────┼──────────┼──────────┼──────────┼──────────┼──────────┼─────────┤
│ SEQUENTIAL     │      3.2 │      3.3 │      0.2 │      3.1 │      3.7 │     6.5 │
│ UUIDV4         │      3.1 │      3.1 │      0.1 │      3.0 │      3.2 │     2.9 │
│ UUIDV7         │      3.0 │      3.0 │      0.0 │      3.0 │      3.1 │     1.1 │
│ ULID           │      3.1 │      3.1 │      0.1 │      3.0 │      3.1 │     1.9 │
│ ULID_MONOTONIC │      3.1 │      3.1 │      0.0 │      3.0 │      3.1 │     1.4 │
│ UUIDV1         │      3.0 │      3.1 │      0.1 │      3.0 │      3.2 │     3.1 │
│ OBJECTID       │      3.3 │      3.3 │      0.1 │      3.1 │      3.4 │     2.8 │
└────────────────┴──────────┴──────────┴──────────┴──────────┴──────────┴─────────┘

Statistical Comparisons (vs SEQUENTIAL):
┌──────────────────────────────┬─────────────┬──────────┬───────────┬───────────────┐
│ Comparison                   │ Median Diff │ p-value  │ Overlap?  │ Significant?  │
├──────────────────────────────┼─────────────┼──────────┼───────────┼───────────────┤
│ SEQUENTIAL vs UUIDV4         │       -5.7% │   0.0283 │ Yes       │ * (p<0.05)    │
│ SEQUENTIAL vs UUIDV7         │       -7.1% │   0.0090 │ No        │ No overlap    │
│ SEQUENTIAL vs ULID           │       -5.9% │   0.0283 │ Yes       │ * (p<0.05)    │
│ SEQUENTIAL vs ULID_MONOTONIC │       -5.9% │   0.0090 │ No        │ No overlap    │
│ SEQUENTIAL vs UUIDV1         │       -6.2% │   0.0283 │ Yes       │ * (p<0.05)    │
│ SEQUENTIAL vs OBJECTID       │       +2.0% │   0.9168 │ Yes       │ n.s.          │
└──────────────────────────────┴─────────────┴──────────┴───────────┴───────────────┘

Exporting results to CSV...
  Statistical summary: /home/aaeirack/uuid-benchmark/results/mongodb_100k_update-performance_1conn.csv
  Raw runs data: /home/aaeirack/uuid-benchmark/results/mongodb_100k_update-performance_1conn_raw.csv

All scenarios completed successfully!
