Building workload binary for NoSQL databases...
Workload binary built: /tmp/uuid-workload-1296023260/workload
UUID Benchmark - MongoDB
======================================================================
Database:     MongoDB
Scenario:     read-performance
Records:      10000000
Batch Size:   100
Runs:         5 (statistical mode)
Testing:      [sequential uuidv4 uuidv7 ulid ulid_monotonic uuidv1 objectid]
======================================================================


Testing SEQUENTIAL (5 runs)
----------------------------------------------------------------------
  Run 1/5... Starting fresh MongoDB container...
Waiting for MongoDB to initialize...
Container ready
Inserting 10000000 records to create index...
Inserted 10000000 records in 5m8.552s
Measuring fragmentation...
Index fragmentation: 0.02%
Running 500000 point lookups...
Completed 500000 reads in 2m30.81s
Read throughput: 3315.43 ops/sec
Measuring buffer pool hit ratios...

Cleaning up container...
Container stopped and removed
done
  Run 2/5... Starting fresh MongoDB container...
Waiting for MongoDB to initialize...
Container ready
Inserting 10000000 records to create index...
Inserted 10000000 records in 5m8.752s
Measuring fragmentation...
Index fragmentation: 0.02%
Running 500000 point lookups...
Completed 500000 reads in 2m38.733s
Read throughput: 3149.94 ops/sec
Measuring buffer pool hit ratios...

Cleaning up container...
Container stopped and removed
done
  Run 3/5... Starting fresh MongoDB container...
Waiting for MongoDB to initialize...
Container ready
Inserting 10000000 records to create index...
Inserted 10000000 records in 5m17.172s
Measuring fragmentation...
Index fragmentation: 0.04%
Running 500000 point lookups...
Completed 500000 reads in 2m32.78s
Read throughput: 3272.67 ops/sec
Measuring buffer pool hit ratios...

Cleaning up container...
Container stopped and removed
done
  Run 4/5... Starting fresh MongoDB container...
Waiting for MongoDB to initialize...
Container ready
Inserting 10000000 records to create index...
Inserted 10000000 records in 5m11.449s
Measuring fragmentation...
Index fragmentation: 0.07%
Running 500000 point lookups...
Completed 500000 reads in 2m35.182s
Read throughput: 3222.02 ops/sec
Measuring buffer pool hit ratios...

Cleaning up container...
Container stopped and removed
done
  Run 5/5... Starting fresh MongoDB container...
Waiting for MongoDB to initialize...
Container ready
Inserting 10000000 records to create index...
Inserted 10000000 records in 5m9.34s
Measuring fragmentation...
Index fragmentation: 0.06%
Running 500000 point lookups...
Completed 500000 reads in 2m28.915s
Read throughput: 3357.62 ops/sec
Measuring buffer pool hit ratios...

Cleaning up container...
Container stopped and removed
done

Testing UUIDV4 (5 runs)
----------------------------------------------------------------------
  Run 1/5... Starting fresh MongoDB container...
Waiting for MongoDB to initialize...
Container ready
Inserting 10000000 records to create index...
Inserted 10000000 records in 7m18.319s
Measuring fragmentation...
Index fragmentation: 0.04%
Running 500000 point lookups...
Completed 500000 reads in 3m3.345s
Read throughput: 2727.09 ops/sec
Measuring buffer pool hit ratios...

Cleaning up container...
Container stopped and removed
done
  Run 2/5... Starting fresh MongoDB container...
Waiting for MongoDB to initialize...
Container ready
Inserting 10000000 records to create index...
Inserted 10000000 records in 7m10.019s
Measuring fragmentation...
Index fragmentation: 0.01%
Running 500000 point lookups...
Completed 500000 reads in 3m4.255s
Read throughput: 2713.62 ops/sec
Measuring buffer pool hit ratios...

Cleaning up container...
Container stopped and removed
done
  Run 3/5... Starting fresh MongoDB container...
Waiting for MongoDB to initialize...
Container ready
Inserting 10000000 records to create index...
Inserted 10000000 records in 7m18.479s
Measuring fragmentation...
Index fragmentation: 0.03%
Running 500000 point lookups...
Completed 500000 reads in 3m7.486s
Read throughput: 2666.87 ops/sec
Measuring buffer pool hit ratios...

Cleaning up container...
Container stopped and removed
done
  Run 4/5... Starting fresh MongoDB container...
Waiting for MongoDB to initialize...
Container ready
Inserting 10000000 records to create index...
Inserted 10000000 records in 7m22.136s
Measuring fragmentation...
Index fragmentation: 0.01%
Running 500000 point lookups...
Completed 500000 reads in 3m6.402s
Read throughput: 2682.36 ops/sec
Measuring buffer pool hit ratios...

Cleaning up container...
Container stopped and removed
done
  Run 5/5... Starting fresh MongoDB container...
Waiting for MongoDB to initialize...
Container ready
Inserting 10000000 records to create index...
Inserted 10000000 records in 7m23.107s
Measuring fragmentation...
Index fragmentation: 0.01%
Running 500000 point lookups...
Completed 500000 reads in 3m9.427s
Read throughput: 2639.53 ops/sec
Measuring buffer pool hit ratios...

Cleaning up container...
Container stopped and removed
done

Testing UUIDV7 (5 runs)
----------------------------------------------------------------------
  Run 1/5... Starting fresh MongoDB container...
Waiting for MongoDB to initialize...
Container ready
Inserting 10000000 records to create index...
Inserted 10000000 records in 5m44.976s
Measuring fragmentation...
Index fragmentation: 0.07%
Running 500000 point lookups...
Completed 500000 reads in 2m51.682s
Read throughput: 2912.35 ops/sec
Measuring buffer pool hit ratios...

Cleaning up container...
Container stopped and removed
done
  Run 2/5... Starting fresh MongoDB container...
Waiting for MongoDB to initialize...
Container ready
Inserting 10000000 records to create index...
Inserted 10000000 records in 5m46.404s
Measuring fragmentation...
Index fragmentation: 0.04%
Running 500000 point lookups...
Completed 500000 reads in 3m0.92s
Read throughput: 2763.64 ops/sec
Measuring buffer pool hit ratios...

Cleaning up container...
Container stopped and removed
done
  Run 3/5... Starting fresh MongoDB container...
Waiting for MongoDB to initialize...
Container ready
Inserting 10000000 records to create index...
Inserted 10000000 records in 5m48.166s
Measuring fragmentation...
Index fragmentation: 0.04%
Running 500000 point lookups...
Completed 500000 reads in 2m56.997s
Read throughput: 2824.90 ops/sec
Measuring buffer pool hit ratios...

Cleaning up container...
Container stopped and removed
done
  Run 4/5... Starting fresh MongoDB container...
Waiting for MongoDB to initialize...
Container ready
Inserting 10000000 records to create index...
Inserted 10000000 records in 5m44.128s
Measuring fragmentation...
Index fragmentation: 0.03%
Running 500000 point lookups...
Completed 500000 reads in 2m53.297s
Read throughput: 2885.22 ops/sec
Measuring buffer pool hit ratios...

Cleaning up container...
Container stopped and removed
done
  Run 5/5... Starting fresh MongoDB container...
Waiting for MongoDB to initialize...
Container ready
Inserting 10000000 records to create index...
Inserted 10000000 records in 5m44.439s
Measuring fragmentation...
Index fragmentation: 0.04%
Running 500000 point lookups...
Completed 500000 reads in 2m50.23s
Read throughput: 2937.20 ops/sec
Measuring buffer pool hit ratios...

Cleaning up container...
Container stopped and removed
done

Testing ULID (5 runs)
----------------------------------------------------------------------
  Run 1/5... Starting fresh MongoDB container...
Waiting for MongoDB to initialize...
Container ready
Inserting 10000000 records to create index...
Inserted 10000000 records in 5m49.47s
Measuring fragmentation...
Index fragmentation: 0.05%
Running 500000 point lookups...
Completed 500000 reads in 2m48.945s
Read throughput: 2959.54 ops/sec
Measuring buffer pool hit ratios...

Cleaning up container...
Container stopped and removed
done
  Run 2/5... Starting fresh MongoDB container...
Waiting for MongoDB to initialize...
Container ready
Inserting 10000000 records to create index...
Inserted 10000000 records in 5m52.865s
Measuring fragmentation...
Index fragmentation: 0.04%
Running 500000 point lookups...
Completed 500000 reads in 2m50.42s
Read throughput: 2933.91 ops/sec
Measuring buffer pool hit ratios...

Cleaning up container...
Container stopped and removed
done
  Run 3/5... Starting fresh MongoDB container...
Waiting for MongoDB to initialize...
Container ready
Inserting 10000000 records to create index...
Inserted 10000000 records in 5m56.995s
Measuring fragmentation...
Index fragmentation: 0.02%
Running 500000 point lookups...
Completed 500000 reads in 2m51.595s
Read throughput: 2913.83 ops/sec
Measuring buffer pool hit ratios...

Cleaning up container...
Container stopped and removed
done
  Run 4/5... Starting fresh MongoDB container...
Waiting for MongoDB to initialize...
Container ready
Inserting 10000000 records to create index...
Inserted 10000000 records in 5m52.641s
Measuring fragmentation...
Index fragmentation: 0.07%
Running 500000 point lookups...
Completed 500000 reads in 3m4.717s
Read throughput: 2706.84 ops/sec
Measuring buffer pool hit ratios...

Cleaning up container...
Container stopped and removed
done
  Run 5/5... Starting fresh MongoDB container...
Waiting for MongoDB to initialize...
Container ready
Inserting 10000000 records to create index...
Inserted 10000000 records in 5m50.929s
Measuring fragmentation...
Index fragmentation: 0.07%
Running 500000 point lookups...
Completed 500000 reads in 2m58.006s
Read throughput: 2808.89 ops/sec
Measuring buffer pool hit ratios...

Cleaning up container...
Container stopped and removed
done

Testing ULID_MONOTONIC (5 runs)
----------------------------------------------------------------------
  Run 1/5... Starting fresh MongoDB container...
Waiting for MongoDB to initialize...
Container ready
Inserting 10000000 records to create index...
Inserted 10000000 records in 5m20.455s
Measuring fragmentation...
Index fragmentation: 0.04%
Running 500000 point lookups...
Completed 500000 reads in 3m0.867s
Read throughput: 2764.46 ops/sec
Measuring buffer pool hit ratios...

Cleaning up container...
Container stopped and removed
done
  Run 2/5... Starting fresh MongoDB container...
Waiting for MongoDB to initialize...
Container ready
Inserting 10000000 records to create index...
Inserted 10000000 records in 5m28.319s
Measuring fragmentation...
Index fragmentation: 0.08%
Running 500000 point lookups...
Completed 500000 reads in 2m56.733s
Read throughput: 2829.12 ops/sec
Measuring buffer pool hit ratios...

Cleaning up container...
Container stopped and removed
done
  Run 3/5... Starting fresh MongoDB container...
Waiting for MongoDB to initialize...
Container ready
Inserting 10000000 records to create index...
Inserted 10000000 records in 5m27.423s
Measuring fragmentation...
Index fragmentation: 0.05%
Running 500000 point lookups...
Completed 500000 reads in 2m49.762s
Read throughput: 2945.29 ops/sec
Measuring buffer pool hit ratios...

Cleaning up container...
Container stopped and removed
done
  Run 4/5... Starting fresh MongoDB container...
Waiting for MongoDB to initialize...
Container ready
Inserting 10000000 records to create index...
Inserted 10000000 records in 5m25.757s
Measuring fragmentation...
Index fragmentation: 0.08%
Running 500000 point lookups...
Completed 500000 reads in 2m48.141s
Read throughput: 2973.69 ops/sec
Measuring buffer pool hit ratios...

Cleaning up container...
Container stopped and removed
done
  Run 5/5... Starting fresh MongoDB container...
Waiting for MongoDB to initialize...
Container ready
Inserting 10000000 records to create index...
Inserted 10000000 records in 5m28.193s
Measuring fragmentation...
Index fragmentation: 0.08%
Running 500000 point lookups...
Completed 500000 reads in 2m51.707s
Read throughput: 2911.93 ops/sec
Measuring buffer pool hit ratios...

Cleaning up container...
Container stopped and removed
done

Testing UUIDV1 (5 runs)
----------------------------------------------------------------------
  Run 1/5... Starting fresh MongoDB container...
Waiting for MongoDB to initialize...
Container ready
Inserting 10000000 records to create index...
Inserted 10000000 records in 5m34.11s
Measuring fragmentation...
Index fragmentation: 0.05%
Running 500000 point lookups...
Completed 500000 reads in 3m3.867s
Read throughput: 2719.35 ops/sec
Measuring buffer pool hit ratios...

Cleaning up container...
Container stopped and removed
done
  Run 2/5... Starting fresh MongoDB container...
Waiting for MongoDB to initialize...
Container ready
Inserting 10000000 records to create index...
Inserted 10000000 records in 5m23.205s
Measuring fragmentation...
Index fragmentation: 0.03%
Running 500000 point lookups...
Completed 500000 reads in 3m6.29s
Read throughput: 2683.98 ops/sec
Measuring buffer pool hit ratios...

Cleaning up container...
Container stopped and removed
done
  Run 3/5... Starting fresh MongoDB container...
Waiting for MongoDB to initialize...
Container ready
Inserting 10000000 records to create index...
Inserted 10000000 records in 5m22.721s
Measuring fragmentation...
Index fragmentation: 0.05%
Running 500000 point lookups...
Completed 500000 reads in 2m54.409s
Read throughput: 2866.81 ops/sec
Measuring buffer pool hit ratios...

Cleaning up container...
Container stopped and removed
done
  Run 4/5... Starting fresh MongoDB container...
Waiting for MongoDB to initialize...
Container ready
Inserting 10000000 records to create index...
Inserted 10000000 records in 5m36.367s
Measuring fragmentation...
Index fragmentation: 0.05%
Running 500000 point lookups...
Completed 500000 reads in 3m2.201s
Read throughput: 2744.22 ops/sec
Measuring buffer pool hit ratios...

Cleaning up container...
Container stopped and removed
done
  Run 5/5... Starting fresh MongoDB container...
Waiting for MongoDB to initialize...
Container ready
Inserting 10000000 records to create index...
Inserted 10000000 records in 5m33.893s
Measuring fragmentation...
Index fragmentation: 0.02%
Running 500000 point lookups...
Completed 500000 reads in 2m56.463s
Read throughput: 2833.45 ops/sec
Measuring buffer pool hit ratios...

Cleaning up container...
Container stopped and removed
done

Testing OBJECTID (5 runs)
----------------------------------------------------------------------
  Run 1/5... Starting fresh MongoDB container...
Waiting for MongoDB to initialize...
Container ready
Inserting 10000000 records to create index...
Inserted 10000000 records in 5m6.688s
Measuring fragmentation...
Index fragmentation: 0.06%
Running 500000 point lookups...
Completed 500000 reads in 2m35.783s
Read throughput: 3209.57 ops/sec
Measuring buffer pool hit ratios...

Cleaning up container...
Container stopped and removed
done
  Run 2/5... Starting fresh MongoDB container...
Waiting for MongoDB to initialize...
Container ready
Inserting 10000000 records to create index...
Inserted 10000000 records in 5m12.462s
Measuring fragmentation...
Index fragmentation: 0.02%
Running 500000 point lookups...
Completed 500000 reads in 2m41.27s
Read throughput: 3100.39 ops/sec
Measuring buffer pool hit ratios...

Cleaning up container...
Container stopped and removed
done
  Run 3/5... Starting fresh MongoDB container...
Waiting for MongoDB to initialize...
Container ready
Inserting 10000000 records to create index...
Inserted 10000000 records in 5m10.988s
Measuring fragmentation...
Index fragmentation: 0.07%
Running 500000 point lookups...
Completed 500000 reads in 2m36.373s
Read throughput: 3197.47 ops/sec
Measuring buffer pool hit ratios...

Cleaning up container...
Container stopped and removed
done
  Run 4/5... Starting fresh MongoDB container...
Waiting for MongoDB to initialize...
Container ready
Inserting 10000000 records to create index...
Inserted 10000000 records in 5m7.033s
Measuring fragmentation...
Index fragmentation: 0.03%
Running 500000 point lookups...
Completed 500000 reads in 2m38.24s
Read throughput: 3159.74 ops/sec
Measuring buffer pool hit ratios...

Cleaning up container...
Container stopped and removed
done
  Run 5/5... Starting fresh MongoDB container...
Waiting for MongoDB to initialize...
Container ready
Inserting 10000000 records to create index...
Inserted 10000000 records in 5m9.86s
Measuring fragmentation...
Index fragmentation: 0.06%
Running 500000 point lookups...
Completed 500000 reads in 2m32.306s
Read throughput: 3282.85 ops/sec
Measuring buffer pool hit ratios...

Cleaning up container...
Container stopped and removed
done

====================================================================================================
Read Performance - Statistical Summary (5 runs per UUID type)
====================================================================================================

Read Throughput (ops/sec)
┌────────────────┬──────────┬──────────┬──────────┬──────────┬──────────┬─────────┐
│ Key Type       │ Median   │ Mean     │ StdDev   │ Min      │ Max      │ CV %    │
├────────────────┼──────────┼──────────┼──────────┼──────────┼──────────┼─────────┤
│ SEQUENTIAL     │     3273 │     3264 │       81 │     3150 │     3358 │     2.5 │
│ UUIDV4         │     2682 │     2686 │       35 │     2640 │     2727 │     1.3 │
│ UUIDV7         │     2885 │     2865 │       70 │     2764 │     2937 │     2.5 │
│ ULID           │     2914 │     2865 │      105 │     2707 │     2960 │     3.7 │
│ ULID_MONOTONIC │     2912 │     2885 │       86 │     2764 │     2974 │     3.0 │
│ UUIDV1         │     2744 │     2770 │       78 │     2684 │     2867 │     2.8 │
│ OBJECTID       │     3197 │     3190 │       67 │     3100 │     3283 │     2.1 │
└────────────────┴──────────┴──────────┴──────────┴──────────┴──────────┴─────────┘

Statistical Comparisons (vs SEQUENTIAL):
┌──────────────────────────────┬─────────────┬──────────┬───────────┬───────────────┐
│ Comparison                   │ Median Diff │ p-value  │ Overlap?  │ Significant?  │
├──────────────────────────────┼─────────────┼──────────┼───────────┼───────────────┤
│ SEQUENTIAL vs UUIDV4         │      -18.0% │   0.0090 │ No        │ No overlap    │
│ SEQUENTIAL vs UUIDV7         │      -11.8% │   0.0090 │ No        │ No overlap    │
│ SEQUENTIAL vs ULID           │      -11.0% │   0.0090 │ No        │ No overlap    │
│ SEQUENTIAL vs ULID_MONOTONIC │      -11.0% │   0.0090 │ No        │ No overlap    │
│ SEQUENTIAL vs UUIDV1         │      -16.1% │   0.0090 │ No        │ No overlap    │
│ SEQUENTIAL vs OBJECTID       │       -2.3% │   0.1745 │ Yes       │ n.s.          │
└──────────────────────────────┴─────────────┴──────────┴───────────┴───────────────┘

Fragmentation (%)
┌────────────────┬──────────┬──────────┬──────────┬──────────┬──────────┬─────────┐
│ Key Type       │ Median   │ Mean     │ StdDev   │ Min      │ Max      │ CV %    │
├────────────────┼──────────┼──────────┼──────────┼──────────┼──────────┼─────────┤
│ SEQUENTIAL     │     0.04 │     0.04 │     0.02 │     0.02 │     0.07 │    51.0 │
│ UUIDV4         │     0.01 │     0.02 │     0.01 │     0.01 │     0.04 │    83.0 │
│ UUIDV7         │     0.04 │     0.04 │     0.02 │     0.03 │     0.07 │    36.6 │
│ ULID           │     0.05 │     0.05 │     0.02 │     0.02 │     0.07 │    41.8 │
│ ULID_MONOTONIC │     0.08 │     0.07 │     0.02 │     0.04 │     0.08 │    31.7 │
│ UUIDV1         │     0.05 │     0.04 │     0.01 │     0.02 │     0.05 │    36.8 │
│ OBJECTID       │     0.06 │     0.05 │     0.02 │     0.02 │     0.07 │    44.6 │
└────────────────┴──────────┴──────────┴──────────┴──────────┴──────────┴─────────┘

Statistical Comparisons (vs SEQUENTIAL):
┌──────────────────────────────┬─────────────┬──────────┬───────────┬───────────────┐
│ Comparison                   │ Median Diff │ p-value  │ Overlap?  │ Significant?  │
├──────────────────────────────┼─────────────┼──────────┼───────────┼───────────────┤
│ SEQUENTIAL vs UUIDV4         │      -70.2% │   0.1172 │ Yes       │ n.s.          │
│ SEQUENTIAL vs UUIDV7         │       +4.8% │   0.4647 │ Yes       │ n.s.          │
│ SEQUENTIAL vs ULID           │      +34.5% │   0.7540 │ Yes       │ n.s.          │
│ SEQUENTIAL vs ULID_MONOTONIC │     +108.5% │   0.0758 │ Yes       │ n.s.          │
│ SEQUENTIAL vs UUIDV1         │      +19.2% │   0.7540 │ Yes       │ n.s.          │
│ SEQUENTIAL vs OBJECTID       │      +53.4% │   0.9168 │ Yes       │ n.s.          │
└──────────────────────────────┴─────────────┴──────────┴───────────┴───────────────┘

Cache Hit Ratio
┌────────────────┬──────────┬──────────┬──────────┬──────────┬──────────┬─────────┐
│ Key Type       │ Median   │ Mean     │ StdDev   │ Min      │ Max      │ CV %    │
├────────────────┼──────────┼──────────┼──────────┼──────────┼──────────┼─────────┤
│ SEQUENTIAL     │   0.9998 │   0.9998 │   0.0000 │   0.9998 │   0.9998 │     0.0 │
│ UUIDV4         │   0.9995 │   0.9995 │   0.0001 │   0.9995 │   0.9996 │     0.0 │
│ UUIDV7         │   0.9998 │   0.9998 │   0.0000 │   0.9997 │   0.9998 │     0.0 │
│ ULID           │   0.9998 │   0.9998 │   0.0000 │   0.9997 │   0.9998 │     0.0 │
│ ULID_MONOTONIC │   0.9998 │   0.9998 │   0.0000 │   0.9997 │   0.9998 │     0.0 │
│ UUIDV1         │   0.9998 │   0.9998 │   0.0000 │   0.9998 │   0.9998 │     0.0 │
│ OBJECTID       │   0.9998 │   0.9998 │   0.0000 │   0.9998 │   0.9998 │     0.0 │
└────────────────┴──────────┴──────────┴──────────┴──────────┴──────────┴─────────┘

Statistical Comparisons (vs SEQUENTIAL):
┌──────────────────────────────┬─────────────┬──────────┬───────────┬───────────────┐
│ Comparison                   │ Median Diff │ p-value  │ Overlap?  │ Significant?  │
├──────────────────────────────┼─────────────┼──────────┼───────────┼───────────────┤
│ SEQUENTIAL vs UUIDV4         │       -0.0% │   0.0090 │ No        │ No overlap    │
│ SEQUENTIAL vs UUIDV7         │       -0.0% │   0.7540 │ Yes       │ n.s.          │
│ SEQUENTIAL vs ULID           │       -0.0% │   0.4647 │ Yes       │ n.s.          │
│ SEQUENTIAL vs ULID_MONOTONIC │       -0.0% │   0.0758 │ Yes       │ n.s.          │
│ SEQUENTIAL vs UUIDV1         │       +0.0% │   0.0758 │ Yes       │ n.s.          │
│ SEQUENTIAL vs OBJECTID       │       +0.0% │   0.7540 │ Yes       │ n.s.          │
└──────────────────────────────┴─────────────┴──────────┴───────────┴───────────────┘

Index Hit Ratio
┌────────────────┬──────────┬──────────┬──────────┬──────────┬──────────┬─────────┐
│ Key Type       │ Median   │ Mean     │ StdDev   │ Min      │ Max      │ CV %    │
├────────────────┼──────────┼──────────┼──────────┼──────────┼──────────┼─────────┤
│ SEQUENTIAL     │   0.9998 │   0.9998 │   0.0000 │   0.9998 │   0.9998 │     0.0 │
│ UUIDV4         │   0.9995 │   0.9995 │   0.0001 │   0.9995 │   0.9996 │     0.0 │
│ UUIDV7         │   0.9998 │   0.9998 │   0.0000 │   0.9997 │   0.9998 │     0.0 │
│ ULID           │   0.9998 │   0.9998 │   0.0000 │   0.9997 │   0.9998 │     0.0 │
│ ULID_MONOTONIC │   0.9998 │   0.9998 │   0.0000 │   0.9997 │   0.9998 │     0.0 │
│ UUIDV1         │   0.9998 │   0.9998 │   0.0000 │   0.9998 │   0.9998 │     0.0 │
│ OBJECTID       │   0.9998 │   0.9998 │   0.0000 │   0.9998 │   0.9998 │     0.0 │
└────────────────┴──────────┴──────────┴──────────┴──────────┴──────────┴─────────┘

Statistical Comparisons (vs SEQUENTIAL):
┌──────────────────────────────┬─────────────┬──────────┬───────────┬───────────────┐
│ Comparison                   │ Median Diff │ p-value  │ Overlap?  │ Significant?  │
├──────────────────────────────┼─────────────┼──────────┼───────────┼───────────────┤
│ SEQUENTIAL vs UUIDV4         │       -0.0% │   0.0090 │ No        │ No overlap    │
│ SEQUENTIAL vs UUIDV7         │       -0.0% │   0.7540 │ Yes       │ n.s.          │
│ SEQUENTIAL vs ULID           │       -0.0% │   0.4647 │ Yes       │ n.s.          │
│ SEQUENTIAL vs ULID_MONOTONIC │       -0.0% │   0.0758 │ Yes       │ n.s.          │
│ SEQUENTIAL vs UUIDV1         │       +0.0% │   0.0758 │ Yes       │ n.s.          │
│ SEQUENTIAL vs OBJECTID       │       +0.0% │   0.7540 │ Yes       │ n.s.          │
└──────────────────────────────┴─────────────┴──────────┴───────────┴───────────────┘

Latency P50 (µs)
┌────────────────┬──────────┬──────────┬──────────┬──────────┬──────────┬─────────┐
│ Key Type       │ Median   │ Mean     │ StdDev   │ Min      │ Max      │ CV %    │
├────────────────┼──────────┼──────────┼──────────┼──────────┼──────────┼─────────┤
│ SEQUENTIAL     │      292 │      291 │        3 │      287 │      295 │     1.1 │
│ UUIDV4         │      311 │      311 │        2 │      308 │      314 │     0.7 │
│ UUIDV7         │      292 │      293 │        2 │      291 │      296 │     0.7 │
│ ULID           │      293 │      294 │        4 │      290 │      299 │     1.3 │
│ ULID_MONOTONIC │      292 │      292 │        3 │      288 │      295 │     1.1 │
│ UUIDV1         │      295 │      295 │        3 │      292 │      299 │     1.0 │
│ OBJECTID       │      295 │      295 │        1 │      293 │      297 │     0.5 │
└────────────────┴──────────┴──────────┴──────────┴──────────┴──────────┴─────────┘

Statistical Comparisons (vs SEQUENTIAL):
┌──────────────────────────────┬─────────────┬──────────┬───────────┬───────────────┐
│ Comparison                   │ Median Diff │ p-value  │ Overlap?  │ Significant?  │
├──────────────────────────────┼─────────────┼──────────┼───────────┼───────────────┤
│ SEQUENTIAL vs UUIDV4         │       +6.5% │   0.0090 │ No        │ No overlap    │
│ SEQUENTIAL vs UUIDV7         │       +0.0% │   0.4647 │ Yes       │ n.s.          │
│ SEQUENTIAL vs ULID           │       +0.3% │   0.2506 │ Yes       │ n.s.          │
│ SEQUENTIAL vs ULID_MONOTONIC │       +0.0% │   0.6015 │ Yes       │ n.s.          │
│ SEQUENTIAL vs UUIDV1         │       +1.0% │   0.0601 │ Yes       │ n.s.          │
│ SEQUENTIAL vs OBJECTID       │       +1.0% │   0.0283 │ Yes       │ * (p<0.05)    │
└──────────────────────────────┴─────────────┴──────────┴───────────┴───────────────┘

Latency P95 (µs)
┌────────────────┬──────────┬──────────┬──────────┬──────────┬──────────┬─────────┐
│ Key Type       │ Median   │ Mean     │ StdDev   │ Min      │ Max      │ CV %    │
├────────────────┼──────────┼──────────┼──────────┼──────────┼──────────┼─────────┤
│ SEQUENTIAL     │      436 │      442 │       21 │      424 │      475 │     4.8 │
│ UUIDV4         │      484 │      484 │        5 │      479 │      489 │     0.9 │
│ UUIDV7         │      457 │      456 │        6 │      448 │      462 │     1.3 │
│ ULID           │      454 │      454 │        6 │      448 │      460 │     1.3 │
│ ULID_MONOTONIC │      457 │      456 │        4 │      451 │      461 │     0.9 │
│ UUIDV1         │      458 │      460 │        8 │      452 │      473 │     1.7 │
│ OBJECTID       │      435 │      452 │       33 │      425 │      503 │     7.2 │
└────────────────┴──────────┴──────────┴──────────┴──────────┴──────────┴─────────┘

Statistical Comparisons (vs SEQUENTIAL):
┌──────────────────────────────┬─────────────┬──────────┬───────────┬───────────────┐
│ Comparison                   │ Median Diff │ p-value  │ Overlap?  │ Significant?  │
├──────────────────────────────┼─────────────┼──────────┼───────────┼───────────────┤
│ SEQUENTIAL vs UUIDV4         │      +11.0% │   0.0090 │ No        │ No overlap    │
│ SEQUENTIAL vs UUIDV7         │       +4.8% │   0.1745 │ Yes       │ n.s.          │
│ SEQUENTIAL vs ULID           │       +4.1% │   0.2506 │ Yes       │ n.s.          │
│ SEQUENTIAL vs ULID_MONOTONIC │       +4.8% │   0.1172 │ Yes       │ n.s.          │
│ SEQUENTIAL vs UUIDV1         │       +5.0% │   0.1172 │ Yes       │ n.s.          │
│ SEQUENTIAL vs OBJECTID       │       -0.2% │   0.6761 │ Yes       │ n.s.          │
└──────────────────────────────┴─────────────┴──────────┴───────────┴───────────────┘

Latency P99 (µs)
┌────────────────┬──────────┬──────────┬──────────┬──────────┬──────────┬─────────┐
│ Key Type       │ Median   │ Mean     │ StdDev   │ Min      │ Max      │ CV %    │
├────────────────┼──────────┼──────────┼──────────┼──────────┼──────────┼─────────┤
│ SEQUENTIAL     │      722 │      683 │      119 │      550 │      796 │    17.4 │
│ UUIDV4         │      819 │      817 │        7 │      810 │      826 │     0.8 │
│ UUIDV7         │      801 │      800 │        4 │      795 │      803 │     0.5 │
│ ULID           │      802 │      798 │        6 │      790 │      802 │     0.7 │
│ ULID_MONOTONIC │      800 │      798 │        4 │      793 │      802 │     0.4 │
│ UUIDV1         │      801 │      803 │        6 │      797 │      813 │     0.8 │
│ OBJECTID       │      601 │      665 │      120 │      549 │      800 │    18.1 │
└────────────────┴──────────┴──────────┴──────────┴──────────┴──────────┴─────────┘

Statistical Comparisons (vs SEQUENTIAL):
┌──────────────────────────────┬─────────────┬──────────┬───────────┬───────────────┐
│ Comparison                   │ Median Diff │ p-value  │ Overlap?  │ Significant?  │
├──────────────────────────────┼─────────────┼──────────┼───────────┼───────────────┤
│ SEQUENTIAL vs UUIDV4         │      +13.4% │   0.0090 │ No        │ No overlap    │
│ SEQUENTIAL vs UUIDV7         │      +10.9% │   0.0216 │ Yes       │ * (p<0.05)    │
│ SEQUENTIAL vs ULID           │      +11.1% │   0.0283 │ Yes       │ * (p<0.05)    │
│ SEQUENTIAL vs ULID_MONOTONIC │      +10.8% │   0.0163 │ Yes       │ * (p<0.05)    │
│ SEQUENTIAL vs UUIDV1         │      +10.9% │   0.0090 │ No        │ No overlap    │
│ SEQUENTIAL vs OBJECTID       │      -16.8% │   0.9168 │ Yes       │ n.s.          │
└──────────────────────────────┴─────────────┴──────────┴───────────┴───────────────┘

Read IOPS
┌────────────────┬──────────┬──────────┬──────────┬──────────┬──────────┬─────────┐
│ Key Type       │ Median   │ Mean     │ StdDev   │ Min      │ Max      │ CV %    │
├────────────────┼──────────┼──────────┼──────────┼──────────┼──────────┼─────────┤
│ SEQUENTIAL     │        0 │        0 │        0 │        0 │        0 │     0.0 │
│ UUIDV4         │        0 │        0 │        0 │        0 │        0 │     0.0 │
│ UUIDV7         │        0 │        0 │        0 │        0 │        0 │     0.0 │
│ ULID           │        0 │        0 │        0 │        0 │        0 │     0.0 │
│ ULID_MONOTONIC │        0 │        0 │        0 │        0 │        0 │     0.0 │
│ UUIDV1         │        0 │        0 │        0 │        0 │        0 │     0.0 │
│ OBJECTID       │        0 │        0 │        0 │        0 │        0 │     0.0 │
└────────────────┴──────────┴──────────┴──────────┴──────────┴──────────┴─────────┘

Statistical Comparisons (vs SEQUENTIAL):
┌──────────────────────────────┬─────────────┬──────────┬───────────┬───────────────┐
│ Comparison                   │ Median Diff │ p-value  │ Overlap?  │ Significant?  │
├──────────────────────────────┼─────────────┼──────────┼───────────┼───────────────┤
│ SEQUENTIAL vs UUIDV4         │       +0.0% │   1.0000 │ Yes       │ n.s.          │
│ SEQUENTIAL vs UUIDV7         │       +0.0% │   1.0000 │ Yes       │ n.s.          │
│ SEQUENTIAL vs ULID           │       +0.0% │   1.0000 │ Yes       │ n.s.          │
│ SEQUENTIAL vs ULID_MONOTONIC │       +0.0% │   1.0000 │ Yes       │ n.s.          │
│ SEQUENTIAL vs UUIDV1         │       +0.0% │   1.0000 │ Yes       │ n.s.          │
│ SEQUENTIAL vs OBJECTID       │       +0.0% │   1.0000 │ Yes       │ n.s.          │
└──────────────────────────────┴─────────────┴──────────┴───────────┴───────────────┘

Write IOPS
┌────────────────┬──────────┬──────────┬──────────┬──────────┬──────────┬─────────┐
│ Key Type       │ Median   │ Mean     │ StdDev   │ Min      │ Max      │ CV %    │
├────────────────┼──────────┼──────────┼──────────┼──────────┼──────────┼─────────┤
│ SEQUENTIAL     │        0 │        0 │        0 │        0 │        0 │    21.1 │
│ UUIDV4         │        0 │        0 │        0 │        0 │        0 │    10.6 │
│ UUIDV7         │        0 │        0 │        0 │        0 │        0 │     7.2 │
│ ULID           │        0 │        0 │        0 │        0 │        0 │     8.0 │
│ ULID_MONOTONIC │        0 │        0 │        0 │        0 │        0 │     4.8 │
│ UUIDV1         │        0 │        0 │        0 │        0 │        0 │    14.3 │
│ OBJECTID       │        0 │        0 │        0 │        0 │        0 │     9.1 │
└────────────────┴──────────┴──────────┴──────────┴──────────┴──────────┴─────────┘

Statistical Comparisons (vs SEQUENTIAL):
┌──────────────────────────────┬─────────────┬──────────┬───────────┬───────────────┐
│ Comparison                   │ Median Diff │ p-value  │ Overlap?  │ Significant?  │
├──────────────────────────────┼─────────────┼──────────┼───────────┼───────────────┤
│ SEQUENTIAL vs UUIDV4         │      +50.3% │   0.0283 │ Yes       │ * (p<0.05)    │
│ SEQUENTIAL vs UUIDV7         │      +19.5% │   0.4647 │ Yes       │ n.s.          │
│ SEQUENTIAL vs ULID           │      +11.9% │   0.6015 │ Yes       │ n.s.          │
│ SEQUENTIAL vs ULID_MONOTONIC │      +20.9% │   0.3472 │ Yes       │ n.s.          │
│ SEQUENTIAL vs UUIDV1         │       +4.0% │   0.9168 │ Yes       │ n.s.          │
│ SEQUENTIAL vs OBJECTID       │      +13.4% │   0.6015 │ Yes       │ n.s.          │
└──────────────────────────────┴─────────────┴──────────┴───────────┴───────────────┘

Read Throughput (MB/s)
┌────────────────┬──────────┬──────────┬──────────┬──────────┬──────────┬─────────┐
│ Key Type       │ Median   │ Mean     │ StdDev   │ Min      │ Max      │ CV %    │
├────────────────┼──────────┼──────────┼──────────┼──────────┼──────────┼─────────┤
│ SEQUENTIAL     │      0.0 │      0.0 │      0.0 │      0.0 │      0.0 │     0.0 │
│ UUIDV4         │      0.0 │      0.0 │      0.0 │      0.0 │      0.0 │     0.0 │
│ UUIDV7         │      0.0 │      0.0 │      0.0 │      0.0 │      0.0 │     0.0 │
│ ULID           │      0.0 │      0.0 │      0.0 │      0.0 │      0.0 │     0.0 │
│ ULID_MONOTONIC │      0.0 │      0.0 │      0.0 │      0.0 │      0.0 │     0.0 │
│ UUIDV1         │      0.0 │      0.0 │      0.0 │      0.0 │      0.0 │     0.0 │
│ OBJECTID       │      0.0 │      0.0 │      0.0 │      0.0 │      0.0 │     0.0 │
└────────────────┴──────────┴──────────┴──────────┴──────────┴──────────┴─────────┘

Statistical Comparisons (vs SEQUENTIAL):
┌──────────────────────────────┬─────────────┬──────────┬───────────┬───────────────┐
│ Comparison                   │ Median Diff │ p-value  │ Overlap?  │ Significant?  │
├──────────────────────────────┼─────────────┼──────────┼───────────┼───────────────┤
│ SEQUENTIAL vs UUIDV4         │       +0.0% │   1.0000 │ Yes       │ n.s.          │
│ SEQUENTIAL vs UUIDV7         │       +0.0% │   1.0000 │ Yes       │ n.s.          │
│ SEQUENTIAL vs ULID           │       +0.0% │   1.0000 │ Yes       │ n.s.          │
│ SEQUENTIAL vs ULID_MONOTONIC │       +0.0% │   1.0000 │ Yes       │ n.s.          │
│ SEQUENTIAL vs UUIDV1         │       +0.0% │   1.0000 │ Yes       │ n.s.          │
│ SEQUENTIAL vs OBJECTID       │       +0.0% │   1.0000 │ Yes       │ n.s.          │
└──────────────────────────────┴─────────────┴──────────┴───────────┴───────────────┘

Write Throughput (MB/s)
┌────────────────┬──────────┬──────────┬──────────┬──────────┬──────────┬─────────┐
│ Key Type       │ Median   │ Mean     │ StdDev   │ Min      │ Max      │ CV %    │
├────────────────┼──────────┼──────────┼──────────┼──────────┼──────────┼─────────┤
│ SEQUENTIAL     │      0.0 │      0.0 │      0.0 │      0.0 │      0.0 │    20.3 │
│ UUIDV4         │      0.0 │      0.0 │      0.0 │      0.0 │      0.0 │    28.0 │
│ UUIDV7         │      0.0 │      0.0 │      0.0 │      0.0 │      0.0 │     4.9 │
│ ULID           │      0.0 │      0.0 │      0.0 │      0.0 │      0.0 │     6.5 │
│ ULID_MONOTONIC │      0.0 │      0.0 │      0.0 │      0.0 │      0.0 │     3.4 │
│ UUIDV1         │      0.0 │      0.0 │      0.0 │      0.0 │      0.0 │    12.1 │
│ OBJECTID       │      0.0 │      0.0 │      0.0 │      0.0 │      0.0 │    18.3 │
└────────────────┴──────────┴──────────┴──────────┴──────────┴──────────┴─────────┘

Statistical Comparisons (vs SEQUENTIAL):
┌──────────────────────────────┬─────────────┬──────────┬───────────┬───────────────┐
│ Comparison                   │ Median Diff │ p-value  │ Overlap?  │ Significant?  │
├──────────────────────────────┼─────────────┼──────────┼───────────┼───────────────┤
│ SEQUENTIAL vs UUIDV4         │     +157.4% │   0.0090 │ No        │ No overlap    │
│ SEQUENTIAL vs UUIDV7         │      +30.2% │   0.6015 │ Yes       │ n.s.          │
│ SEQUENTIAL vs ULID           │      +25.2% │   0.6015 │ Yes       │ n.s.          │
│ SEQUENTIAL vs ULID_MONOTONIC │      +26.8% │   0.6015 │ Yes       │ n.s.          │
│ SEQUENTIAL vs UUIDV1         │      +12.1% │   0.9168 │ Yes       │ n.s.          │
│ SEQUENTIAL vs OBJECTID       │      +41.9% │   0.1172 │ Yes       │ n.s.          │
└──────────────────────────────┴─────────────┴──────────┴───────────┴───────────────┘

Exporting results to CSV...
  Statistical summary: /home/aaeirack/uuid-benchmark/results/mongodb_10m_read-performance_1conn.csv
  Raw runs data: /home/aaeirack/uuid-benchmark/results/mongodb_10m_read-performance_1conn_raw.csv

All scenarios completed successfully!
