Building workload binary for NoSQL databases...
Workload binary built: /tmp/uuid-workload-757906927/workload
UUID Benchmark - MongoDB
======================================================================
Database:     MongoDB
Scenario:     insert-performance
Records:      10000000
Batch Size:   100
Runs:         5 (statistical mode)
Testing:      [sequential uuidv4 uuidv7 ulid ulid_monotonic uuidv1 objectid]
======================================================================


Testing SEQUENTIAL (5 runs)
----------------------------------------------------------------------
  Run 1/5... Starting fresh MongoDB container...
Waiting for MongoDB to initialize...
Container ready
Inserting 10000000 records (connections=1, batch=100)...
Inserted 10000000 records in 50.512s
Throughput: 197969.57 records/sec
Measuring metrics...

Cleaning up container...
Container stopped and removed
done
  Run 2/5... Starting fresh MongoDB container...
Waiting for MongoDB to initialize...
Container ready
Inserting 10000000 records (connections=1, batch=100)...
Inserted 10000000 records in 50.839s
Throughput: 196696.61 records/sec
Measuring metrics...

Cleaning up container...
Container stopped and removed
done
  Run 3/5... Starting fresh MongoDB container...
Waiting for MongoDB to initialize...
Container ready
Inserting 10000000 records (connections=1, batch=100)...
Inserted 10000000 records in 50.368s
Throughput: 198537.89 records/sec
Measuring metrics...

Cleaning up container...
Container stopped and removed
done
  Run 4/5... Starting fresh MongoDB container...
Waiting for MongoDB to initialize...
Container ready
Inserting 10000000 records (connections=1, batch=100)...
Inserted 10000000 records in 49.16s
Throughput: 203413.76 records/sec
Measuring metrics...

Cleaning up container...
Container stopped and removed
done
  Run 5/5... Starting fresh MongoDB container...
Waiting for MongoDB to initialize...
Container ready
Inserting 10000000 records (connections=1, batch=100)...
Inserted 10000000 records in 50.631s
Throughput: 197506.97 records/sec
Measuring metrics...

Cleaning up container...
Container stopped and removed
done

Testing UUIDV4 (5 runs)
----------------------------------------------------------------------
  Run 1/5... Starting fresh MongoDB container...
Waiting for MongoDB to initialize...
Container ready
Inserting 10000000 records (connections=1, batch=100)...
Inserted 10000000 records in 1m25.923s
Throughput: 116382.30 records/sec
Measuring metrics...

Cleaning up container...
Container stopped and removed
done
  Run 2/5... Starting fresh MongoDB container...
Waiting for MongoDB to initialize...
Container ready
Inserting 10000000 records (connections=1, batch=100)...
Inserted 10000000 records in 1m25.55s
Throughput: 116889.51 records/sec
Measuring metrics...

Cleaning up container...
Container stopped and removed
done
  Run 3/5... Starting fresh MongoDB container...
Waiting for MongoDB to initialize...
Container ready
Inserting 10000000 records (connections=1, batch=100)...
Inserted 10000000 records in 1m26.653s
Throughput: 115402.01 records/sec
Measuring metrics...

Cleaning up container...
Container stopped and removed
done
  Run 4/5... Starting fresh MongoDB container...
Waiting for MongoDB to initialize...
Container ready
Inserting 10000000 records (connections=1, batch=100)...
Inserted 10000000 records in 1m25.871s
Throughput: 116453.50 records/sec
Measuring metrics...

Cleaning up container...
Container stopped and removed
done
  Run 5/5... Starting fresh MongoDB container...
Waiting for MongoDB to initialize...
Container ready
Inserting 10000000 records (connections=1, batch=100)...
Inserted 10000000 records in 1m24.971s
Throughput: 117686.02 records/sec
Measuring metrics...

Cleaning up container...
Container stopped and removed
done

Testing UUIDV7 (5 runs)
----------------------------------------------------------------------
  Run 1/5... Starting fresh MongoDB container...
Waiting for MongoDB to initialize...
Container ready
Inserting 10000000 records (connections=1, batch=100)...
Inserted 10000000 records in 54.225s
Throughput: 184415.25 records/sec
Measuring metrics...

Cleaning up container...
Container stopped and removed
done
  Run 2/5... Starting fresh MongoDB container...
Waiting for MongoDB to initialize...
Container ready
Inserting 10000000 records (connections=1, batch=100)...
Inserted 10000000 records in 54.543s
Throughput: 183338.66 records/sec
Measuring metrics...

Cleaning up container...
Container stopped and removed
done
  Run 3/5... Starting fresh MongoDB container...
Waiting for MongoDB to initialize...
Container ready
Inserting 10000000 records (connections=1, batch=100)...
Inserted 10000000 records in 52.516s
Throughput: 190414.88 records/sec
Measuring metrics...

Cleaning up container...
Container stopped and removed
done
  Run 4/5... Starting fresh MongoDB container...
Waiting for MongoDB to initialize...
Container ready
Inserting 10000000 records (connections=1, batch=100)...
Inserted 10000000 records in 52.737s
Throughput: 189618.74 records/sec
Measuring metrics...

Cleaning up container...
Container stopped and removed
done
  Run 5/5... Starting fresh MongoDB container...
Waiting for MongoDB to initialize...
Container ready
Inserting 10000000 records (connections=1, batch=100)...
Inserted 10000000 records in 53.894s
Throughput: 185547.04 records/sec
Measuring metrics...

Cleaning up container...
Container stopped and removed
done

Testing ULID (5 runs)
----------------------------------------------------------------------
  Run 1/5... Starting fresh MongoDB container...
Waiting for MongoDB to initialize...
Container ready
Inserting 10000000 records (connections=1, batch=100)...
Inserted 10000000 records in 54.972s
Throughput: 181909.13 records/sec
Measuring metrics...

Cleaning up container...
Container stopped and removed
done
  Run 2/5... Starting fresh MongoDB container...
Waiting for MongoDB to initialize...
Container ready
Inserting 10000000 records (connections=1, batch=100)...
Inserted 10000000 records in 55.274s
Throughput: 180916.42 records/sec
Measuring metrics...

Cleaning up container...
Container stopped and removed
done
  Run 3/5... Starting fresh MongoDB container...
Waiting for MongoDB to initialize...
Container ready
Inserting 10000000 records (connections=1, batch=100)...
Inserted 10000000 records in 55.498s
Throughput: 180184.51 records/sec
Measuring metrics...

Cleaning up container...
Container stopped and removed
done
  Run 4/5... Starting fresh MongoDB container...
Waiting for MongoDB to initialize...
Container ready
Inserting 10000000 records (connections=1, batch=100)...
Inserted 10000000 records in 55.442s
Throughput: 180367.50 records/sec
Measuring metrics...

Cleaning up container...
Container stopped and removed
done
  Run 5/5... Starting fresh MongoDB container...
Waiting for MongoDB to initialize...
Container ready
Inserting 10000000 records (connections=1, batch=100)...
Inserted 10000000 records in 56.659s
Throughput: 176492.02 records/sec
Measuring metrics...

Cleaning up container...
Container stopped and removed
done

Testing ULID_MONOTONIC (5 runs)
----------------------------------------------------------------------
  Run 1/5... Starting fresh MongoDB container...
Waiting for MongoDB to initialize...
Container ready
Inserting 10000000 records (connections=1, batch=100)...
Inserted 10000000 records in 53.756s
Throughput: 186022.37 records/sec
Measuring metrics...

Cleaning up container...
Container stopped and removed
done
  Run 2/5... Starting fresh MongoDB container...
Waiting for MongoDB to initialize...
Container ready
Inserting 10000000 records (connections=1, batch=100)...
Inserted 10000000 records in 53.326s
Throughput: 187524.70 records/sec
Measuring metrics...

Cleaning up container...
Container stopped and removed
done
  Run 3/5... Starting fresh MongoDB container...
Waiting for MongoDB to initialize...
Container ready
Inserting 10000000 records (connections=1, batch=100)...
Inserted 10000000 records in 55.811s
Throughput: 179174.65 records/sec
Measuring metrics...

Cleaning up container...
Container stopped and removed
done
  Run 4/5... Starting fresh MongoDB container...
Waiting for MongoDB to initialize...
Container ready
Inserting 10000000 records (connections=1, batch=100)...
Inserted 10000000 records in 53.736s
Throughput: 186093.96 records/sec
Measuring metrics...

Cleaning up container...
Container stopped and removed
done
  Run 5/5... Starting fresh MongoDB container...
Waiting for MongoDB to initialize...
Container ready
Inserting 10000000 records (connections=1, batch=100)...
Inserted 10000000 records in 53.371s
Throughput: 187366.86 records/sec
Measuring metrics...

Cleaning up container...
Container stopped and removed
done

Testing UUIDV1 (5 runs)
----------------------------------------------------------------------
  Run 1/5... Starting fresh MongoDB container...
Waiting for MongoDB to initialize...
Container ready
Inserting 10000000 records (connections=1, batch=100)...
Inserted 10000000 records in 53.581s
Throughput: 186633.32 records/sec
Measuring metrics...

Cleaning up container...
Container stopped and removed
done
  Run 2/5... Starting fresh MongoDB container...
Waiting for MongoDB to initialize...
Container ready
Inserting 10000000 records (connections=1, batch=100)...
Inserted 10000000 records in 52.809s
Throughput: 189359.71 records/sec
Measuring metrics...

Cleaning up container...
Container stopped and removed
done
  Run 3/5... Starting fresh MongoDB container...
Waiting for MongoDB to initialize...
Container ready
Inserting 10000000 records (connections=1, batch=100)...
Inserted 10000000 records in 53.068s
Throughput: 188435.11 records/sec
Measuring metrics...

Cleaning up container...
Container stopped and removed
done
  Run 4/5... Starting fresh MongoDB container...
Waiting for MongoDB to initialize...
Container ready
Inserting 10000000 records (connections=1, batch=100)...
Inserted 10000000 records in 52.997s
Throughput: 188689.89 records/sec
Measuring metrics...

Cleaning up container...
Container stopped and removed
done
  Run 5/5... Starting fresh MongoDB container...
Waiting for MongoDB to initialize...
Container ready
Inserting 10000000 records (connections=1, batch=100)...
Inserted 10000000 records in 52.769s
Throughput: 189504.01 records/sec
Measuring metrics...

Cleaning up container...
Container stopped and removed
done

Testing OBJECTID (5 runs)
----------------------------------------------------------------------
  Run 1/5... Starting fresh MongoDB container...
Waiting for MongoDB to initialize...
Container ready
Inserting 10000000 records (connections=1, batch=100)...
Inserted 10000000 records in 51.081s
Throughput: 195765.71 records/sec
Measuring metrics...

Cleaning up container...
Container stopped and removed
done
  Run 2/5... Starting fresh MongoDB container...
Waiting for MongoDB to initialize...
Container ready
Inserting 10000000 records (connections=1, batch=100)...
Inserted 10000000 records in 49.767s
Throughput: 200932.48 records/sec
Measuring metrics...

Cleaning up container...
Container stopped and removed
done
  Run 3/5... Starting fresh MongoDB container...
Waiting for MongoDB to initialize...
Container ready
Inserting 10000000 records (connections=1, batch=100)...
Inserted 10000000 records in 51.12s
Throughput: 195616.45 records/sec
Measuring metrics...

Cleaning up container...
Container stopped and removed
done
  Run 4/5... Starting fresh MongoDB container...
Waiting for MongoDB to initialize...
Container ready
Inserting 10000000 records (connections=1, batch=100)...
Inserted 10000000 records in 51.118s
Throughput: 195625.55 records/sec
Measuring metrics...

Cleaning up container...
Container stopped and removed
done
  Run 5/5... Starting fresh MongoDB container...
Waiting for MongoDB to initialize...
Container ready
Inserting 10000000 records (connections=1, batch=100)...
Inserted 10000000 records in 50.145s
Throughput: 199420.10 records/sec
Measuring metrics...

Cleaning up container...
Container stopped and removed
done

====================================================================================================
Insert Performance - Statistical Summary (5 runs per UUID type)
====================================================================================================

Throughput (records/sec)
┌────────────────┬──────────┬──────────┬──────────┬──────────┬──────────┬─────────┐
│ Key Type       │ Median   │ Mean     │ StdDev   │ Min      │ Max      │ CV %    │
├────────────────┼──────────┼──────────┼──────────┼──────────┼──────────┼─────────┤
│ SEQUENTIAL     │   197970 │   198825 │     2652 │   196697 │   203414 │     1.3 │
│ UUIDV4         │   116453 │   116563 │      831 │   115402 │   117686 │     0.7 │
│ UUIDV7         │   185547 │   186667 │     3169 │   183339 │   190415 │     1.7 │
│ ULID           │   180367 │   179974 │     2059 │   176492 │   181909 │     1.1 │
│ ULID_MONOTONIC │   186094 │   185237 │     3460 │   179175 │   187525 │     1.9 │
│ UUIDV1         │   188690 │   188524 │     1148 │   186633 │   189504 │     0.6 │
│ OBJECTID       │   195766 │   197472 │     2527 │   195616 │   200932 │     1.3 │
└────────────────┴──────────┴──────────┴──────────┴──────────┴──────────┴─────────┘

Statistical Comparisons (vs SEQUENTIAL):
┌──────────────────────────────┬─────────────┬──────────┬───────────┬───────────────┐
│ Comparison                   │ Median Diff │ p-value  │ Overlap?  │ Significant?  │
├──────────────────────────────┼─────────────┼──────────┼───────────┼───────────────┤
│ SEQUENTIAL vs UUIDV4         │      -41.2% │   0.0090 │ No        │ No overlap    │
│ SEQUENTIAL vs UUIDV7         │       -6.3% │   0.0090 │ No        │ No overlap    │
│ SEQUENTIAL vs ULID           │       -8.9% │   0.0090 │ No        │ No overlap    │
│ SEQUENTIAL vs ULID_MONOTONIC │       -6.0% │   0.0090 │ No        │ No overlap    │
│ SEQUENTIAL vs UUIDV1         │       -4.7% │   0.0090 │ No        │ No overlap    │
│ SEQUENTIAL vs OBJECTID       │       -1.1% │   0.3472 │ Yes       │ n.s.          │
└──────────────────────────────┴─────────────┴──────────┴───────────┴───────────────┘

Page Splits
┌────────────────┬──────────┬──────────┬──────────┬──────────┬──────────┬─────────┐
│ Key Type       │ Median   │ Mean     │ StdDev   │ Min      │ Max      │ CV %    │
├────────────────┼──────────┼──────────┼──────────┼──────────┼──────────┼─────────┤
│ SEQUENTIAL     │     1631 │     1631 │        7 │     1625 │     1642 │     0.4 │
│ UUIDV4         │    21261 │    21297 │      192 │    21107 │    21599 │     0.9 │
│ UUIDV7         │     1687 │     1690 │       12 │     1675 │     1707 │     0.7 │
│ ULID           │     1682 │     1686 │       12 │     1674 │     1705 │     0.7 │
│ ULID_MONOTONIC │     1691 │     1704 │       28 │     1679 │     1747 │     1.6 │
│ UUIDV1         │     1670 │     1672 │       10 │     1660 │     1688 │     0.6 │
│ OBJECTID       │     1673 │     1680 │       20 │     1661 │     1712 │     1.2 │
└────────────────┴──────────┴──────────┴──────────┴──────────┴──────────┴─────────┘

Statistical Comparisons (vs SEQUENTIAL):
┌──────────────────────────────┬─────────────┬──────────┬───────────┬───────────────┐
│ Comparison                   │ Median Diff │ p-value  │ Overlap?  │ Significant?  │
├──────────────────────────────┼─────────────┼──────────┼───────────┼───────────────┤
│ SEQUENTIAL vs UUIDV4         │    +1203.6% │   0.0090 │ No        │ No overlap    │
│ SEQUENTIAL vs UUIDV7         │       +3.4% │   0.0090 │ No        │ No overlap    │
│ SEQUENTIAL vs ULID           │       +3.1% │   0.0090 │ No        │ No overlap    │
│ SEQUENTIAL vs ULID_MONOTONIC │       +3.7% │   0.0090 │ No        │ No overlap    │
│ SEQUENTIAL vs UUIDV1         │       +2.4% │   0.0090 │ No        │ No overlap    │
│ SEQUENTIAL vs OBJECTID       │       +2.6% │   0.0090 │ No        │ No overlap    │
└──────────────────────────────┴─────────────┴──────────┴───────────┴───────────────┘

Table Size (MB)
┌────────────────┬──────────┬──────────┬──────────┬──────────┬──────────┬─────────┐
│ Key Type       │ Median   │ Mean     │ StdDev   │ Min      │ Max      │ CV %    │
├────────────────┼──────────┼──────────┼──────────┼──────────┼──────────┼─────────┤
│ SEQUENTIAL     │   1059.2 │   1059.2 │      0.0 │   1059.2 │   1059.2 │     0.0 │
│ UUIDV4         │   1070.3 │   1070.6 │      0.4 │   1070.2 │   1071.1 │     0.0 │
│ UUIDV7         │   1070.0 │   1070.0 │      0.1 │   1069.8 │   1070.0 │     0.0 │
│ ULID           │   1070.0 │   1070.0 │      0.1 │   1069.8 │   1070.0 │     0.0 │
│ ULID_MONOTONIC │   1070.0 │   1069.9 │      0.1 │   1069.8 │   1070.0 │     0.0 │
│ UUIDV1         │   1070.0 │   1070.0 │      0.0 │   1070.0 │   1070.0 │     0.0 │
│ OBJECTID       │   1059.1 │   1059.1 │      0.1 │   1059.1 │   1059.3 │     0.0 │
└────────────────┴──────────┴──────────┴──────────┴──────────┴──────────┴─────────┘

Statistical Comparisons (vs SEQUENTIAL):
┌──────────────────────────────┬─────────────┬──────────┬───────────┬───────────────┐
│ Comparison                   │ Median Diff │ p-value  │ Overlap?  │ Significant?  │
├──────────────────────────────┼─────────────┼──────────┼───────────┼───────────────┤
│ SEQUENTIAL vs UUIDV4         │       +1.0% │   0.0090 │ No        │ No overlap    │
│ SEQUENTIAL vs UUIDV7         │       +1.0% │   0.0090 │ No        │ No overlap    │
│ SEQUENTIAL vs ULID           │       +1.0% │   0.0090 │ No        │ No overlap    │
│ SEQUENTIAL vs ULID_MONOTONIC │       +1.0% │   0.0090 │ No        │ No overlap    │
│ SEQUENTIAL vs UUIDV1         │       +1.0% │   0.0090 │ No        │ No overlap    │
│ SEQUENTIAL vs OBJECTID       │       -0.0% │   0.1172 │ Yes       │ n.s.          │
└──────────────────────────────┴─────────────┴──────────┴───────────┴───────────────┘

Index Size (MB)
┌────────────────┬──────────┬──────────┬──────────┬──────────┬──────────┬─────────┐
│ Key Type       │ Median   │ Mean     │ StdDev   │ Min      │ Max      │ CV %    │
├────────────────┼──────────┼──────────┼──────────┼──────────┼──────────┼─────────┤
│ SEQUENTIAL     │    124.0 │    124.0 │      0.0 │    124.0 │    124.0 │     0.0 │
│ UUIDV4         │    459.4 │    459.4 │      3.2 │    456.3 │    464.4 │     0.7 │
│ UUIDV7         │    198.5 │    198.5 │      0.1 │    198.5 │    198.6 │     0.0 │
│ ULID           │    199.9 │    200.0 │      0.0 │    199.9 │    200.0 │     0.0 │
│ ULID_MONOTONIC │    187.6 │    187.6 │      0.1 │    187.5 │    187.8 │     0.1 │
│ UUIDV1         │    234.5 │    234.4 │      0.0 │    234.4 │    234.5 │     0.0 │
│ OBJECTID       │    104.8 │    104.8 │      0.0 │    104.8 │    104.8 │     0.0 │
└────────────────┴──────────┴──────────┴──────────┴──────────┴──────────┴─────────┘

Statistical Comparisons (vs SEQUENTIAL):
┌──────────────────────────────┬─────────────┬──────────┬───────────┬───────────────┐
│ Comparison                   │ Median Diff │ p-value  │ Overlap?  │ Significant?  │
├──────────────────────────────┼─────────────┼──────────┼───────────┼───────────────┤
│ SEQUENTIAL vs UUIDV4         │     +270.5% │   0.0090 │ No        │ No overlap    │
│ SEQUENTIAL vs UUIDV7         │      +60.1% │   0.0090 │ No        │ No overlap    │
│ SEQUENTIAL vs ULID           │      +61.2% │   0.0090 │ No        │ No overlap    │
│ SEQUENTIAL vs ULID_MONOTONIC │      +51.3% │   0.0090 │ No        │ No overlap    │
│ SEQUENTIAL vs UUIDV1         │      +89.1% │   0.0090 │ No        │ No overlap    │
│ SEQUENTIAL vs OBJECTID       │      -15.5% │   0.0090 │ No        │ No overlap    │
└──────────────────────────────┴─────────────┴──────────┴───────────┴───────────────┘

Latency P99 (µs)
┌────────────────┬──────────┬──────────┬──────────┬──────────┬──────────┬─────────┐
│ Key Type       │ Median   │ Mean     │ StdDev   │ Min      │ Max      │ CV %    │
├────────────────┼──────────┼──────────┼──────────┼──────────┼──────────┼─────────┤
│ SEQUENTIAL     │      854 │      856 │       10 │      842 │      870 │     1.2 │
│ UUIDV4         │     1660 │     1666 │       58 │     1595 │     1734 │     3.5 │
│ UUIDV7         │      876 │      872 │       14 │      855 │      888 │     1.6 │
│ ULID           │      900 │      915 │       38 │      887 │      981 │     4.2 │
│ ULID_MONOTONIC │      892 │      908 │       50 │      873 │      994 │     5.5 │
│ UUIDV1         │      868 │      871 │        9 │      860 │      882 │     1.0 │
│ OBJECTID       │      866 │      863 │       24 │      838 │      899 │     2.8 │
└────────────────┴──────────┴──────────┴──────────┴──────────┴──────────┴─────────┘

Statistical Comparisons (vs SEQUENTIAL):
┌──────────────────────────────┬─────────────┬──────────┬───────────┬───────────────┐
│ Comparison                   │ Median Diff │ p-value  │ Overlap?  │ Significant?  │
├──────────────────────────────┼─────────────┼──────────┼───────────┼───────────────┤
│ SEQUENTIAL vs UUIDV4         │      +94.4% │   0.0090 │ No        │ No overlap    │
│ SEQUENTIAL vs UUIDV7         │       +2.6% │   0.0472 │ Yes       │ * (p<0.05)    │
│ SEQUENTIAL vs ULID           │       +5.4% │   0.0090 │ No        │ No overlap    │
│ SEQUENTIAL vs ULID_MONOTONIC │       +4.4% │   0.0090 │ No        │ No overlap    │
│ SEQUENTIAL vs UUIDV1         │       +1.6% │   0.0601 │ Yes       │ n.s.          │
│ SEQUENTIAL vs OBJECTID       │       +1.4% │   0.7540 │ Yes       │ n.s.          │
└──────────────────────────────┴─────────────┴──────────┴───────────┴───────────────┘

Write IOPS
┌────────────────┬──────────┬──────────┬──────────┬──────────┬──────────┬─────────┐
│ Key Type       │ Median   │ Mean     │ StdDev   │ Min      │ Max      │ CV %    │
├────────────────┼──────────┼──────────┼──────────┼──────────┼──────────┼─────────┤
│ SEQUENTIAL     │      327 │      327 │       11 │      311 │      341 │     3.4 │
│ UUIDV4         │      373 │      372 │       34 │      318 │      402 │     9.2 │
│ UUIDV7         │      326 │      327 │        3 │      323 │      331 │     1.0 │
│ ULID           │      322 │      321 │       10 │      310 │      336 │     3.1 │
│ ULID_MONOTONIC │      317 │      313 │       10 │      300 │      323 │     3.3 │
│ UUIDV1         │      307 │      308 │        5 │      304 │      317 │     1.7 │
│ OBJECTID       │      323 │      297 │       45 │      247 │      336 │    15.2 │
└────────────────┴──────────┴──────────┴──────────┴──────────┴──────────┴─────────┘

Statistical Comparisons (vs SEQUENTIAL):
┌──────────────────────────────┬─────────────┬──────────┬───────────┬───────────────┐
│ Comparison                   │ Median Diff │ p-value  │ Overlap?  │ Significant?  │
├──────────────────────────────┼─────────────┼──────────┼───────────┼───────────────┤
│ SEQUENTIAL vs UUIDV4         │      +14.1% │   0.0758 │ Yes       │ n.s.          │
│ SEQUENTIAL vs UUIDV7         │       -0.2% │   0.6015 │ Yes       │ n.s.          │
│ SEQUENTIAL vs ULID           │       -1.6% │   0.2506 │ Yes       │ n.s.          │
│ SEQUENTIAL vs ULID_MONOTONIC │       -3.1% │   0.0472 │ Yes       │ * (p<0.05)    │
│ SEQUENTIAL vs UUIDV1         │       -6.2% │   0.0163 │ Yes       │ * (p<0.05)    │
│ SEQUENTIAL vs OBJECTID       │       -1.3% │   0.3472 │ Yes       │ n.s.          │
└──────────────────────────────┴─────────────┴──────────┴───────────┴───────────────┘

Exporting results to CSV...
  Statistical summary: /home/eike/dev/studium/uuid-benchmark/results/mongodb_10m_insert-performance_1conn.csv
  Raw runs data: /home/eike/dev/studium/uuid-benchmark/results/mongodb_10m_insert-performance_1conn_raw.csv

All scenarios completed successfully!
