UUID Benchmark - MySQL
======================================================================
Database:     MySQL
Scenario:     update-performance
Records:      100000
Batch Size:   100
Runs:         5 (statistical mode)
Testing:      [sequential uuidv4 uuidv7 ulid ulid_monotonic uuidv1]
======================================================================


Testing SEQUENTIAL (5 runs)
----------------------------------------------------------------------
  Run 1/5... Starting fresh MySQL container...
Waiting for MySQL to initialize...
Container ready
Inserting 100000 records...
Inserted 100000 records
Running 100000 updates...
Completed 100000 updates in 1m53.364s
Update throughput: 882.11 ops/sec
Measuring fragmentation...

Cleaning up container...
Container stopped and removed
done
  Run 2/5... Starting fresh MySQL container...
Waiting for MySQL to initialize...
Container ready
Inserting 100000 records...
Inserted 100000 records
Running 100000 updates...
Completed 100000 updates in 1m54.51s
Update throughput: 873.28 ops/sec
Measuring fragmentation...

Cleaning up container...
Container stopped and removed
done
  Run 3/5... Starting fresh MySQL container...
Waiting for MySQL to initialize...
Container ready
Inserting 100000 records...
Inserted 100000 records
Running 100000 updates...
Completed 100000 updates in 1m56.501s
Update throughput: 858.36 ops/sec
Measuring fragmentation...

Cleaning up container...
Container stopped and removed
done
  Run 4/5... Starting fresh MySQL container...
Waiting for MySQL to initialize...
Container ready
Inserting 100000 records...
Inserted 100000 records
Running 100000 updates...
Completed 100000 updates in 1m55.15s
Update throughput: 868.43 ops/sec
Measuring fragmentation...

Cleaning up container...
Container stopped and removed
done
  Run 5/5... Starting fresh MySQL container...
Waiting for MySQL to initialize...
Container ready
Inserting 100000 records...
Inserted 100000 records
Running 100000 updates...
Completed 100000 updates in 1m55.633s
Update throughput: 864.80 ops/sec
Measuring fragmentation...

Cleaning up container...
Container stopped and removed
done

Testing UUIDV4 (5 runs)
----------------------------------------------------------------------
  Run 1/5... Starting fresh MySQL container...
Waiting for MySQL to initialize...
Container ready
Inserting 100000 records...
Inserted 100000 records
Running 100000 updates...
Completed 100000 updates in 1m57.345s
Update throughput: 852.19 ops/sec
Measuring fragmentation...

Cleaning up container...
Container stopped and removed
done
  Run 2/5... Starting fresh MySQL container...
Waiting for MySQL to initialize...
Container ready
Inserting 100000 records...
Inserted 100000 records
Running 100000 updates...
Completed 100000 updates in 1m54.553s
Update throughput: 872.95 ops/sec
Measuring fragmentation...

Cleaning up container...
Container stopped and removed
done
  Run 3/5... Starting fresh MySQL container...
Waiting for MySQL to initialize...
Container ready
Inserting 100000 records...
Inserted 100000 records
Running 100000 updates...
Completed 100000 updates in 1m55.527s
Update throughput: 865.59 ops/sec
Measuring fragmentation...

Cleaning up container...
Container stopped and removed
done
  Run 4/5... Starting fresh MySQL container...
Waiting for MySQL to initialize...
Container ready
Inserting 100000 records...
Inserted 100000 records
Running 100000 updates...
Completed 100000 updates in 1m56.244s
Update throughput: 860.26 ops/sec
Measuring fragmentation...

Cleaning up container...
Container stopped and removed
done
  Run 5/5... Starting fresh MySQL container...
Waiting for MySQL to initialize...
Container ready
Inserting 100000 records...
Inserted 100000 records
Running 100000 updates...
Completed 100000 updates in 1m55.995s
Update throughput: 862.11 ops/sec
Measuring fragmentation...

Cleaning up container...
Container stopped and removed
done

Testing UUIDV7 (5 runs)
----------------------------------------------------------------------
  Run 1/5... Starting fresh MySQL container...
Waiting for MySQL to initialize...
Container ready
Inserting 100000 records...
Inserted 100000 records
Running 100000 updates...
Completed 100000 updates in 1m56.043s
Update throughput: 861.74 ops/sec
Measuring fragmentation...

Cleaning up container...
Container stopped and removed
done
  Run 2/5... Starting fresh MySQL container...
Waiting for MySQL to initialize...
Container ready
Inserting 100000 records...
Inserted 100000 records
Running 100000 updates...
Completed 100000 updates in 1m55.061s
Update throughput: 869.10 ops/sec
Measuring fragmentation...

Cleaning up container...
Container stopped and removed
done
  Run 3/5... Starting fresh MySQL container...
Waiting for MySQL to initialize...
Container ready
Inserting 100000 records...
Inserted 100000 records
Running 100000 updates...
Completed 100000 updates in 1m54.809s
Update throughput: 871.00 ops/sec
Measuring fragmentation...

Cleaning up container...
Container stopped and removed
done
  Run 4/5... Starting fresh MySQL container...
Waiting for MySQL to initialize...
Container ready
Inserting 100000 records...
Inserted 100000 records
Running 100000 updates...
Completed 100000 updates in 1m53.615s
Update throughput: 880.16 ops/sec
Measuring fragmentation...

Cleaning up container...
Container stopped and removed
done
  Run 5/5... Starting fresh MySQL container...
Waiting for MySQL to initialize...
Container ready
Inserting 100000 records...
Inserted 100000 records
Running 100000 updates...
Completed 100000 updates in 1m53.762s
Update throughput: 879.02 ops/sec
Measuring fragmentation...

Cleaning up container...
Container stopped and removed
done

Testing ULID (5 runs)
----------------------------------------------------------------------
  Run 1/5... Starting fresh MySQL container...
Waiting for MySQL to initialize...
Container ready
Inserting 100000 records...
Inserted 100000 records
Running 100000 updates...
Completed 100000 updates in 1m53.997s
Update throughput: 877.21 ops/sec
Measuring fragmentation...

Cleaning up container...
Container stopped and removed
done
  Run 2/5... Starting fresh MySQL container...
Waiting for MySQL to initialize...
Container ready
Inserting 100000 records...
Inserted 100000 records
Running 100000 updates...
Completed 100000 updates in 1m56.492s
Update throughput: 858.43 ops/sec
Measuring fragmentation...

Cleaning up container...
Container stopped and removed
done
  Run 3/5... Starting fresh MySQL container...
Waiting for MySQL to initialize...
Container ready
Inserting 100000 records...
Inserted 100000 records
Running 100000 updates...
Completed 100000 updates in 1m52.816s
Update throughput: 886.40 ops/sec
Measuring fragmentation...

Cleaning up container...
Container stopped and removed
done
  Run 4/5... Starting fresh MySQL container...
Waiting for MySQL to initialize...
Container ready
Inserting 100000 records...
Inserted 100000 records
Running 100000 updates...
Completed 100000 updates in 1m56.475s
Update throughput: 858.55 ops/sec
Measuring fragmentation...

Cleaning up container...
Container stopped and removed
done
  Run 5/5... Starting fresh MySQL container...
Waiting for MySQL to initialize...
Container ready
Inserting 100000 records...
Inserted 100000 records
Running 100000 updates...
Completed 100000 updates in 1m54.967s
Update throughput: 869.81 ops/sec
Measuring fragmentation...

Cleaning up container...
Container stopped and removed
done

Testing ULID_MONOTONIC (5 runs)
----------------------------------------------------------------------
  Run 1/5... Starting fresh MySQL container...
Waiting for MySQL to initialize...
Container ready
Inserting 100000 records...
Inserted 100000 records
Running 100000 updates...
Completed 100000 updates in 1m57.022s
Update throughput: 854.53 ops/sec
Measuring fragmentation...

Cleaning up container...
Container stopped and removed
done
  Run 2/5... Starting fresh MySQL container...
Waiting for MySQL to initialize...
Container ready
Inserting 100000 records...
Inserted 100000 records
Running 100000 updates...
Completed 100000 updates in 1m54.691s
Update throughput: 871.90 ops/sec
Measuring fragmentation...

Cleaning up container...
Container stopped and removed
done
  Run 3/5... Starting fresh MySQL container...
Waiting for MySQL to initialize...
Container ready
Inserting 100000 records...
Inserted 100000 records
Running 100000 updates...
Completed 100000 updates in 1m53.599s
Update throughput: 880.29 ops/sec
Measuring fragmentation...

Cleaning up container...
Container stopped and removed
done
  Run 4/5... Starting fresh MySQL container...
Waiting for MySQL to initialize...
Container ready
Inserting 100000 records...
Inserted 100000 records
Running 100000 updates...
Completed 100000 updates in 1m54.85s
Update throughput: 870.70 ops/sec
Measuring fragmentation...

Cleaning up container...
Container stopped and removed
done
  Run 5/5... Starting fresh MySQL container...
Waiting for MySQL to initialize...
Container ready
Inserting 100000 records...
Inserted 100000 records
Running 100000 updates...
Completed 100000 updates in 1m56.131s
Update throughput: 861.09 ops/sec
Measuring fragmentation...

Cleaning up container...
Container stopped and removed
done

Testing UUIDV1 (5 runs)
----------------------------------------------------------------------
  Run 1/5... Starting fresh MySQL container...
Waiting for MySQL to initialize...
Container ready
Inserting 100000 records...
Inserted 100000 records
Running 100000 updates...
Completed 100000 updates in 1m54.841s
Update throughput: 870.77 ops/sec
Measuring fragmentation...

Cleaning up container...
Container stopped and removed
done
  Run 2/5... Starting fresh MySQL container...
Waiting for MySQL to initialize...
Container ready
Inserting 100000 records...
Inserted 100000 records
Running 100000 updates...
Completed 100000 updates in 1m54.284s
Update throughput: 875.01 ops/sec
Measuring fragmentation...

Cleaning up container...
Container stopped and removed
done
  Run 3/5... Starting fresh MySQL container...
Waiting for MySQL to initialize...
Container ready
Inserting 100000 records...
Inserted 100000 records
Running 100000 updates...
Completed 100000 updates in 1m55.458s
Update throughput: 866.11 ops/sec
Measuring fragmentation...

Cleaning up container...
Container stopped and removed
done
  Run 4/5... Starting fresh MySQL container...
Waiting for MySQL to initialize...
Container ready
Inserting 100000 records...
Inserted 100000 records
Running 100000 updates...
Completed 100000 updates in 1m54.346s
Update throughput: 874.54 ops/sec
Measuring fragmentation...

Cleaning up container...
Container stopped and removed
done
  Run 5/5... Starting fresh MySQL container...
Waiting for MySQL to initialize...
Container ready
Inserting 100000 records...
Inserted 100000 records
Running 100000 updates...
Completed 100000 updates in 1m53.914s
Update throughput: 877.85 ops/sec
Measuring fragmentation...

Cleaning up container...
Container stopped and removed
done

====================================================================================================
Update Performance - Statistical Summary (5 runs per UUID type)
====================================================================================================

Update Throughput (ops/sec)
┌────────────────┬──────────┬──────────┬──────────┬──────────┬──────────┬─────────┐
│ Key Type       │ Median   │ Mean     │ StdDev   │ Min      │ Max      │ CV %    │
├────────────────┼──────────┼──────────┼──────────┼──────────┼──────────┼─────────┤
│ SEQUENTIAL     │      868 │      869 │        9 │      858 │      882 │     1.0 │
│ UUIDV4         │      862 │      863 │        8 │      852 │      873 │     0.9 │
│ UUIDV7         │      871 │      872 │        8 │      862 │      880 │     0.9 │
│ ULID           │      870 │      870 │       12 │      858 │      886 │     1.4 │
│ ULID_MONOTONIC │      871 │      868 │       10 │      855 │      880 │     1.2 │
│ UUIDV1         │      875 │      873 │        5 │      866 │      878 │     0.5 │
└────────────────┴──────────┴──────────┴──────────┴──────────┴──────────┴─────────┘

Statistical Comparisons (vs SEQUENTIAL):
┌──────────────────────────────┬─────────────┬──────────┬───────────┬───────────────┐
│ Comparison                   │ Median Diff │ p-value  │ Overlap?  │ Significant?  │
├──────────────────────────────┼─────────────┼──────────┼───────────┼───────────────┤
│ SEQUENTIAL vs UUIDV4         │       -0.7% │   0.2506 │ Yes       │ n.s.          │
│ SEQUENTIAL vs UUIDV7         │       +0.3% │   0.6015 │ Yes       │ n.s.          │
│ SEQUENTIAL vs ULID           │       +0.2% │   0.7540 │ Yes       │ n.s.          │
│ SEQUENTIAL vs ULID_MONOTONIC │       +0.3% │   0.7540 │ Yes       │ n.s.          │
│ SEQUENTIAL vs UUIDV1         │       +0.7% │   0.3472 │ Yes       │ n.s.          │
└──────────────────────────────┴─────────────┴──────────┴───────────┴───────────────┘

Fragmentation (%)
┌────────────────┬──────────┬──────────┬──────────┬──────────┬──────────┬─────────┐
│ Key Type       │ Median   │ Mean     │ StdDev   │ Min      │ Max      │ CV %    │
├────────────────┼──────────┼──────────┼──────────┼──────────┼──────────┼─────────┤
│ SEQUENTIAL     │     0.92 │     0.92 │     0.00 │     0.92 │     0.92 │     0.0 │
│ UUIDV4         │    13.07 │    13.16 │     0.29 │    12.94 │    13.67 │     2.2 │
│ UUIDV7         │     0.97 │     0.97 │     0.00 │     0.97 │     0.97 │     0.0 │
│ ULID           │    12.90 │    12.95 │     0.12 │    12.83 │    13.12 │     0.9 │
│ ULID_MONOTONIC │     0.97 │     0.97 │     0.00 │     0.97 │     0.97 │     0.0 │
│ UUIDV1         │     0.97 │     0.97 │     0.00 │     0.97 │     0.97 │     0.0 │
└────────────────┴──────────┴──────────┴──────────┴──────────┴──────────┴─────────┘

Statistical Comparisons (vs SEQUENTIAL):
┌──────────────────────────────┬─────────────┬──────────┬───────────┬───────────────┐
│ Comparison                   │ Median Diff │ p-value  │ Overlap?  │ Significant?  │
├──────────────────────────────┼─────────────┼──────────┼───────────┼───────────────┤
│ SEQUENTIAL vs UUIDV4         │    +1328.0% │   0.0090 │ No        │ No overlap    │
│ SEQUENTIAL vs UUIDV7         │       +6.0% │   0.0090 │ No        │ No overlap    │
│ SEQUENTIAL vs ULID           │    +1308.7% │   0.0090 │ No        │ No overlap    │
│ SEQUENTIAL vs ULID_MONOTONIC │       +6.0% │   0.0090 │ No        │ No overlap    │
│ SEQUENTIAL vs UUIDV1         │       +6.0% │   0.0090 │ No        │ No overlap    │
└──────────────────────────────┴─────────────┴──────────┴───────────┴───────────────┘

Latency P50 (µs)
┌────────────────┬──────────┬──────────┬──────────┬──────────┬──────────┬─────────┐
│ Key Type       │ Median   │ Mean     │ StdDev   │ Min      │ Max      │ CV %    │
├────────────────┼──────────┼──────────┼──────────┼──────────┼──────────┼─────────┤
│ SEQUENTIAL     │     1022 │     1023 │        2 │     1020 │     1026 │     0.2 │
│ UUIDV4         │     1022 │     1022 │        4 │     1017 │     1028 │     0.4 │
│ UUIDV7         │     1018 │     1019 │        5 │     1013 │     1027 │     0.5 │
│ ULID           │     1012 │     1012 │        2 │     1010 │     1014 │     0.2 │
│ ULID_MONOTONIC │     1014 │     1014 │        2 │     1011 │     1016 │     0.2 │
│ UUIDV1         │     1009 │     1010 │        1 │     1009 │     1011 │     0.1 │
└────────────────┴──────────┴──────────┴──────────┴──────────┴──────────┴─────────┘

Statistical Comparisons (vs SEQUENTIAL):
┌──────────────────────────────┬─────────────┬──────────┬───────────┬───────────────┐
│ Comparison                   │ Median Diff │ p-value  │ Overlap?  │ Significant?  │
├──────────────────────────────┼─────────────┼──────────┼───────────┼───────────────┤
│ SEQUENTIAL vs UUIDV4         │       +0.0% │   0.8345 │ Yes       │ n.s.          │
│ SEQUENTIAL vs UUIDV7         │       -0.4% │   0.1745 │ Yes       │ n.s.          │
│ SEQUENTIAL vs ULID           │       -1.0% │   0.0090 │ No        │ No overlap    │
│ SEQUENTIAL vs ULID_MONOTONIC │       -0.8% │   0.0090 │ No        │ No overlap    │
│ SEQUENTIAL vs UUIDV1         │       -1.3% │   0.0090 │ No        │ No overlap    │
└──────────────────────────────┴─────────────┴──────────┴───────────┴───────────────┘

Latency P95 (µs)
┌────────────────┬──────────┬──────────┬──────────┬──────────┬──────────┬─────────┐
│ Key Type       │ Median   │ Mean     │ StdDev   │ Min      │ Max      │ CV %    │
├────────────────┼──────────┼──────────┼──────────┼──────────┼──────────┼─────────┤
│ SEQUENTIAL     │     1443 │     1440 │       14 │     1422 │     1459 │     0.9 │
│ UUIDV4         │     1445 │     1442 │       11 │     1427 │     1457 │     0.8 │
│ UUIDV7         │     1428 │     1432 │        9 │     1424 │     1447 │     0.7 │
│ ULID           │     1430 │     1430 │       13 │     1416 │     1446 │     0.9 │
│ ULID_MONOTONIC │     1427 │     1430 │       10 │     1419 │     1444 │     0.7 │
│ UUIDV1         │     1419 │     1421 │        6 │     1416 │     1429 │     0.4 │
└────────────────┴──────────┴──────────┴──────────┴──────────┴──────────┴─────────┘

Statistical Comparisons (vs SEQUENTIAL):
┌──────────────────────────────┬─────────────┬──────────┬───────────┬───────────────┐
│ Comparison                   │ Median Diff │ p-value  │ Overlap?  │ Significant?  │
├──────────────────────────────┼─────────────┼──────────┼───────────┼───────────────┤
│ SEQUENTIAL vs UUIDV4         │       +0.1% │   0.6015 │ Yes       │ n.s.          │
│ SEQUENTIAL vs UUIDV7         │       -1.0% │   0.4647 │ Yes       │ n.s.          │
│ SEQUENTIAL vs ULID           │       -0.9% │   0.2506 │ Yes       │ n.s.          │
│ SEQUENTIAL vs ULID_MONOTONIC │       -1.1% │   0.3472 │ Yes       │ n.s.          │
│ SEQUENTIAL vs UUIDV1         │       -1.7% │   0.0283 │ Yes       │ * (p<0.05)    │
└──────────────────────────────┴─────────────┴──────────┴───────────┴───────────────┘

Latency P99 (µs)
┌────────────────┬──────────┬──────────┬──────────┬──────────┬──────────┬─────────┐
│ Key Type       │ Median   │ Mean     │ StdDev   │ Min      │ Max      │ CV %    │
├────────────────┼──────────┼──────────┼──────────┼──────────┼──────────┼─────────┤
│ SEQUENTIAL     │     3205 │     3118 │      665 │     2142 │     3998 │    21.3 │
│ UUIDV4         │     3587 │     3585 │      179 │     3306 │     3763 │     5.0 │
│ UUIDV7         │     3203 │     3145 │      523 │     2562 │     3752 │    16.6 │
│ ULID           │     3650 │     3558 │      511 │     2790 │     4124 │    14.4 │
│ ULID_MONOTONIC │     3583 │     3640 │      290 │     3241 │     3999 │     8.0 │
│ UUIDV1         │     3667 │     3702 │      223 │     3500 │     4025 │     6.0 │
└────────────────┴──────────┴──────────┴──────────┴──────────┴──────────┴─────────┘

Statistical Comparisons (vs SEQUENTIAL):
┌──────────────────────────────┬─────────────┬──────────┬───────────┬───────────────┐
│ Comparison                   │ Median Diff │ p-value  │ Overlap?  │ Significant?  │
├──────────────────────────────┼─────────────┼──────────┼───────────┼───────────────┤
│ SEQUENTIAL vs UUIDV4         │      +11.9% │   0.1172 │ Yes       │ n.s.          │
│ SEQUENTIAL vs UUIDV7         │       -0.1% │   0.9168 │ Yes       │ n.s.          │
│ SEQUENTIAL vs ULID           │      +13.9% │   0.2506 │ Yes       │ n.s.          │
│ SEQUENTIAL vs ULID_MONOTONIC │      +11.8% │   0.1172 │ Yes       │ n.s.          │
│ SEQUENTIAL vs UUIDV1         │      +14.4% │   0.0758 │ Yes       │ n.s.          │
└──────────────────────────────┴─────────────┴──────────┴───────────┴───────────────┘

Read IOPS
┌────────────────┬──────────┬──────────┬──────────┬──────────┬──────────┬─────────┐
│ Key Type       │ Median   │ Mean     │ StdDev   │ Min      │ Max      │ CV %    │
├────────────────┼──────────┼──────────┼──────────┼──────────┼──────────┼─────────┤
│ SEQUENTIAL     │        0 │        0 │        0 │        0 │        0 │     1.0 │
│ UUIDV4         │        0 │        0 │        0 │        0 │        0 │     0.9 │
│ UUIDV7         │        0 │        0 │        0 │        0 │        0 │     0.9 │
│ ULID           │        0 │        0 │        0 │        0 │        0 │     1.4 │
│ ULID_MONOTONIC │        0 │        0 │        0 │        0 │        0 │     1.2 │
│ UUIDV1         │        0 │        0 │        0 │        0 │        0 │     0.5 │
└────────────────┴──────────┴──────────┴──────────┴──────────┴──────────┴─────────┘

Statistical Comparisons (vs SEQUENTIAL):
┌──────────────────────────────┬─────────────┬──────────┬───────────┬───────────────┐
│ Comparison                   │ Median Diff │ p-value  │ Overlap?  │ Significant?  │
├──────────────────────────────┼─────────────┼──────────┼───────────┼───────────────┤
│ SEQUENTIAL vs UUIDV4         │       -0.7% │   0.2506 │ Yes       │ n.s.          │
│ SEQUENTIAL vs UUIDV7         │       +0.3% │   0.6015 │ Yes       │ n.s.          │
│ SEQUENTIAL vs ULID           │       +0.2% │   0.7540 │ Yes       │ n.s.          │
│ SEQUENTIAL vs ULID_MONOTONIC │       +0.3% │   0.7540 │ Yes       │ n.s.          │
│ SEQUENTIAL vs UUIDV1         │       +0.7% │   0.3472 │ Yes       │ n.s.          │
└──────────────────────────────┴─────────────┴──────────┴───────────┴───────────────┘

Write IOPS
┌────────────────┬──────────┬──────────┬──────────┬──────────┬──────────┬─────────┐
│ Key Type       │ Median   │ Mean     │ StdDev   │ Min      │ Max      │ CV %    │
├────────────────┼──────────┼──────────┼──────────┼──────────┼──────────┼─────────┤
│ SEQUENTIAL     │     2906 │     2914 │       38 │     2871 │     2968 │     1.3 │
│ UUIDV4         │     2951 │     2944 │       21 │     2908 │     2964 │     0.7 │
│ UUIDV7         │     2932 │     2929 │       23 │     2905 │     2956 │     0.8 │
│ ULID           │     2967 │     2974 │       39 │     2935 │     3023 │     1.3 │
│ ULID_MONOTONIC │     2902 │     2901 │       31 │     2858 │     2943 │     1.1 │
│ UUIDV1         │     2913 │     2914 │       15 │     2899 │     2930 │     0.5 │
└────────────────┴──────────┴──────────┴──────────┴──────────┴──────────┴─────────┘

Statistical Comparisons (vs SEQUENTIAL):
┌──────────────────────────────┬─────────────┬──────────┬───────────┬───────────────┐
│ Comparison                   │ Median Diff │ p-value  │ Overlap?  │ Significant?  │
├──────────────────────────────┼─────────────┼──────────┼───────────┼───────────────┤
│ SEQUENTIAL vs UUIDV4         │       +1.5% │   0.1745 │ Yes       │ n.s.          │
│ SEQUENTIAL vs UUIDV7         │       +0.9% │   0.3472 │ Yes       │ n.s.          │
│ SEQUENTIAL vs ULID           │       +2.1% │   0.0472 │ Yes       │ * (p<0.05)    │
│ SEQUENTIAL vs ULID_MONOTONIC │       -0.2% │   0.6015 │ Yes       │ n.s.          │
│ SEQUENTIAL vs UUIDV1         │       +0.2% │   0.9168 │ Yes       │ n.s.          │
└──────────────────────────────┴─────────────┴──────────┴───────────┴───────────────┘

Read Throughput (MB/s)
┌────────────────┬──────────┬──────────┬──────────┬──────────┬──────────┬─────────┐
│ Key Type       │ Median   │ Mean     │ StdDev   │ Min      │ Max      │ CV %    │
├────────────────┼──────────┼──────────┼──────────┼──────────┼──────────┼─────────┤
│ SEQUENTIAL     │      0.0 │      0.0 │      0.0 │      0.0 │      0.0 │     1.0 │
│ UUIDV4         │      0.0 │      0.0 │      0.0 │      0.0 │      0.0 │     0.9 │
│ UUIDV7         │      0.0 │      0.0 │      0.0 │      0.0 │      0.0 │     0.9 │
│ ULID           │      0.0 │      0.0 │      0.0 │      0.0 │      0.0 │     1.4 │
│ ULID_MONOTONIC │      0.0 │      0.0 │      0.0 │      0.0 │      0.0 │     1.2 │
│ UUIDV1         │      0.0 │      0.0 │      0.0 │      0.0 │      0.0 │     0.5 │
└────────────────┴──────────┴──────────┴──────────┴──────────┴──────────┴─────────┘

Statistical Comparisons (vs SEQUENTIAL):
┌──────────────────────────────┬─────────────┬──────────┬───────────┬───────────────┐
│ Comparison                   │ Median Diff │ p-value  │ Overlap?  │ Significant?  │
├──────────────────────────────┼─────────────┼──────────┼───────────┼───────────────┤
│ SEQUENTIAL vs UUIDV4         │       -0.7% │   0.2506 │ Yes       │ n.s.          │
│ SEQUENTIAL vs UUIDV7         │       +0.3% │   0.6015 │ Yes       │ n.s.          │
│ SEQUENTIAL vs ULID           │       +0.2% │   0.7540 │ Yes       │ n.s.          │
│ SEQUENTIAL vs ULID_MONOTONIC │       +0.3% │   0.7540 │ Yes       │ n.s.          │
│ SEQUENTIAL vs UUIDV1         │       +0.7% │   0.3472 │ Yes       │ n.s.          │
└──────────────────────────────┴─────────────┴──────────┴───────────┴───────────────┘

Write Throughput (MB/s)
┌────────────────┬──────────┬──────────┬──────────┬──────────┬──────────┬─────────┐
│ Key Type       │ Median   │ Mean     │ StdDev   │ Min      │ Max      │ CV %    │
├────────────────┼──────────┼──────────┼──────────┼──────────┼──────────┼─────────┤
│ SEQUENTIAL     │     14.8 │     14.8 │      0.1 │     14.7 │     15.0 │     0.9 │
│ UUIDV4         │     15.8 │     15.8 │      0.1 │     15.6 │     16.0 │     0.8 │
│ UUIDV7         │     14.9 │     14.9 │      0.1 │     14.8 │     15.1 │     0.6 │
│ ULID           │     16.4 │     16.4 │      0.2 │     16.2 │     16.7 │     1.4 │
│ ULID_MONOTONIC │     14.8 │     14.8 │      0.2 │     14.6 │     15.1 │     1.2 │
│ UUIDV1         │     14.9 │     14.9 │      0.1 │     14.9 │     15.0 │     0.5 │
└────────────────┴──────────┴──────────┴──────────┴──────────┴──────────┴─────────┘

Statistical Comparisons (vs SEQUENTIAL):
┌──────────────────────────────┬─────────────┬──────────┬───────────┬───────────────┐
│ Comparison                   │ Median Diff │ p-value  │ Overlap?  │ Significant?  │
├──────────────────────────────┼─────────────┼──────────┼───────────┼───────────────┤
│ SEQUENTIAL vs UUIDV4         │       +6.7% │   0.0090 │ No        │ No overlap    │
│ SEQUENTIAL vs UUIDV7         │       +0.6% │   0.1745 │ Yes       │ n.s.          │
│ SEQUENTIAL vs ULID           │      +10.9% │   0.0090 │ No        │ No overlap    │
│ SEQUENTIAL vs ULID_MONOTONIC │       -0.1% │   0.9168 │ Yes       │ n.s.          │
│ SEQUENTIAL vs UUIDV1         │       +0.7% │   0.1745 │ Yes       │ n.s.          │
└──────────────────────────────┴─────────────┴──────────┴───────────┴───────────────┘

Exporting results to CSV...
  Statistical summary: /home/eike/dev/studium/uuid-benchmark/results/mysql_100k_update-performance_1conn.csv
  Raw runs data: /home/eike/dev/studium/uuid-benchmark/results/mysql_100k_update-performance_1conn_raw.csv

All scenarios completed successfully!
