UUID Benchmark - MySQL
======================================================================
Database:     MySQL
Scenario:     update-performance
Records:      10000000
Batch Size:   100
Runs:         5 (statistical mode)
Testing:      [sequential uuidv4 uuidv7 ulid ulid_monotonic uuidv1]
======================================================================


Testing SEQUENTIAL (5 runs)
----------------------------------------------------------------------
  Run 1/5... Starting fresh MySQL container...
Waiting for MySQL to initialize...
Container ready
Inserting 10000000 records...
Inserted 10000000 records
Running 500000 updates...
Completed 500000 updates in 4h27m34.58s
Update throughput: 31.14 ops/sec
Measuring fragmentation...

Cleaning up container...
Container stopped and removed
done
  Run 2/5... Starting fresh MySQL container...
Waiting for MySQL to initialize...
Container ready
Inserting 10000000 records...
Inserted 10000000 records
Running 500000 updates...
Completed 500000 updates in 4h45m20.089s
Update throughput: 29.21 ops/sec
Measuring fragmentation...

Cleaning up container...
Container stopped and removed
done
  Run 3/5... Starting fresh MySQL container...
Waiting for MySQL to initialize...
Container ready
Inserting 10000000 records...
Inserted 10000000 records
Running 500000 updates...
Completed 500000 updates in 4h43m41.189s
Update throughput: 29.38 ops/sec
Measuring fragmentation...

Cleaning up container...
Container stopped and removed
done
  Run 4/5... Starting fresh MySQL container...
Waiting for MySQL to initialize...
Container ready
Inserting 10000000 records...
Inserted 10000000 records
Running 500000 updates...
Completed 500000 updates in 4h37m34.971s
Update throughput: 30.02 ops/sec
Measuring fragmentation...

Cleaning up container...
Container stopped and removed
done
  Run 5/5... Starting fresh MySQL container...
Waiting for MySQL to initialize...
Container ready
Inserting 10000000 records...
Inserted 10000000 records
Running 500000 updates...
Completed 500000 updates in 4h16m44.605s
Update throughput: 32.46 ops/sec
Measuring fragmentation...

Cleaning up container...
Container stopped and removed
done

Testing UUIDV4 (5 runs)
----------------------------------------------------------------------
  Run 1/5... Starting fresh MySQL container...
Waiting for MySQL to initialize...
Container ready
Inserting 10000000 records...
Inserted 10000000 records
Running 500000 updates...
Completed 500000 updates in 4h59m3.027s
Update throughput: 27.87 ops/sec
Measuring fragmentation...

Cleaning up container...
Container stopped and removed
done
  Run 2/5... Starting fresh MySQL container...
Waiting for MySQL to initialize...
Container ready
Inserting 10000000 records...
Inserted 10000000 records
Running 500000 updates...
Completed 500000 updates in 5h7m13.301s
Update throughput: 27.12 ops/sec
Measuring fragmentation...

Cleaning up container...
Container stopped and removed
done
  Run 3/5... Starting fresh MySQL container...
Waiting for MySQL to initialize...
Container ready
Inserting 10000000 records...

Cleaning up container...
Container stopped and removed
2026/05/06 06:39:45 Run 3 failed for uuidv4: insert records: execute workload: exit status 1 (stderr: [mysql] 2026/05/06 04:39:31 connection.go:49: closing bad idle connection: EOF
Error response from daemon: No such exec instance: c1e8d07a5278745f8d49f227be2bdf1fe14b0801191f8537dadeeed76d824b71
)
