UUID Benchmark - MySQL
======================================================================
Database:     MySQL
Scenario:     read-performance
Records:      10000000
Batch Size:   100
Runs:         5 (statistical mode)
Testing:      [sequential uuidv4 uuidv7 ulid ulid_monotonic uuidv1]
======================================================================


Testing SEQUENTIAL (5 runs)
----------------------------------------------------------------------
  Run 1/5... Starting fresh MySQL container...
Waiting for MySQL to initialize...
Container ready
Inserting 10000000 records to create index...
Inserted 10000000 records in 3h1m2.741s
Measuring fragmentation...
Warning: Could not count page splits: page split counts not captured
Index fragmentation: 0.12%
Resetting MySQL statistics...
Running 500000 point lookups...
Completed 500000 reads in 1m46.138s
Read throughput: 4710.82 ops/sec
Measuring buffer pool hit ratios...
Warning: Could not count page splits: page split counts not captured

Cleaning up container...
Container stopped and removed
done
  Run 2/5... Starting fresh MySQL container...
Waiting for MySQL to initialize...
Container ready
Inserting 10000000 records to create index...
Inserted 10000000 records in 2h55m26.179s
Measuring fragmentation...
Warning: Could not count page splits: page split counts not captured
Index fragmentation: 0.12%
Resetting MySQL statistics...
Running 500000 point lookups...
Completed 500000 reads in 1m53.09s
Read throughput: 4421.25 ops/sec
Measuring buffer pool hit ratios...
Warning: Could not count page splits: page split counts not captured

Cleaning up container...
Container stopped and removed
done
  Run 3/5... Starting fresh MySQL container...
Waiting for MySQL to initialize...
Container ready
Inserting 10000000 records to create index...
Inserted 10000000 records in 3h5m41.972s
Measuring fragmentation...
Warning: Could not count page splits: page split counts not captured
Index fragmentation: 0.12%
Resetting MySQL statistics...
Running 500000 point lookups...
Completed 500000 reads in 1m49.418s
Read throughput: 4569.61 ops/sec
Measuring buffer pool hit ratios...
Warning: Could not count page splits: page split counts not captured

Cleaning up container...
Container stopped and removed
done
  Run 4/5... Starting fresh MySQL container...
Waiting for MySQL to initialize...
Container ready
Inserting 10000000 records to create index...
Inserted 10000000 records in 2h42m16.828s
Measuring fragmentation...
Warning: Could not count page splits: page split counts not captured
Index fragmentation: 0.12%
Resetting MySQL statistics...
Running 500000 point lookups...
Completed 500000 reads in 1m47.521s
Read throughput: 4650.23 ops/sec
Measuring buffer pool hit ratios...
Warning: Could not count page splits: page split counts not captured

Cleaning up container...
Container stopped and removed
done
  Run 5/5... Starting fresh MySQL container...
Waiting for MySQL to initialize...
Container ready
Inserting 10000000 records to create index...
Inserted 10000000 records in 2h50m20.869s
Measuring fragmentation...
Warning: Could not count page splits: page split counts not captured
Index fragmentation: 0.12%
Resetting MySQL statistics...
Running 500000 point lookups...
Completed 500000 reads in 1m48.612s
Read throughput: 4603.52 ops/sec
Measuring buffer pool hit ratios...
Warning: Could not count page splits: page split counts not captured

Cleaning up container...
Container stopped and removed
done

Testing UUIDV4 (5 runs)
----------------------------------------------------------------------
  Run 1/5... Starting fresh MySQL container...
Waiting for MySQL to initialize...
Container ready
Inserting 10000000 records to create index...
Inserted 10000000 records in 52h14m13.215s
Measuring fragmentation...
Warning: Could not count page splits: page split counts not captured
Index fragmentation: 12.68%
Resetting MySQL statistics...
Running 500000 point lookups...
Completed 500000 reads in 1m54.48s
Read throughput: 4367.57 ops/sec
Measuring buffer pool hit ratios...
Warning: Could not count page splits: page split counts not captured

Cleaning up container...
Container stopped and removed
done
  Run 2/5... Starting fresh MySQL container...
Waiting for MySQL to initialize...
Container ready
Inserting 10000000 records to create index...
Inserted 10000000 records in 45h13m30.063s
Measuring fragmentation...
Warning: Could not count page splits: page split counts not captured
Index fragmentation: 12.68%
Resetting MySQL statistics...
Running 500000 point lookups...
Completed 500000 reads in 1m38.938s
Read throughput: 5053.67 ops/sec
Measuring buffer pool hit ratios...
Warning: Could not count page splits: page split counts not captured

Cleaning up container...
Container stopped and removed
done
  Run 3/5... Starting fresh MySQL container...
Waiting for MySQL to initialize...
Container ready
Inserting 10000000 records to create index...
Inserted 10000000 records in 54h55m24.46s
Measuring fragmentation...
Warning: Could not count page splits: page split counts not captured
Index fragmentation: 12.68%
Resetting MySQL statistics...
Running 500000 point lookups...
Completed 500000 reads in 1m52.436s
Read throughput: 4446.96 ops/sec
Measuring buffer pool hit ratios...
Warning: Could not count page splits: page split counts not captured

Cleaning up container...
Container stopped and removed
done
  Run 4/5... Starting fresh MySQL container...
Waiting for MySQL to initialize...
Container ready
Inserting 10000000 records to create index...
Inserted 10000000 records in 47h3m3.286s
Measuring fragmentation...
Warning: Could not count page splits: page split counts not captured
Index fragmentation: 12.68%
Resetting MySQL statistics...
Running 500000 point lookups...
Completed 500000 reads in 1m51.417s
Read throughput: 4487.62 ops/sec
Measuring buffer pool hit ratios...
Warning: Could not count page splits: page split counts not captured

Cleaning up container...
Container stopped and removed
done
  Run 5/5... Starting fresh MySQL container...
Waiting for MySQL to initialize...
Container ready
Inserting 10000000 records to create index...
Inserted 10000000 records in 55h3m57.378s
Measuring fragmentation...
Warning: Could not count page splits: page split counts not captured
Index fragmentation: 12.68%
Resetting MySQL statistics...
Running 500000 point lookups...
Completed 500000 reads in 1m51.118s
Read throughput: 4499.69 ops/sec
Measuring buffer pool hit ratios...
Warning: Could not count page splits: page split counts not captured

Cleaning up container...
Container stopped and removed
done

Testing UUIDV7 (5 runs)
----------------------------------------------------------------------
  Run 1/5... Starting fresh MySQL container...
Waiting for MySQL to initialize...
Container ready
Inserting 10000000 records to create index...
Inserted 10000000 records in 3h1m23.897s
Measuring fragmentation...
Warning: Could not count page splits: page split counts not captured
Index fragmentation: 0.18%
Resetting MySQL statistics...
Running 500000 point lookups...
Completed 500000 reads in 1m50.434s
Read throughput: 4527.56 ops/sec
Measuring buffer pool hit ratios...
Warning: Could not count page splits: page split counts not captured

Cleaning up container...
Container stopped and removed
done
  Run 2/5... Starting fresh MySQL container...
Waiting for MySQL to initialize...
Container ready
Inserting 10000000 records to create index...
Inserted 10000000 records in 3h1m11.144s
Measuring fragmentation...
Warning: Could not count page splits: page split counts not captured
Index fragmentation: 0.18%
Resetting MySQL statistics...
Running 500000 point lookups...
Completed 500000 reads in 1m56.244s
Read throughput: 4301.27 ops/sec
Measuring buffer pool hit ratios...
Warning: Could not count page splits: page split counts not captured

Cleaning up container...
Container stopped and removed
done
  Run 3/5... Starting fresh MySQL container...
Waiting for MySQL to initialize...
Container ready
Inserting 10000000 records to create index...
Inserted 10000000 records in 3h19m41.749s
Measuring fragmentation...
Warning: Could not count page splits: page split counts not captured
Index fragmentation: 0.18%
Resetting MySQL statistics...
Running 500000 point lookups...
Completed 500000 reads in 1m57.663s
Read throughput: 4249.42 ops/sec
Measuring buffer pool hit ratios...
Warning: Could not count page splits: page split counts not captured

Cleaning up container...
Container stopped and removed
done
  Run 4/5... Starting fresh MySQL container...
Waiting for MySQL to initialize...
Container ready
Inserting 10000000 records to create index...
Inserted 10000000 records in 2h47m28.609s
Measuring fragmentation...
Warning: Could not count page splits: page split counts not captured
Index fragmentation: 0.18%
Resetting MySQL statistics...
Running 500000 point lookups...
Completed 500000 reads in 1m42.457s
Read throughput: 4880.06 ops/sec
Measuring buffer pool hit ratios...
Warning: Could not count page splits: page split counts not captured

Cleaning up container...
Container stopped and removed
done
  Run 5/5... Starting fresh MySQL container...
Waiting for MySQL to initialize...
Container ready
Inserting 10000000 records to create index...
Inserted 10000000 records in 2h59m7.997s
Measuring fragmentation...
Warning: Could not count page splits: page split counts not captured
Index fragmentation: 0.18%
Resetting MySQL statistics...
Running 500000 point lookups...
Completed 500000 reads in 1m55.675s
Read throughput: 4322.45 ops/sec
Measuring buffer pool hit ratios...
Warning: Could not count page splits: page split counts not captured

Cleaning up container...
Container stopped and removed
done

Testing ULID (5 runs)
----------------------------------------------------------------------
  Run 1/5... Starting fresh MySQL container...
Waiting for MySQL to initialize...
Container ready
Inserting 10000000 records to create index...
Inserted 10000000 records in 4h3m59.085s
Measuring fragmentation...
Warning: Could not count page splits: page split counts not captured
Index fragmentation: 12.72%
Resetting MySQL statistics...
Running 500000 point lookups...
Completed 500000 reads in 1m37.901s
Read throughput: 5107.15 ops/sec
Measuring buffer pool hit ratios...
Warning: Could not count page splits: page split counts not captured

Cleaning up container...
Container stopped and removed
done
  Run 2/5... Starting fresh MySQL container...
Waiting for MySQL to initialize...
Container ready
Inserting 10000000 records to create index...
Inserted 10000000 records in 3h41m31.809s
Measuring fragmentation...
Warning: Could not count page splits: page split counts not captured
Index fragmentation: 12.72%
Resetting MySQL statistics...
Running 500000 point lookups...
Completed 500000 reads in 1m49.077s
Read throughput: 4583.91 ops/sec
Measuring buffer pool hit ratios...
Warning: Could not count page splits: page split counts not captured

Cleaning up container...
Container stopped and removed
done
  Run 3/5... Starting fresh MySQL container...
Waiting for MySQL to initialize...
Container ready
Inserting 10000000 records to create index...
Inserted 10000000 records in 4h20m46.813s
Measuring fragmentation...
Warning: Could not count page splits: page split counts not captured
Index fragmentation: 12.72%
Resetting MySQL statistics...
Running 500000 point lookups...
Completed 500000 reads in 1m58.248s
Read throughput: 4228.39 ops/sec
Measuring buffer pool hit ratios...
Warning: Could not count page splits: page split counts not captured

Cleaning up container...
Container stopped and removed
done
  Run 4/5... Starting fresh MySQL container...
Waiting for MySQL to initialize...
Container ready
Inserting 10000000 records to create index...
Inserted 10000000 records in 4h0m24.155s
Measuring fragmentation...
Warning: Could not count page splits: page split counts not captured
Index fragmentation: 12.73%
Resetting MySQL statistics...
Running 500000 point lookups...
Completed 500000 reads in 1m46.925s
Read throughput: 4676.14 ops/sec
Measuring buffer pool hit ratios...
Warning: Could not count page splits: page split counts not captured

Cleaning up container...
Container stopped and removed
done
  Run 5/5... Starting fresh MySQL container...
Waiting for MySQL to initialize...
Container ready
Inserting 10000000 records to create index...
Inserted 10000000 records in 3h59m47.236s
Measuring fragmentation...
Warning: Could not count page splits: page split counts not captured
Index fragmentation: 12.72%
Resetting MySQL statistics...
Running 500000 point lookups...
Completed 500000 reads in 1m44.721s
Read throughput: 4774.57 ops/sec
Measuring buffer pool hit ratios...
Warning: Could not count page splits: page split counts not captured

Cleaning up container...
Container stopped and removed
done

Testing ULID_MONOTONIC (5 runs)
----------------------------------------------------------------------
  Run 1/5... Starting fresh MySQL container...
Waiting for MySQL to initialize...
Container ready
Inserting 10000000 records to create index...
Inserted 10000000 records in 2h55m18.908s
Measuring fragmentation...
Warning: Could not count page splits: page split counts not captured
Index fragmentation: 0.18%
Resetting MySQL statistics...
Running 500000 point lookups...
Completed 500000 reads in 1m55.006s
Read throughput: 4347.60 ops/sec
Measuring buffer pool hit ratios...
Warning: Could not count page splits: page split counts not captured

Cleaning up container...
Container stopped and removed
done
  Run 2/5... Starting fresh MySQL container...
Waiting for MySQL to initialize...
Container ready
Inserting 10000000 records to create index...
Inserted 10000000 records in 3h4m50.865s
Measuring fragmentation...
Warning: Could not count page splits: page split counts not captured
Index fragmentation: 0.18%
Resetting MySQL statistics...
Running 500000 point lookups...
Completed 500000 reads in 1m52.034s
Read throughput: 4462.92 ops/sec
Measuring buffer pool hit ratios...
Warning: Could not count page splits: page split counts not captured

Cleaning up container...
Container stopped and removed
done
  Run 3/5... Starting fresh MySQL container...
Waiting for MySQL to initialize...
Container ready
Inserting 10000000 records to create index...
Inserted 10000000 records in 3h2m32.887s
Measuring fragmentation...
Warning: Could not count page splits: page split counts not captured
Index fragmentation: 0.18%
Resetting MySQL statistics...
Running 500000 point lookups...
Completed 500000 reads in 1m49.485s
Read throughput: 4566.81 ops/sec
Measuring buffer pool hit ratios...
Warning: Could not count page splits: page split counts not captured

Cleaning up container...
Container stopped and removed
done
  Run 4/5... Starting fresh MySQL container...
Waiting for MySQL to initialize...
Container ready
Inserting 10000000 records to create index...
Inserted 10000000 records in 2h50m57.256s
Measuring fragmentation...
Warning: Could not count page splits: page split counts not captured
Index fragmentation: 0.18%
Resetting MySQL statistics...
Running 500000 point lookups...
Completed 500000 reads in 1m56.878s
Read throughput: 4277.95 ops/sec
Measuring buffer pool hit ratios...
Warning: Could not count page splits: page split counts not captured

Cleaning up container...
Container stopped and removed
done
  Run 5/5... Starting fresh MySQL container...
Waiting for MySQL to initialize...
Container ready
Inserting 10000000 records to create index...
Inserted 10000000 records in 3h2m48.897s
Measuring fragmentation...
Warning: Could not count page splits: page split counts not captured
Index fragmentation: 0.18%
Resetting MySQL statistics...
Running 500000 point lookups...
Completed 500000 reads in 1m47.25s
Read throughput: 4661.97 ops/sec
Measuring buffer pool hit ratios...
Warning: Could not count page splits: page split counts not captured

Cleaning up container...
Container stopped and removed
done

Testing UUIDV1 (5 runs)
----------------------------------------------------------------------
  Run 1/5... Starting fresh MySQL container...
Waiting for MySQL to initialize...
Container ready
Inserting 10000000 records to create index...
Inserted 10000000 records in 4h27m33.282s
Measuring fragmentation...
Warning: Could not count page splits: page split counts not captured
Index fragmentation: 12.77%
Resetting MySQL statistics...
Running 500000 point lookups...
Completed 500000 reads in 1m49.374s
Read throughput: 4571.44 ops/sec
Measuring buffer pool hit ratios...
Warning: Could not count page splits: page split counts not captured

Cleaning up container...
Container stopped and removed
done
  Run 2/5... Starting fresh MySQL container...
Waiting for MySQL to initialize...
Container ready
Inserting 10000000 records to create index...
Inserted 10000000 records in 3h59m12.828s
Measuring fragmentation...
Warning: Could not count page splits: page split counts not captured
Index fragmentation: 12.77%
Resetting MySQL statistics...
Running 500000 point lookups...
Completed 500000 reads in 1m44.233s
Read throughput: 4796.93 ops/sec
Measuring buffer pool hit ratios...
Warning: Could not count page splits: page split counts not captured

Cleaning up container...
Container stopped and removed
done
  Run 3/5... Starting fresh MySQL container...
Waiting for MySQL to initialize...
Container ready
Inserting 10000000 records to create index...
Inserted 10000000 records in 4h19m56.45s
Measuring fragmentation...
Warning: Could not count page splits: page split counts not captured
Index fragmentation: 12.78%
Resetting MySQL statistics...
Running 500000 point lookups...
Completed 500000 reads in 1m46.451s
Read throughput: 4696.98 ops/sec
Measuring buffer pool hit ratios...
Warning: Could not count page splits: page split counts not captured

Cleaning up container...
Container stopped and removed
done
  Run 4/5... Starting fresh MySQL container...
Waiting for MySQL to initialize...
Container ready
Inserting 10000000 records to create index...
Inserted 10000000 records in 4h37m3.413s
Measuring fragmentation...
Warning: Could not count page splits: page split counts not captured
Index fragmentation: 12.78%
Resetting MySQL statistics...
Running 500000 point lookups...
Completed 500000 reads in 1m42.523s
Read throughput: 4876.94 ops/sec
Measuring buffer pool hit ratios...
Warning: Could not count page splits: page split counts not captured

Cleaning up container...
Container stopped and removed
done
  Run 5/5... Starting fresh MySQL container...
Waiting for MySQL to initialize...
Container ready
Inserting 10000000 records to create index...
Inserted 10000000 records in 5h5m53.349s
Measuring fragmentation...
Warning: Could not count page splits: page split counts not captured
Index fragmentation: 12.77%
Resetting MySQL statistics...
Running 500000 point lookups...
Completed 500000 reads in 1m43.223s
Read throughput: 4843.85 ops/sec
Measuring buffer pool hit ratios...
Warning: Could not count page splits: page split counts not captured

Cleaning up container...
Container stopped and removed
done

====================================================================================================
Read Performance - Statistical Summary (5 runs per UUID type)
====================================================================================================

Read Throughput (ops/sec)
┌────────────────┬──────────┬──────────┬──────────┬──────────┬──────────┬─────────┐
│ Key Type       │ Median   │ Mean     │ StdDev   │ Min      │ Max      │ CV %    │
├────────────────┼──────────┼──────────┼──────────┼──────────┼──────────┼─────────┤
│ SEQUENTIAL     │     4604 │     4591 │      109 │     4421 │     4711 │     2.4 │
│ UUIDV4         │     4488 │     4571 │      275 │     4368 │     5054 │     6.0 │
│ UUIDV7         │     4322 │     4456 │      260 │     4249 │     4880 │     5.8 │
│ ULID           │     4676 │     4674 │      318 │     4228 │     5107 │     6.8 │
│ ULID_MONOTONIC │     4463 │     4463 │      156 │     4278 │     4662 │     3.5 │
│ UUIDV1         │     4797 │     4757 │      124 │     4571 │     4877 │     2.6 │
└────────────────┴──────────┴──────────┴──────────┴──────────┴──────────┴─────────┘

Statistical Comparisons (vs SEQUENTIAL):
┌──────────────────────────────┬─────────────┬──────────┬───────────┬───────────────┐
│ Comparison                   │ Median Diff │ p-value  │ Overlap?  │ Significant?  │
├──────────────────────────────┼─────────────┼──────────┼───────────┼───────────────┤
│ SEQUENTIAL vs UUIDV4         │       -2.5% │   0.3472 │ Yes       │ n.s.          │
│ SEQUENTIAL vs UUIDV7         │       -6.1% │   0.1745 │ Yes       │ n.s.          │
│ SEQUENTIAL vs ULID           │       +1.6% │   0.4647 │ Yes       │ n.s.          │
│ SEQUENTIAL vs ULID_MONOTONIC │       -3.1% │   0.1745 │ Yes       │ n.s.          │
│ SEQUENTIAL vs UUIDV1         │       +4.2% │   0.0758 │ Yes       │ n.s.          │
└──────────────────────────────┴─────────────┴──────────┴───────────┴───────────────┘

Fragmentation (%)
┌────────────────┬──────────┬──────────┬──────────┬──────────┬──────────┬─────────┐
│ Key Type       │ Median   │ Mean     │ StdDev   │ Min      │ Max      │ CV %    │
├────────────────┼──────────┼──────────┼──────────┼──────────┼──────────┼─────────┤
│ SEQUENTIAL     │     0.12 │     0.12 │     0.00 │     0.12 │     0.12 │     0.0 │
│ UUIDV4         │    12.68 │    12.68 │     0.00 │    12.68 │    12.68 │     0.0 │
│ UUIDV7         │     0.18 │     0.18 │     0.00 │     0.18 │     0.18 │     0.0 │
│ ULID           │    12.72 │    12.72 │     0.00 │    12.72 │    12.73 │     0.0 │
│ ULID_MONOTONIC │     0.18 │     0.18 │     0.00 │     0.18 │     0.18 │     0.0 │
│ UUIDV1         │    12.77 │    12.77 │     0.00 │    12.77 │    12.78 │     0.0 │
└────────────────┴──────────┴──────────┴──────────┴──────────┴──────────┴─────────┘

Statistical Comparisons (vs SEQUENTIAL):
┌──────────────────────────────┬─────────────┬──────────┬───────────┬───────────────┐
│ Comparison                   │ Median Diff │ p-value  │ Overlap?  │ Significant?  │
├──────────────────────────────┼─────────────┼──────────┼───────────┼───────────────┤
│ SEQUENTIAL vs UUIDV4         │   +10080.6% │   0.0090 │ No        │ No overlap    │
│ SEQUENTIAL vs UUIDV7         │      +43.5% │   0.0090 │ No        │ No overlap    │
│ SEQUENTIAL vs ULID           │   +10113.6% │   0.0090 │ No        │ No overlap    │
│ SEQUENTIAL vs ULID_MONOTONIC │      +43.5% │   0.0090 │ No        │ No overlap    │
│ SEQUENTIAL vs UUIDV1         │   +10153.4% │   0.0090 │ No        │ No overlap    │
└──────────────────────────────┴─────────────┴──────────┴───────────┴───────────────┘

Cache Hit Ratio
┌────────────────┬──────────┬──────────┬──────────┬──────────┬──────────┬─────────┐
│ Key Type       │ Median   │ Mean     │ StdDev   │ Min      │ Max      │ CV %    │
├────────────────┼──────────┼──────────┼──────────┼──────────┼──────────┼─────────┤
│ SEQUENTIAL     │   0.9999 │   0.9999 │   0.0000 │   0.9999 │   0.9999 │     0.0 │
│ UUIDV4         │   0.9339 │   0.9339 │   0.0000 │   0.9338 │   0.9339 │     0.0 │
│ UUIDV7         │   0.9999 │   0.9999 │   0.0000 │   0.9999 │   0.9999 │     0.0 │
│ ULID           │   0.9992 │   0.9992 │   0.0000 │   0.9992 │   0.9992 │     0.0 │
│ ULID_MONOTONIC │   0.9999 │   0.9999 │   0.0000 │   0.9999 │   1.0000 │     0.0 │
│ UUIDV1         │   0.9982 │   0.9982 │   0.0000 │   0.9982 │   0.9982 │     0.0 │
└────────────────┴──────────┴──────────┴──────────┴──────────┴──────────┴─────────┘

Statistical Comparisons (vs SEQUENTIAL):
┌──────────────────────────────┬─────────────┬──────────┬───────────┬───────────────┐
│ Comparison                   │ Median Diff │ p-value  │ Overlap?  │ Significant?  │
├──────────────────────────────┼─────────────┼──────────┼───────────┼───────────────┤
│ SEQUENTIAL vs UUIDV4         │       -6.6% │   0.0090 │ No        │ No overlap    │
│ SEQUENTIAL vs UUIDV7         │       +0.0% │   0.0090 │ No        │ No overlap    │
│ SEQUENTIAL vs ULID           │       -0.1% │   0.0090 │ No        │ No overlap    │
│ SEQUENTIAL vs ULID_MONOTONIC │       +0.0% │   0.0090 │ No        │ No overlap    │
│ SEQUENTIAL vs UUIDV1         │       -0.2% │   0.0090 │ No        │ No overlap    │
└──────────────────────────────┴─────────────┴──────────┴───────────┴───────────────┘

Index Hit Ratio
┌────────────────┬──────────┬──────────┬──────────┬──────────┬──────────┬─────────┐
│ Key Type       │ Median   │ Mean     │ StdDev   │ Min      │ Max      │ CV %    │
├────────────────┼──────────┼──────────┼──────────┼──────────┼──────────┼─────────┤
│ SEQUENTIAL     │   0.9999 │   0.9999 │   0.0000 │   0.9999 │   0.9999 │     0.0 │
│ UUIDV4         │   0.9339 │   0.9339 │   0.0000 │   0.9338 │   0.9339 │     0.0 │
│ UUIDV7         │   0.9999 │   0.9999 │   0.0000 │   0.9999 │   0.9999 │     0.0 │
│ ULID           │   0.9992 │   0.9992 │   0.0000 │   0.9992 │   0.9992 │     0.0 │
│ ULID_MONOTONIC │   0.9999 │   0.9999 │   0.0000 │   0.9999 │   1.0000 │     0.0 │
│ UUIDV1         │   0.9982 │   0.9982 │   0.0000 │   0.9982 │   0.9982 │     0.0 │
└────────────────┴──────────┴──────────┴──────────┴──────────┴──────────┴─────────┘

Statistical Comparisons (vs SEQUENTIAL):
┌──────────────────────────────┬─────────────┬──────────┬───────────┬───────────────┐
│ Comparison                   │ Median Diff │ p-value  │ Overlap?  │ Significant?  │
├──────────────────────────────┼─────────────┼──────────┼───────────┼───────────────┤
│ SEQUENTIAL vs UUIDV4         │       -6.6% │   0.0090 │ No        │ No overlap    │
│ SEQUENTIAL vs UUIDV7         │       +0.0% │   0.0090 │ No        │ No overlap    │
│ SEQUENTIAL vs ULID           │       -0.1% │   0.0090 │ No        │ No overlap    │
│ SEQUENTIAL vs ULID_MONOTONIC │       +0.0% │   0.0090 │ No        │ No overlap    │
│ SEQUENTIAL vs UUIDV1         │       -0.2% │   0.0090 │ No        │ No overlap    │
└──────────────────────────────┴─────────────┴──────────┴───────────┴───────────────┘

Latency P50 (µs)
┌────────────────┬──────────┬──────────┬──────────┬──────────┬──────────┬─────────┐
│ Key Type       │ Median   │ Mean     │ StdDev   │ Min      │ Max      │ CV %    │
├────────────────┼──────────┼──────────┼──────────┼──────────┼──────────┼─────────┤
│ SEQUENTIAL     │      222 │      222 │        2 │      219 │      225 │     1.0 │
│ UUIDV4         │      224 │      219 │       12 │      199 │      227 │     5.3 │
│ UUIDV7         │      226 │      223 │        9 │      208 │      232 │     4.2 │
│ ULID           │      215 │      214 │       14 │      192 │      230 │     6.6 │
│ ULID_MONOTONIC │      223 │      222 │        8 │      209 │      230 │     3.8 │
│ UUIDV1         │      208 │      212 │        7 │      206 │      223 │     3.4 │
└────────────────┴──────────┴──────────┴──────────┴──────────┴──────────┴─────────┘

Statistical Comparisons (vs SEQUENTIAL):
┌──────────────────────────────┬─────────────┬──────────┬───────────┬───────────────┐
│ Comparison                   │ Median Diff │ p-value  │ Overlap?  │ Significant?  │
├──────────────────────────────┼─────────────┼──────────┼───────────┼───────────────┤
│ SEQUENTIAL vs UUIDV4         │       +0.9% │   0.4647 │ Yes       │ n.s.          │
│ SEQUENTIAL vs UUIDV7         │       +1.8% │   0.2963 │ Yes       │ n.s.          │
│ SEQUENTIAL vs ULID           │       -3.2% │   0.2101 │ Yes       │ n.s.          │
│ SEQUENTIAL vs ULID_MONOTONIC │       +0.5% │   0.7540 │ Yes       │ n.s.          │
│ SEQUENTIAL vs UUIDV1         │       -6.3% │   0.0601 │ Yes       │ n.s.          │
└──────────────────────────────┴─────────────┴──────────┴───────────┴───────────────┘

Latency P95 (µs)
┌────────────────┬──────────┬──────────┬──────────┬──────────┬──────────┬─────────┐
│ Key Type       │ Median   │ Mean     │ StdDev   │ Min      │ Max      │ CV %    │
├────────────────┼──────────┼──────────┼──────────┼──────────┼──────────┼─────────┤
│ SEQUENTIAL     │      262 │      262 │        7 │      252 │      272 │     2.7 │
│ UUIDV4         │      270 │      268 │        6 │      258 │      272 │     2.1 │
│ UUIDV7         │      265 │      264 │        6 │      253 │      269 │     2.4 │
│ ULID           │      261 │      260 │        3 │      256 │      265 │     1.3 │
│ ULID_MONOTONIC │      265 │      268 │        8 │      259 │      277 │     3.0 │
│ UUIDV1         │      257 │      258 │        5 │      252 │      265 │     2.0 │
└────────────────┴──────────┴──────────┴──────────┴──────────┴──────────┴─────────┘

Statistical Comparisons (vs SEQUENTIAL):
┌──────────────────────────────┬─────────────┬──────────┬───────────┬───────────────┐
│ Comparison                   │ Median Diff │ p-value  │ Overlap?  │ Significant?  │
├──────────────────────────────┼─────────────┼──────────┼───────────┼───────────────┤
│ SEQUENTIAL vs UUIDV4         │       +3.1% │   0.2963 │ Yes       │ n.s.          │
│ SEQUENTIAL vs UUIDV7         │       +1.1% │   0.3472 │ Yes       │ n.s.          │
│ SEQUENTIAL vs ULID           │       -0.4% │   0.6015 │ Yes       │ n.s.          │
│ SEQUENTIAL vs ULID_MONOTONIC │       +1.1% │   0.2101 │ Yes       │ n.s.          │
│ SEQUENTIAL vs UUIDV1         │       -1.9% │   0.4034 │ Yes       │ n.s.          │
└──────────────────────────────┴─────────────┴──────────┴───────────┴───────────────┘

Latency P99 (µs)
┌────────────────┬──────────┬──────────┬──────────┬──────────┬──────────┬─────────┐
│ Key Type       │ Median   │ Mean     │ StdDev   │ Min      │ Max      │ CV %    │
├────────────────┼──────────┼──────────┼──────────┼──────────┼──────────┼─────────┤
│ SEQUENTIAL     │      332 │      339 │       38 │      284 │      380 │    11.2 │
│ UUIDV4         │      328 │      324 │       16 │      298 │      340 │     4.9 │
│ UUIDV7         │      323 │      318 │       15 │      298 │      338 │     4.8 │
│ ULID           │      308 │      310 │        9 │      299 │      322 │     2.8 │
│ ULID_MONOTONIC │      323 │      339 │       48 │      303 │      422 │    14.3 │
│ UUIDV1         │      309 │      303 │       11 │      284 │      311 │     3.7 │
└────────────────┴──────────┴──────────┴──────────┴──────────┴──────────┴─────────┘

Statistical Comparisons (vs SEQUENTIAL):
┌──────────────────────────────┬─────────────┬──────────┬───────────┬───────────────┐
│ Comparison                   │ Median Diff │ p-value  │ Overlap?  │ Significant?  │
├──────────────────────────────┼─────────────┼──────────┼───────────┼───────────────┤
│ SEQUENTIAL vs UUIDV4         │       -1.2% │   0.4034 │ Yes       │ n.s.          │
│ SEQUENTIAL vs UUIDV7         │       -2.7% │   0.2506 │ Yes       │ n.s.          │
│ SEQUENTIAL vs ULID           │       -7.2% │   0.1172 │ Yes       │ n.s.          │
│ SEQUENTIAL vs ULID_MONOTONIC │       -2.7% │   0.7540 │ Yes       │ n.s.          │
│ SEQUENTIAL vs UUIDV1         │       -6.9% │   0.0947 │ Yes       │ n.s.          │
└──────────────────────────────┴─────────────┴──────────┴───────────┴───────────────┘

Read IOPS
┌────────────────┬──────────┬──────────┬──────────┬──────────┬──────────┬─────────┐
│ Key Type       │ Median   │ Mean     │ StdDev   │ Min      │ Max      │ CV %    │
├────────────────┼──────────┼──────────┼──────────┼──────────┼──────────┼─────────┤
│ SEQUENTIAL     │      278 │      275 │       10 │      263 │      285 │     3.5 │
│ UUIDV4         │       26 │       28 │        4 │       26 │       35 │    13.6 │
│ UUIDV7         │      273 │      273 │       19 │      255 │      300 │     6.8 │
│ ULID           │      259 │      258 │       16 │      233 │      275 │     6.1 │
│ ULID_MONOTONIC │      271 │      275 │        8 │      269 │      289 │     3.0 │
│ UUIDV1         │      103 │      103 │        5 │       96 │      110 │     4.9 │
└────────────────┴──────────┴──────────┴──────────┴──────────┴──────────┴─────────┘

Statistical Comparisons (vs SEQUENTIAL):
┌──────────────────────────────┬─────────────┬──────────┬───────────┬───────────────┐
│ Comparison                   │ Median Diff │ p-value  │ Overlap?  │ Significant?  │
├──────────────────────────────┼─────────────┼──────────┼───────────┼───────────────┤
│ SEQUENTIAL vs UUIDV4         │      -90.5% │   0.0090 │ No        │ No overlap    │
│ SEQUENTIAL vs UUIDV7         │       -2.0% │   0.6015 │ Yes       │ n.s.          │
│ SEQUENTIAL vs ULID           │       -7.0% │   0.0758 │ Yes       │ n.s.          │
│ SEQUENTIAL vs ULID_MONOTONIC │       -2.5% │   0.9168 │ Yes       │ n.s.          │
│ SEQUENTIAL vs UUIDV1         │      -63.1% │   0.0090 │ No        │ No overlap    │
└──────────────────────────────┴─────────────┴──────────┴───────────┴───────────────┘

Write IOPS
┌────────────────┬──────────┬──────────┬──────────┬──────────┬──────────┬─────────┐
│ Key Type       │ Median   │ Mean     │ StdDev   │ Min      │ Max      │ CV %    │
├────────────────┼──────────┼──────────┼──────────┼──────────┼──────────┼─────────┤
│ SEQUENTIAL     │      115 │      114 │        4 │      110 │      118 │     3.5 │
│ UUIDV4         │       68 │       68 │        9 │       59 │       78 │    13.3 │
│ UUIDV7         │      113 │      113 │        8 │      106 │      124 │     6.7 │
│ ULID           │       61 │       60 │        3 │       55 │       63 │     5.4 │
│ ULID_MONOTONIC │      113 │      114 │        3 │      112 │      119 │     2.8 │
│ UUIDV1         │       79 │       78 │        4 │       72 │       82 │     4.9 │
└────────────────┴──────────┴──────────┴──────────┴──────────┴──────────┴─────────┘

Statistical Comparisons (vs SEQUENTIAL):
┌──────────────────────────────┬─────────────┬──────────┬───────────┬───────────────┐
│ Comparison                   │ Median Diff │ p-value  │ Overlap?  │ Significant?  │
├──────────────────────────────┼─────────────┼──────────┼───────────┼───────────────┤
│ SEQUENTIAL vs UUIDV4         │      -41.1% │   0.0090 │ No        │ No overlap    │
│ SEQUENTIAL vs UUIDV7         │       -1.8% │   0.6015 │ Yes       │ n.s.          │
│ SEQUENTIAL vs ULID           │      -46.9% │   0.0090 │ No        │ No overlap    │
│ SEQUENTIAL vs ULID_MONOTONIC │       -2.0% │   0.9168 │ Yes       │ n.s.          │
│ SEQUENTIAL vs UUIDV1         │      -31.0% │   0.0090 │ No        │ No overlap    │
└──────────────────────────────┴─────────────┴──────────┴───────────┴───────────────┘

Read Throughput (MB/s)
┌────────────────┬──────────┬──────────┬──────────┬──────────┬──────────┬─────────┐
│ Key Type       │ Median   │ Mean     │ StdDev   │ Min      │ Max      │ CV %    │
├────────────────┼──────────┼──────────┼──────────┼──────────┼──────────┼─────────┤
│ SEQUENTIAL     │      4.3 │      4.3 │      0.1 │      4.1 │      4.4 │     3.5 │
│ UUIDV4         │      0.4 │      0.4 │      0.0 │      0.4 │      0.5 │     5.9 │
│ UUIDV7         │      4.3 │      4.3 │      0.3 │      4.0 │      4.7 │     6.8 │
│ ULID           │      4.0 │      4.0 │      0.2 │      3.6 │      4.3 │     6.1 │
│ ULID_MONOTONIC │      4.2 │      4.3 │      0.1 │      4.2 │      4.5 │     3.0 │
│ UUIDV1         │      1.6 │      1.6 │      0.1 │      1.5 │      1.7 │     4.9 │
└────────────────┴──────────┴──────────┴──────────┴──────────┴──────────┴─────────┘

Statistical Comparisons (vs SEQUENTIAL):
┌──────────────────────────────┬─────────────┬──────────┬───────────┬───────────────┐
│ Comparison                   │ Median Diff │ p-value  │ Overlap?  │ Significant?  │
├──────────────────────────────┼─────────────┼──────────┼───────────┼───────────────┤
│ SEQUENTIAL vs UUIDV4         │      -90.5% │   0.0090 │ No        │ No overlap    │
│ SEQUENTIAL vs UUIDV7         │       -2.0% │   0.6015 │ Yes       │ n.s.          │
│ SEQUENTIAL vs ULID           │       -7.0% │   0.0758 │ Yes       │ n.s.          │
│ SEQUENTIAL vs ULID_MONOTONIC │       -2.5% │   0.9168 │ Yes       │ n.s.          │
│ SEQUENTIAL vs UUIDV1         │      -63.1% │   0.0090 │ No        │ No overlap    │
└──────────────────────────────┴─────────────┴──────────┴───────────┴───────────────┘

Write Throughput (MB/s)
┌────────────────┬──────────┬──────────┬──────────┬──────────┬──────────┬─────────┐
│ Key Type       │ Median   │ Mean     │ StdDev   │ Min      │ Max      │ CV %    │
├────────────────┼──────────┼──────────┼──────────┼──────────┼──────────┼─────────┤
│ SEQUENTIAL     │      2.7 │      2.7 │      0.1 │      2.6 │      2.8 │     3.2 │
│ UUIDV4         │      1.6 │      1.6 │      0.2 │      1.4 │      1.8 │    13.1 │
│ UUIDV7         │      2.7 │      2.7 │      0.2 │      2.5 │      2.9 │     6.6 │
│ ULID           │      1.4 │      1.4 │      0.1 │      1.3 │      1.5 │     5.2 │
│ ULID_MONOTONIC │      2.6 │      2.7 │      0.1 │      2.6 │      2.8 │     2.7 │
│ UUIDV1         │      1.9 │      1.8 │      0.1 │      1.7 │      2.0 │     5.0 │
└────────────────┴──────────┴──────────┴──────────┴──────────┴──────────┴─────────┘

Statistical Comparisons (vs SEQUENTIAL):
┌──────────────────────────────┬─────────────┬──────────┬───────────┬───────────────┐
│ Comparison                   │ Median Diff │ p-value  │ Overlap?  │ Significant?  │
├──────────────────────────────┼─────────────┼──────────┼───────────┼───────────────┤
│ SEQUENTIAL vs UUIDV4         │      -40.9% │   0.0090 │ No        │ No overlap    │
│ SEQUENTIAL vs UUIDV7         │       -1.5% │   0.6015 │ Yes       │ n.s.          │
│ SEQUENTIAL vs ULID           │      -46.7% │   0.0090 │ No        │ No overlap    │
│ SEQUENTIAL vs ULID_MONOTONIC │       -2.1% │   0.9168 │ Yes       │ n.s.          │
│ SEQUENTIAL vs UUIDV1         │      -30.3% │   0.0090 │ No        │ No overlap    │
└──────────────────────────────┴─────────────┴──────────┴───────────┴───────────────┘

Exporting results to CSV...
  Statistical summary: /home/aaeirack/uuid-benchmark/results/mysql_10m_read-performance_1conn.csv
  Raw runs data: /home/aaeirack/uuid-benchmark/results/mysql_10m_read-performance_1conn_raw.csv

All scenarios completed successfully!
