UUID Benchmark - PostgreSQL
======================================================================
Database:     PostgreSQL
Scenario:     update-performance
Records:      10000000
Batch Size:   100
Runs:         5 (statistical mode)
Testing:      [sequential uuidv4 uuidv7 ulid ulid_monotonic uuidv1]
======================================================================


Testing SEQUENTIAL (5 runs)
----------------------------------------------------------------------
  Run 1/5... Starting fresh PostgreSQL container...
Waiting for PostgreSQL to initialize...
Container ready
Inserting 10000000 records...
Inserted 10000000 records
Creating lookup table for random key selection...
Running 500000 updates (batch size=100)...
Completed 500000 updates in 3m31.15556658s
Update throughput: 2370.72 ops/sec
Measuring fragmentation...

Cleaning up container...
Container stopped and removed
done
  Run 2/5... Starting fresh PostgreSQL container...
Waiting for PostgreSQL to initialize...
Container ready
Inserting 10000000 records...
Inserted 10000000 records
Creating lookup table for random key selection...
Running 500000 updates (batch size=100)...
Completed 500000 updates in 3m23.914338849s
Update throughput: 2455.13 ops/sec
Measuring fragmentation...

Cleaning up container...
Container stopped and removed
done
  Run 3/5... Starting fresh PostgreSQL container...
Waiting for PostgreSQL to initialize...
Container ready
Inserting 10000000 records...
Inserted 10000000 records
Creating lookup table for random key selection...
Running 500000 updates (batch size=100)...
Completed 500000 updates in 3m27.299269245s
Update throughput: 2414.74 ops/sec
Measuring fragmentation...

Cleaning up container...
Container stopped and removed
done
  Run 4/5... Starting fresh PostgreSQL container...
Waiting for PostgreSQL to initialize...
Container ready
Inserting 10000000 records...
Inserted 10000000 records
Creating lookup table for random key selection...
Running 500000 updates (batch size=100)...
Completed 500000 updates in 3m25.94330605s
Update throughput: 2430.72 ops/sec
Measuring fragmentation...

Cleaning up container...
Container stopped and removed
done
  Run 5/5... Starting fresh PostgreSQL container...
Waiting for PostgreSQL to initialize...
Container ready
Inserting 10000000 records...
Inserted 10000000 records
Creating lookup table for random key selection...
Running 500000 updates (batch size=100)...
Completed 500000 updates in 3m29.042712325s
Update throughput: 2394.66 ops/sec
Measuring fragmentation...

Cleaning up container...
Container stopped and removed
done

Testing UUIDV4 (5 runs)
----------------------------------------------------------------------
  Run 1/5... Starting fresh PostgreSQL container...
Waiting for PostgreSQL to initialize...
Container ready
Inserting 10000000 records...
Inserted 10000000 records
Creating lookup table for random key selection...
Running 500000 updates (batch size=100)...
Completed 500000 updates in 3m32.697449592s
Update throughput: 2353.34 ops/sec
Measuring fragmentation...

Cleaning up container...
Container stopped and removed
done
  Run 2/5... Starting fresh PostgreSQL container...
Waiting for PostgreSQL to initialize...
Container ready
Inserting 10000000 records...
Inserted 10000000 records
Creating lookup table for random key selection...
Running 500000 updates (batch size=100)...
Completed 500000 updates in 3m31.817732932s
Update throughput: 2363.25 ops/sec
Measuring fragmentation...

Cleaning up container...
Container stopped and removed
done
  Run 3/5... Starting fresh PostgreSQL container...
Waiting for PostgreSQL to initialize...
Container ready
Inserting 10000000 records...
Inserted 10000000 records
Creating lookup table for random key selection...
Running 500000 updates (batch size=100)...
Completed 500000 updates in 3m31.858300853s
Update throughput: 2362.83 ops/sec
Measuring fragmentation...

Cleaning up container...
Container stopped and removed
done
  Run 4/5... Starting fresh PostgreSQL container...
Waiting for PostgreSQL to initialize...
Container ready
Inserting 10000000 records...
Inserted 10000000 records
Creating lookup table for random key selection...
Running 500000 updates (batch size=100)...
Completed 500000 updates in 3m30.393497346s
Update throughput: 2379.68 ops/sec
Measuring fragmentation...

Cleaning up container...
Container stopped and removed
done
  Run 5/5... Starting fresh PostgreSQL container...
Waiting for PostgreSQL to initialize...
Container ready
Inserting 10000000 records...
Inserted 10000000 records
Creating lookup table for random key selection...
Running 500000 updates (batch size=100)...
Completed 500000 updates in 3m33.103301509s
Update throughput: 2348.88 ops/sec
Measuring fragmentation...

Cleaning up container...
Container stopped and removed
done

Testing UUIDV7 (5 runs)
----------------------------------------------------------------------
  Run 1/5... Starting fresh PostgreSQL container...
Waiting for PostgreSQL to initialize...
Container ready
Inserting 10000000 records...
Inserted 10000000 records
Creating lookup table for random key selection...
Running 500000 updates (batch size=100)...
Completed 500000 updates in 3m27.858869224s
Update throughput: 2408.22 ops/sec
Measuring fragmentation...

Cleaning up container...
Container stopped and removed
done
  Run 2/5... Starting fresh PostgreSQL container...
Waiting for PostgreSQL to initialize...
Container ready
Inserting 10000000 records...
Inserted 10000000 records
Creating lookup table for random key selection...
Running 500000 updates (batch size=100)...
Completed 500000 updates in 3m28.310968621s
Update throughput: 2403.21 ops/sec
Measuring fragmentation...

Cleaning up container...
Container stopped and removed
done
  Run 3/5... Starting fresh PostgreSQL container...
Waiting for PostgreSQL to initialize...
Container ready
Inserting 10000000 records...
Inserted 10000000 records
Creating lookup table for random key selection...
Running 500000 updates (batch size=100)...
Completed 500000 updates in 3m27.587212834s
Update throughput: 2411.40 ops/sec
Measuring fragmentation...

Cleaning up container...
Container stopped and removed
done
  Run 4/5... Starting fresh PostgreSQL container...
Waiting for PostgreSQL to initialize...
Container ready
Inserting 10000000 records...
Inserted 10000000 records
Creating lookup table for random key selection...
Running 500000 updates (batch size=100)...
Completed 500000 updates in 3m27.360495963s
Update throughput: 2414.20 ops/sec
Measuring fragmentation...

Cleaning up container...
Container stopped and removed
done
  Run 5/5... Starting fresh PostgreSQL container...
Waiting for PostgreSQL to initialize...
Container ready
Inserting 10000000 records...
Inserted 10000000 records
Creating lookup table for random key selection...
Running 500000 updates (batch size=100)...
Completed 500000 updates in 3m27.369148833s
Update throughput: 2414.42 ops/sec
Measuring fragmentation...

Cleaning up container...
Container stopped and removed
done

Testing ULID (5 runs)
----------------------------------------------------------------------
  Run 1/5... Starting fresh PostgreSQL container...
Waiting for PostgreSQL to initialize...
Container ready
Inserting 10000000 records...
Inserted 10000000 records
Creating lookup table for random key selection...
Running 500000 updates (batch size=100)...
Completed 500000 updates in 3m30.836422167s
Update throughput: 2374.13 ops/sec
Measuring fragmentation...

Cleaning up container...
Container stopped and removed
done
  Run 2/5... Starting fresh PostgreSQL container...
Waiting for PostgreSQL to initialize...
Container ready
Inserting 10000000 records...
Inserted 10000000 records
Creating lookup table for random key selection...
Running 500000 updates (batch size=100)...
Completed 500000 updates in 3m31.324118119s
Update throughput: 2368.74 ops/sec
Measuring fragmentation...

Cleaning up container...
Container stopped and removed
done
  Run 3/5... Starting fresh PostgreSQL container...
Waiting for PostgreSQL to initialize...
Container ready
Inserting 10000000 records...
Inserted 10000000 records
Creating lookup table for random key selection...
Running 500000 updates (batch size=100)...
Completed 500000 updates in 3m32.877442019s
Update throughput: 2351.50 ops/sec
Measuring fragmentation...

Cleaning up container...
Container stopped and removed
done
  Run 4/5... Starting fresh PostgreSQL container...
Waiting for PostgreSQL to initialize...
Container ready
Inserting 10000000 records...
Inserted 10000000 records
Creating lookup table for random key selection...
Running 500000 updates (batch size=100)...
Completed 500000 updates in 3m34.188638475s
Update throughput: 2337.01 ops/sec
Measuring fragmentation...

Cleaning up container...
Container stopped and removed
done
  Run 5/5... Starting fresh PostgreSQL container...
Waiting for PostgreSQL to initialize...
Container ready
Inserting 10000000 records...
Inserted 10000000 records
Creating lookup table for random key selection...
Running 500000 updates (batch size=100)...
Completed 500000 updates in 3m32.823133999s
Update throughput: 2352.12 ops/sec
Measuring fragmentation...

Cleaning up container...
Container stopped and removed
done

Testing ULID_MONOTONIC (5 runs)
----------------------------------------------------------------------
  Run 1/5... Starting fresh PostgreSQL container...
Waiting for PostgreSQL to initialize...
Container ready
Inserting 10000000 records...
Inserted 10000000 records
Creating lookup table for random key selection...
Running 500000 updates (batch size=100)...
Completed 500000 updates in 3m29.511895195s
Update throughput: 2389.21 ops/sec
Measuring fragmentation...

Cleaning up container...
Container stopped and removed
done
  Run 2/5... Starting fresh PostgreSQL container...
Waiting for PostgreSQL to initialize...
Container ready
Inserting 10000000 records...
Inserted 10000000 records
Creating lookup table for random key selection...
Running 500000 updates (batch size=100)...
Completed 500000 updates in 3m31.851734699s
Update throughput: 2363.13 ops/sec
Measuring fragmentation...

Cleaning up container...
Container stopped and removed
done
  Run 3/5... Starting fresh PostgreSQL container...
Waiting for PostgreSQL to initialize...
Container ready
Inserting 10000000 records...
Inserted 10000000 records
Creating lookup table for random key selection...
Running 500000 updates (batch size=100)...
Completed 500000 updates in 3m33.60643719s
Update throughput: 2343.57 ops/sec
Measuring fragmentation...

Cleaning up container...
Container stopped and removed
done
  Run 4/5... Starting fresh PostgreSQL container...
Waiting for PostgreSQL to initialize...
Container ready
Inserting 10000000 records...
Inserted 10000000 records
Creating lookup table for random key selection...
Running 500000 updates (batch size=100)...
Completed 500000 updates in 3m33.173812656s
Update throughput: 2348.23 ops/sec
Measuring fragmentation...

Cleaning up container...
Container stopped and removed
done
  Run 5/5... Starting fresh PostgreSQL container...
Waiting for PostgreSQL to initialize...
Container ready
Inserting 10000000 records...
Inserted 10000000 records
Creating lookup table for random key selection...
Running 500000 updates (batch size=100)...
Completed 500000 updates in 3m30.574535133s
Update throughput: 2377.30 ops/sec
Measuring fragmentation...

Cleaning up container...
Container stopped and removed
done

Testing UUIDV1 (5 runs)
----------------------------------------------------------------------
  Run 1/5... Starting fresh PostgreSQL container...
Waiting for PostgreSQL to initialize...
Container ready
Inserting 10000000 records...
Inserted 10000000 records
Creating lookup table for random key selection...
Running 500000 updates (batch size=100)...
Completed 500000 updates in 3m36.677117379s
Update throughput: 2310.26 ops/sec
Measuring fragmentation...

Cleaning up container...
Container stopped and removed
done
  Run 2/5... Starting fresh PostgreSQL container...
Waiting for PostgreSQL to initialize...
Container ready
Inserting 10000000 records...
Inserted 10000000 records
Creating lookup table for random key selection...
Running 500000 updates (batch size=100)...
Completed 500000 updates in 3m39.106569762s
Update throughput: 2284.76 ops/sec
Measuring fragmentation...

Cleaning up container...
Container stopped and removed
done
  Run 3/5... Starting fresh PostgreSQL container...
Waiting for PostgreSQL to initialize...
Container ready
Inserting 10000000 records...
Inserted 10000000 records
Creating lookup table for random key selection...
Running 500000 updates (batch size=100)...
Completed 500000 updates in 3m35.121859072s
Update throughput: 2326.91 ops/sec
Measuring fragmentation...

Cleaning up container...
Container stopped and removed
done
  Run 4/5... Starting fresh PostgreSQL container...
Waiting for PostgreSQL to initialize...
Container ready
Inserting 10000000 records...
Inserted 10000000 records
Creating lookup table for random key selection...
Running 500000 updates (batch size=100)...
Completed 500000 updates in 3m35.105149613s
Update throughput: 2327.45 ops/sec
Measuring fragmentation...

Cleaning up container...
Container stopped and removed
done
  Run 5/5... Starting fresh PostgreSQL container...
Waiting for PostgreSQL to initialize...
Container ready
Inserting 10000000 records...
Inserted 10000000 records
Creating lookup table for random key selection...
Running 500000 updates (batch size=100)...
Completed 500000 updates in 3m37.553823277s
Update throughput: 2300.94 ops/sec
Measuring fragmentation...

Cleaning up container...
Container stopped and removed
done

====================================================================================================
Update Performance - Statistical Summary (5 runs per UUID type)
====================================================================================================

Update Throughput (ops/sec)
┌────────────────┬──────────┬──────────┬──────────┬──────────┬──────────┬─────────┐
│ Key Type       │ Median   │ Mean     │ StdDev   │ Min      │ Max      │ CV %    │
├────────────────┼──────────┼──────────┼──────────┼──────────┼──────────┼─────────┤
│ SEQUENTIAL     │     2415 │     2413 │       32 │     2371 │     2455 │     1.3 │
│ UUIDV4         │     2363 │     2362 │       12 │     2349 │     2380 │     0.5 │
│ UUIDV7         │     2411 │     2410 │        5 │     2403 │     2414 │     0.2 │
│ ULID           │     2352 │     2357 │       15 │     2337 │     2374 │     0.6 │
│ ULID_MONOTONIC │     2363 │     2364 │       19 │     2344 │     2389 │     0.8 │
│ UUIDV1         │     2310 │     2310 │       18 │     2285 │     2327 │     0.8 │
└────────────────┴──────────┴──────────┴──────────┴──────────┴──────────┴─────────┘

Statistical Comparisons (vs SEQUENTIAL):
┌──────────────────────────────┬─────────────┬──────────┬───────────┬───────────────┐
│ Comparison                   │ Median Diff │ p-value  │ Overlap?  │ Significant?  │
├──────────────────────────────┼─────────────┼──────────┼───────────┼───────────────┤
│ SEQUENTIAL vs UUIDV4         │       -2.1% │   0.0163 │ Yes       │ * (p<0.05)    │
│ SEQUENTIAL vs UUIDV7         │       -0.1% │   0.6015 │ Yes       │ n.s.          │
│ SEQUENTIAL vs ULID           │       -2.6% │   0.0163 │ Yes       │ * (p<0.05)    │
│ SEQUENTIAL vs ULID_MONOTONIC │       -2.1% │   0.0283 │ Yes       │ * (p<0.05)    │
│ SEQUENTIAL vs UUIDV1         │       -4.3% │   0.0090 │ No        │ No overlap    │
└──────────────────────────────┴─────────────┴──────────┴───────────┴───────────────┘

Leaf Fragmentation (%)
┌────────────────┬──────────┬──────────┬──────────┬──────────┬──────────┬─────────┐
│ Key Type       │ Median   │ Mean     │ StdDev   │ Min      │ Max      │ CV %    │
├────────────────┼──────────┼──────────┼──────────┼──────────┼──────────┼─────────┤
│ SEQUENTIAL     │     0.00 │     0.00 │     0.00 │     0.00 │     0.00 │     0.0 │
│ UUIDV4         │    49.78 │    49.79 │     0.07 │    49.73 │    49.89 │     0.1 │
│ UUIDV7         │     0.00 │     0.00 │     0.00 │     0.00 │     0.00 │     0.0 │
│ ULID           │     0.00 │     0.00 │     0.00 │     0.00 │     0.00 │     0.0 │
│ ULID_MONOTONIC │     0.00 │     0.00 │     0.00 │     0.00 │     0.00 │     0.0 │
│ UUIDV1         │     0.52 │     0.64 │     0.85 │     0.00 │     2.08 │   132.1 │
└────────────────┴──────────┴──────────┴──────────┴──────────┴──────────┴─────────┘

Statistical Comparisons (vs SEQUENTIAL):
┌──────────────────────────────┬─────────────┬──────────┬───────────┬───────────────┐
│ Comparison                   │ Median Diff │ p-value  │ Overlap?  │ Significant?  │
├──────────────────────────────┼─────────────┼──────────┼───────────┼───────────────┤
│ SEQUENTIAL vs UUIDV4         │       +0.0% │   0.0090 │ No        │ No overlap    │
│ SEQUENTIAL vs UUIDV7         │       +0.0% │   1.0000 │ Yes       │ n.s.          │
│ SEQUENTIAL vs ULID           │       +0.0% │   1.0000 │ Yes       │ n.s.          │
│ SEQUENTIAL vs ULID_MONOTONIC │       +0.0% │   1.0000 │ Yes       │ n.s.          │
│ SEQUENTIAL vs UUIDV1         │       +0.0% │   0.0367 │ Yes       │ * (p<0.05)    │
└──────────────────────────────┴─────────────┴──────────┴───────────┴───────────────┘

Latency P50 (µs)
┌────────────────┬──────────┬──────────┬──────────┬──────────┬──────────┬─────────┐
│ Key Type       │ Median   │ Mean     │ StdDev   │ Min      │ Max      │ CV %    │
├────────────────┼──────────┼──────────┼──────────┼──────────┼──────────┼─────────┤
│ SEQUENTIAL     │      375 │      375 │        1 │      374 │      376 │     0.2 │
│ UUIDV4         │      374 │      374 │        1 │      372 │      375 │     0.3 │
│ UUIDV7         │      378 │      378 │        1 │      376 │      379 │     0.3 │
│ ULID           │      382 │      382 │        1 │      381 │      383 │     0.2 │
│ ULID_MONOTONIC │      382 │      382 │        1 │      381 │      383 │     0.2 │
│ UUIDV1         │      381 │      382 │        4 │      378 │      388 │     1.0 │
└────────────────┴──────────┴──────────┴──────────┴──────────┴──────────┴─────────┘

Statistical Comparisons (vs SEQUENTIAL):
┌──────────────────────────────┬─────────────┬──────────┬───────────┬───────────────┐
│ Comparison                   │ Median Diff │ p-value  │ Overlap?  │ Significant?  │
├──────────────────────────────┼─────────────┼──────────┼───────────┼───────────────┤
│ SEQUENTIAL vs UUIDV4         │       -0.3% │   0.3472 │ Yes       │ n.s.          │
│ SEQUENTIAL vs UUIDV7         │       +0.8% │   0.0122 │ Yes       │ * (p<0.05)    │
│ SEQUENTIAL vs ULID           │       +1.9% │   0.0090 │ No        │ No overlap    │
│ SEQUENTIAL vs ULID_MONOTONIC │       +1.9% │   0.0090 │ No        │ No overlap    │
│ SEQUENTIAL vs UUIDV1         │       +1.6% │   0.0090 │ No        │ No overlap    │
└──────────────────────────────┴─────────────┴──────────┴───────────┴───────────────┘

Latency P95 (µs)
┌────────────────┬──────────┬──────────┬──────────┬──────────┬──────────┬─────────┐
│ Key Type       │ Median   │ Mean     │ StdDev   │ Min      │ Max      │ CV %    │
├────────────────┼──────────┼──────────┼──────────┼──────────┼──────────┼─────────┤
│ SEQUENTIAL     │     2926 │     2928 │       19 │     2909 │     2951 │     0.6 │
│ UUIDV4         │     3885 │     3876 │       23 │     3837 │     3897 │     0.6 │
│ UUIDV7         │     3165 │     3179 │       45 │     3136 │     3253 │     1.4 │
│ ULID           │     2957 │     2972 │       35 │     2954 │     3035 │     1.2 │
│ ULID_MONOTONIC │     2967 │     2958 │       20 │     2926 │     2978 │     0.7 │
│ UUIDV1         │     4036 │     4030 │       45 │     3975 │     4083 │     1.1 │
└────────────────┴──────────┴──────────┴──────────┴──────────┴──────────┴─────────┘

Statistical Comparisons (vs SEQUENTIAL):
┌──────────────────────────────┬─────────────┬──────────┬───────────┬───────────────┐
│ Comparison                   │ Median Diff │ p-value  │ Overlap?  │ Significant?  │
├──────────────────────────────┼─────────────┼──────────┼───────────┼───────────────┤
│ SEQUENTIAL vs UUIDV4         │      +32.8% │   0.0090 │ No        │ No overlap    │
│ SEQUENTIAL vs UUIDV7         │       +8.2% │   0.0090 │ No        │ No overlap    │
│ SEQUENTIAL vs ULID           │       +1.1% │   0.0090 │ No        │ No overlap    │
│ SEQUENTIAL vs ULID_MONOTONIC │       +1.4% │   0.0367 │ Yes       │ * (p<0.05)    │
│ SEQUENTIAL vs UUIDV1         │      +37.9% │   0.0090 │ No        │ No overlap    │
└──────────────────────────────┴─────────────┴──────────┴───────────┴───────────────┘

Latency P99 (µs)
┌────────────────┬──────────┬──────────┬──────────┬──────────┬──────────┬─────────┐
│ Key Type       │ Median   │ Mean     │ StdDev   │ Min      │ Max      │ CV %    │
├────────────────┼──────────┼──────────┼──────────┼──────────┼──────────┼─────────┤
│ SEQUENTIAL     │     4964 │     4915 │      219 │     4592 │     5187 │     4.5 │
│ UUIDV4         │     5546 │     5553 │       62 │     5468 │     5641 │     1.1 │
│ UUIDV7         │     5000 │     5001 │       59 │     4936 │     5070 │     1.2 │
│ ULID           │     5030 │     4980 │      115 │     4853 │     5116 │     2.3 │
│ ULID_MONOTONIC │     5036 │     5009 │       52 │     4936 │     5050 │     1.0 │
│ UUIDV1         │     5425 │     5449 │      104 │     5324 │     5598 │     1.9 │
└────────────────┴──────────┴──────────┴──────────┴──────────┴──────────┴─────────┘

Statistical Comparisons (vs SEQUENTIAL):
┌──────────────────────────────┬─────────────┬──────────┬───────────┬───────────────┐
│ Comparison                   │ Median Diff │ p-value  │ Overlap?  │ Significant?  │
├──────────────────────────────┼─────────────┼──────────┼───────────┼───────────────┤
│ SEQUENTIAL vs UUIDV4         │      +11.7% │   0.0090 │ No        │ No overlap    │
│ SEQUENTIAL vs UUIDV7         │       +0.7% │   0.4647 │ Yes       │ n.s.          │
│ SEQUENTIAL vs ULID           │       +1.3% │   0.4647 │ Yes       │ n.s.          │
│ SEQUENTIAL vs ULID_MONOTONIC │       +1.5% │   0.3472 │ Yes       │ n.s.          │
│ SEQUENTIAL vs UUIDV1         │       +9.3% │   0.0090 │ No        │ No overlap    │
└──────────────────────────────┴─────────────┴──────────┴───────────┴───────────────┘

Read IOPS
┌────────────────┬──────────┬──────────┬──────────┬──────────┬──────────┬─────────┐
│ Key Type       │ Median   │ Mean     │ StdDev   │ Min      │ Max      │ CV %    │
├────────────────┼──────────┼──────────┼──────────┼──────────┼──────────┼─────────┤
│ SEQUENTIAL     │     1345 │     1348 │       10 │     1338 │     1360 │     0.8 │
│ UUIDV4         │     1247 │     1342 │      216 │     1241 │     1729 │    16.1 │
│ UUIDV7         │     1353 │     1352 │        4 │     1347 │     1355 │     0.3 │
│ ULID           │     1436 │     1450 │       40 │     1423 │     1522 │     2.8 │
│ ULID_MONOTONIC │     1436 │     1444 │       55 │     1379 │     1531 │     3.8 │
│ UUIDV1         │     1519 │     1529 │       74 │     1465 │     1642 │     4.8 │
└────────────────┴──────────┴──────────┴──────────┴──────────┴──────────┴─────────┘

Statistical Comparisons (vs SEQUENTIAL):
┌──────────────────────────────┬─────────────┬──────────┬───────────┬───────────────┐
│ Comparison                   │ Median Diff │ p-value  │ Overlap?  │ Significant?  │
├──────────────────────────────┼─────────────┼──────────┼───────────┼───────────────┤
│ SEQUENTIAL vs UUIDV4         │       -7.3% │   0.1172 │ Yes       │ n.s.          │
│ SEQUENTIAL vs UUIDV7         │       +0.6% │   0.6015 │ Yes       │ n.s.          │
│ SEQUENTIAL vs ULID           │       +6.8% │   0.0090 │ No        │ No overlap    │
│ SEQUENTIAL vs ULID_MONOTONIC │       +6.8% │   0.0090 │ No        │ No overlap    │
│ SEQUENTIAL vs UUIDV1         │      +13.0% │   0.0090 │ No        │ No overlap    │
└──────────────────────────────┴─────────────┴──────────┴───────────┴───────────────┘

Write IOPS
┌────────────────┬──────────┬──────────┬──────────┬──────────┬──────────┬─────────┐
│ Key Type       │ Median   │ Mean     │ StdDev   │ Min      │ Max      │ CV %    │
├────────────────┼──────────┼──────────┼──────────┼──────────┼──────────┼─────────┤
│ SEQUENTIAL     │     8471 │     8454 │      109 │     8286 │     8581 │     1.3 │
│ UUIDV4         │     8077 │     8109 │      151 │     7965 │     8367 │     1.9 │
│ UUIDV7         │     8484 │     8486 │       20 │     8460 │     8510 │     0.2 │
│ ULID           │     8590 │     8277 │      522 │     7676 │     8691 │     6.3 │
│ ULID_MONOTONIC │     8618 │     8465 │      336 │     7867 │     8656 │     4.0 │
│ UUIDV1         │     7973 │     8119 │      350 │     7788 │     8670 │     4.3 │
└────────────────┴──────────┴──────────┴──────────┴──────────┴──────────┴─────────┘

Statistical Comparisons (vs SEQUENTIAL):
┌──────────────────────────────┬─────────────┬──────────┬───────────┬───────────────┐
│ Comparison                   │ Median Diff │ p-value  │ Overlap?  │ Significant?  │
├──────────────────────────────┼─────────────┼──────────┼───────────┼───────────────┤
│ SEQUENTIAL vs UUIDV4         │       -4.6% │   0.0163 │ Yes       │ * (p<0.05)    │
│ SEQUENTIAL vs UUIDV7         │       +0.2% │   0.6015 │ Yes       │ n.s.          │
│ SEQUENTIAL vs ULID           │       +1.4% │   0.6015 │ Yes       │ n.s.          │
│ SEQUENTIAL vs ULID_MONOTONIC │       +1.7% │   0.1745 │ Yes       │ n.s.          │
│ SEQUENTIAL vs UUIDV1         │       -5.9% │   0.1172 │ Yes       │ n.s.          │
└──────────────────────────────┴─────────────┴──────────┴───────────┴───────────────┘

Read Throughput (MB/s)
┌────────────────┬──────────┬──────────┬──────────┬──────────┬──────────┬─────────┐
│ Key Type       │ Median   │ Mean     │ StdDev   │ Min      │ Max      │ CV %    │
├────────────────┼──────────┼──────────┼──────────┼──────────┼──────────┼─────────┤
│ SEQUENTIAL     │     11.9 │     12.0 │      0.1 │     11.8 │     12.1 │     1.0 │
│ UUIDV4         │     10.5 │     15.8 │     11.9 │     10.5 │     37.0 │    75.1 │
│ UUIDV7         │     11.8 │     11.8 │      0.0 │     11.7 │     11.8 │     0.4 │
│ ULID           │     12.7 │     12.7 │      0.3 │     12.2 │     13.0 │     2.2 │
│ ULID_MONOTONIC │     12.8 │     12.7 │      0.3 │     12.3 │     13.1 │     2.3 │
│ UUIDV1         │     13.3 │     15.1 │      4.0 │     12.6 │     22.1 │    26.4 │
└────────────────┴──────────┴──────────┴──────────┴──────────┴──────────┴─────────┘

Statistical Comparisons (vs SEQUENTIAL):
┌──────────────────────────────┬─────────────┬──────────┬───────────┬───────────────┐
│ Comparison                   │ Median Diff │ p-value  │ Overlap?  │ Significant?  │
├──────────────────────────────┼─────────────┼──────────┼───────────┼───────────────┤
│ SEQUENTIAL vs UUIDV4         │      -12.2% │   0.1172 │ Yes       │ n.s.          │
│ SEQUENTIAL vs UUIDV7         │       -1.5% │   0.0090 │ No        │ No overlap    │
│ SEQUENTIAL vs ULID           │       +6.4% │   0.0090 │ No        │ No overlap    │
│ SEQUENTIAL vs ULID_MONOTONIC │       +6.9% │   0.0090 │ No        │ No overlap    │
│ SEQUENTIAL vs UUIDV1         │      +11.7% │   0.0090 │ No        │ No overlap    │
└──────────────────────────────┴─────────────┴──────────┴───────────┴───────────────┘

Write Throughput (MB/s)
┌────────────────┬──────────┬──────────┬──────────┬──────────┬──────────┬─────────┐
│ Key Type       │ Median   │ Mean     │ StdDev   │ Min      │ Max      │ CV %    │
├────────────────┼──────────┼──────────┼──────────┼──────────┼──────────┼─────────┤
│ SEQUENTIAL     │     66.1 │     66.1 │      1.7 │     64.3 │     68.3 │     2.5 │
│ UUIDV4         │     85.1 │     85.2 │      1.4 │     83.5 │     86.7 │     1.6 │
│ UUIDV7         │     63.6 │     64.2 │      1.8 │     62.8 │     67.2 │     2.7 │
│ ULID           │     66.0 │     64.3 │      4.5 │     58.8 │     69.2 │     6.9 │
│ ULID_MONOTONIC │     64.6 │     64.5 │      2.4 │     60.8 │     67.1 │     3.7 │
│ UUIDV1         │     84.5 │     84.5 │      5.4 │     79.0 │     93.2 │     6.4 │
└────────────────┴──────────┴──────────┴──────────┴──────────┴──────────┴─────────┘

Statistical Comparisons (vs SEQUENTIAL):
┌──────────────────────────────┬─────────────┬──────────┬───────────┬───────────────┐
│ Comparison                   │ Median Diff │ p-value  │ Overlap?  │ Significant?  │
├──────────────────────────────┼─────────────┼──────────┼───────────┼───────────────┤
│ SEQUENTIAL vs UUIDV4         │      +28.7% │   0.0090 │ No        │ No overlap    │
│ SEQUENTIAL vs UUIDV7         │       -3.8% │   0.1172 │ Yes       │ n.s.          │
│ SEQUENTIAL vs ULID           │       -0.2% │   0.7540 │ Yes       │ n.s.          │
│ SEQUENTIAL vs ULID_MONOTONIC │       -2.4% │   0.2506 │ Yes       │ n.s.          │
│ SEQUENTIAL vs UUIDV1         │      +27.7% │   0.0090 │ No        │ No overlap    │
└──────────────────────────────┴─────────────┴──────────┴───────────┴───────────────┘

Exporting results to CSV...
  Statistical summary: /home/eike/dev/studium/uuid-benchmark/results/postgres_10m_update-performance_1conn.csv
  Raw runs data: /home/eike/dev/studium/uuid-benchmark/results/postgres_10m_update-performance_1conn_raw.csv

All scenarios completed successfully!
