UUID Benchmark - PostgreSQL
======================================================================
Database:     PostgreSQL
Scenario:     insert-performance
Records:      10000000
Batch Size:   100
Runs:         5 (statistical mode)
Testing:      [sequential uuidv4 uuidv7 ulid ulid_monotonic uuidv1]
======================================================================


Testing SEQUENTIAL (5 runs)
----------------------------------------------------------------------
  Run 1/5... Starting fresh PostgreSQL container...
Waiting for PostgreSQL to initialize...
Container ready
Inserting 10000000 records (connections=1, batch=100)...
Inserted 10000000 records in 56m2.297321407s
Throughput: 2974.59 records/sec
Measuring metrics...

Cleaning up container...
Container stopped and removed
done
  Run 2/5... Starting fresh PostgreSQL container...
Waiting for PostgreSQL to initialize...
Container ready
Inserting 10000000 records (connections=1, batch=100)...
Inserted 10000000 records in 56m7.30652561s
Throughput: 2970.21 records/sec
Measuring metrics...

Cleaning up container...
Container stopped and removed
done
  Run 3/5... Starting fresh PostgreSQL container...
Waiting for PostgreSQL to initialize...
Container ready
Inserting 10000000 records (connections=1, batch=100)...
Inserted 10000000 records in 55m44.531791277s
Throughput: 2990.40 records/sec
Measuring metrics...

Cleaning up container...
Container stopped and removed
done
  Run 4/5... Starting fresh PostgreSQL container...
Waiting for PostgreSQL to initialize...
Container ready
Inserting 10000000 records (connections=1, batch=100)...
