UUID Benchmark - PostgreSQL
======================================================================
Database:     PostgreSQL
Scenario:     update-performance
Records:      100000
Batch Size:   100
Runs:         5 (statistical mode)
Testing:      [sequential uuidv4 uuidv7 ulid ulid_monotonic uuidv1]
======================================================================


Testing SEQUENTIAL (5 runs)
----------------------------------------------------------------------
  Run 1/5... Starting fresh PostgreSQL container...
Waiting for PostgreSQL to initialize...
Container ready
Inserting 100000 records...
Inserted 100000 records
Creating lookup table for random key selection...
Running 100000 updates (batch size=100)...
Completed 100000 updates in 15m45.718952504s
Update throughput: 105.79 ops/sec
Measuring fragmentation...

Cleaning up container...
Container stopped and removed
done
  Run 2/5... Starting fresh PostgreSQL container...
Waiting for PostgreSQL to initialize...
Container ready
Inserting 100000 records...
Inserted 100000 records
Creating lookup table for random key selection...
Running 100000 updates (batch size=100)...
Completed 100000 updates in 16m4.318573104s
Update throughput: 103.75 ops/sec
Measuring fragmentation...

Cleaning up container...
Container stopped and removed
done
  Run 3/5... Starting fresh PostgreSQL container...
Waiting for PostgreSQL to initialize...
Container ready
Inserting 100000 records...
Inserted 100000 records
Creating lookup table for random key selection...
Running 100000 updates (batch size=100)...
Completed 100000 updates in 15m44.560945531s
Update throughput: 105.92 ops/sec
Measuring fragmentation...

Cleaning up container...
Container stopped and removed
done
  Run 4/5... Starting fresh PostgreSQL container...
Waiting for PostgreSQL to initialize...
Container ready
Inserting 100000 records...
Inserted 100000 records
Creating lookup table for random key selection...
Running 100000 updates (batch size=100)...
Completed 100000 updates in 15m46.88457837s
Update throughput: 105.67 ops/sec
Measuring fragmentation...

Cleaning up container...
Container stopped and removed
done
  Run 5/5... Starting fresh PostgreSQL container...
Waiting for PostgreSQL to initialize...
Container ready
Inserting 100000 records...
Inserted 100000 records
Creating lookup table for random key selection...
Running 100000 updates (batch size=100)...
Completed 100000 updates in 16m5.54188083s
Update throughput: 103.62 ops/sec
Measuring fragmentation...

Cleaning up container...
Container stopped and removed
done

Testing UUIDV4 (5 runs)
----------------------------------------------------------------------
  Run 1/5... Starting fresh PostgreSQL container...
Waiting for PostgreSQL to initialize...
Container ready
Inserting 100000 records...
Inserted 100000 records
Creating lookup table for random key selection...
Running 100000 updates (batch size=100)...
Completed 100000 updates in 16m11.925792308s
Update throughput: 102.94 ops/sec
Measuring fragmentation...

Cleaning up container...
Container stopped and removed
done
  Run 2/5... Starting fresh PostgreSQL container...
Waiting for PostgreSQL to initialize...
Container ready
Inserting 100000 records...
Inserted 100000 records
Creating lookup table for random key selection...
Running 100000 updates (batch size=100)...
Completed 100000 updates in 16m9.987271044s
Update throughput: 103.15 ops/sec
Measuring fragmentation...

Cleaning up container...
Container stopped and removed
done
  Run 3/5... Starting fresh PostgreSQL container...
Waiting for PostgreSQL to initialize...
Container ready
Inserting 100000 records...
Inserted 100000 records
Creating lookup table for random key selection...
Running 100000 updates (batch size=100)...
Completed 100000 updates in 16m7.862044416s
Update throughput: 103.37 ops/sec
Measuring fragmentation...

Cleaning up container...
Container stopped and removed
done
  Run 4/5... Starting fresh PostgreSQL container...
Waiting for PostgreSQL to initialize...
Container ready
Inserting 100000 records...
Inserted 100000 records
Creating lookup table for random key selection...
Running 100000 updates (batch size=100)...
Completed 100000 updates in 15m52.750549028s
Update throughput: 105.01 ops/sec
Measuring fragmentation...

Cleaning up container...
Container stopped and removed
done
  Run 5/5... Starting fresh PostgreSQL container...
Waiting for PostgreSQL to initialize...
Container ready
Inserting 100000 records...
Inserted 100000 records
Creating lookup table for random key selection...
Running 100000 updates (batch size=100)...
Completed 100000 updates in 15m53.422528692s
Update throughput: 104.94 ops/sec
Measuring fragmentation...

Cleaning up container...
Container stopped and removed
done

Testing UUIDV7 (5 runs)
----------------------------------------------------------------------
  Run 1/5... Starting fresh PostgreSQL container...
Waiting for PostgreSQL to initialize...
Container ready
Inserting 100000 records...
Inserted 100000 records
Creating lookup table for random key selection...
Running 100000 updates (batch size=100)...
Completed 100000 updates in 15m57.246853384s
Update throughput: 104.52 ops/sec
Measuring fragmentation...

Cleaning up container...
Container stopped and removed
done
  Run 2/5... Starting fresh PostgreSQL container...
Waiting for PostgreSQL to initialize...
Container ready
Inserting 100000 records...
Inserted 100000 records
Creating lookup table for random key selection...
Running 100000 updates (batch size=100)...
Completed 100000 updates in 15m55.228230375s
Update throughput: 104.74 ops/sec
Measuring fragmentation...

Cleaning up container...
Container stopped and removed
done
  Run 3/5... Starting fresh PostgreSQL container...
Waiting for PostgreSQL to initialize...
Container ready
Inserting 100000 records...
Inserted 100000 records
Creating lookup table for random key selection...
Running 100000 updates (batch size=100)...
Completed 100000 updates in 15m50.868908632s
Update throughput: 105.22 ops/sec
Measuring fragmentation...

Cleaning up container...
Container stopped and removed
done
  Run 4/5... Starting fresh PostgreSQL container...
Waiting for PostgreSQL to initialize...
Container ready
Inserting 100000 records...
Inserted 100000 records
Creating lookup table for random key selection...
Running 100000 updates (batch size=100)...
Completed 100000 updates in 15m51.438818837s
Update throughput: 105.15 ops/sec
Measuring fragmentation...

Cleaning up container...
Container stopped and removed
done
  Run 5/5... Starting fresh PostgreSQL container...
Waiting for PostgreSQL to initialize...
Container ready
Inserting 100000 records...
Inserted 100000 records
Creating lookup table for random key selection...
Running 100000 updates (batch size=100)...
Completed 100000 updates in 15m57.488993668s
Update throughput: 104.50 ops/sec
Measuring fragmentation...

Cleaning up container...
Container stopped and removed
done

Testing ULID (5 runs)
----------------------------------------------------------------------
  Run 1/5... Starting fresh PostgreSQL container...
Waiting for PostgreSQL to initialize...
Container ready
Inserting 100000 records...
Inserted 100000 records
Creating lookup table for random key selection...
Running 100000 updates (batch size=100)...
Completed 100000 updates in 16m22.173461488s
Update throughput: 101.87 ops/sec
Measuring fragmentation...

Cleaning up container...
Container stopped and removed
done
  Run 2/5... Starting fresh PostgreSQL container...
Waiting for PostgreSQL to initialize...
Container ready
Inserting 100000 records...
Inserted 100000 records
Creating lookup table for random key selection...
Running 100000 updates (batch size=100)...
Completed 100000 updates in 16m11.094966928s
Update throughput: 103.03 ops/sec
Measuring fragmentation...

Cleaning up container...
Container stopped and removed
done
  Run 3/5... Starting fresh PostgreSQL container...
Waiting for PostgreSQL to initialize...
Container ready
Inserting 100000 records...
Inserted 100000 records
Creating lookup table for random key selection...
Running 100000 updates (batch size=100)...
Completed 100000 updates in 16m24.339822468s
Update throughput: 101.64 ops/sec
Measuring fragmentation...

Cleaning up container...
Container stopped and removed
done
  Run 4/5... Starting fresh PostgreSQL container...
Waiting for PostgreSQL to initialize...
Container ready
Inserting 100000 records...
Inserted 100000 records
Creating lookup table for random key selection...
Running 100000 updates (batch size=100)...
Completed 100000 updates in 16m18.090647753s
Update throughput: 102.29 ops/sec
Measuring fragmentation...

Cleaning up container...
Container stopped and removed
done
  Run 5/5... Starting fresh PostgreSQL container...
Waiting for PostgreSQL to initialize...
Container ready
Inserting 100000 records...
Inserted 100000 records
Creating lookup table for random key selection...
Running 100000 updates (batch size=100)...
Completed 100000 updates in 16m8.007316221s
Update throughput: 103.36 ops/sec
Measuring fragmentation...

Cleaning up container...
Container stopped and removed
done

Testing ULID_MONOTONIC (5 runs)
----------------------------------------------------------------------
  Run 1/5... Starting fresh PostgreSQL container...
Waiting for PostgreSQL to initialize...
Container ready
Inserting 100000 records...
Inserted 100000 records
Creating lookup table for random key selection...
Running 100000 updates (batch size=100)...
Completed 100000 updates in 16m26.612999231s
Update throughput: 101.41 ops/sec
Measuring fragmentation...

Cleaning up container...
Container stopped and removed
done
  Run 2/5... Starting fresh PostgreSQL container...
Waiting for PostgreSQL to initialize...
Container ready
Inserting 100000 records...
Inserted 100000 records
Creating lookup table for random key selection...
Running 100000 updates (batch size=100)...
Completed 100000 updates in 16m25.208099501s
Update throughput: 101.55 ops/sec
Measuring fragmentation...

Cleaning up container...
Container stopped and removed
done
  Run 3/5... Starting fresh PostgreSQL container...
Waiting for PostgreSQL to initialize...
Container ready
Inserting 100000 records...
Inserted 100000 records
Creating lookup table for random key selection...
Running 100000 updates (batch size=100)...
Completed 100000 updates in 16m20.206261168s
Update throughput: 102.07 ops/sec
Measuring fragmentation...

Cleaning up container...
Container stopped and removed
done
  Run 4/5... Starting fresh PostgreSQL container...
Waiting for PostgreSQL to initialize...
Container ready
Inserting 100000 records...
Inserted 100000 records
Creating lookup table for random key selection...
Running 100000 updates (batch size=100)...
Completed 100000 updates in 16m7.873854401s
Update throughput: 103.37 ops/sec
Measuring fragmentation...

Cleaning up container...
Container stopped and removed
done
  Run 5/5... Starting fresh PostgreSQL container...
Waiting for PostgreSQL to initialize...
Container ready
Inserting 100000 records...
Inserted 100000 records
Creating lookup table for random key selection...
Running 100000 updates (batch size=100)...
Completed 100000 updates in 16m1.588356325s
Update throughput: 104.05 ops/sec
Measuring fragmentation...

Cleaning up container...
Container stopped and removed
done

Testing UUIDV1 (5 runs)
----------------------------------------------------------------------
  Run 1/5... Starting fresh PostgreSQL container...
Waiting for PostgreSQL to initialize...
Container ready
Inserting 100000 records...
Inserted 100000 records
Creating lookup table for random key selection...
Running 100000 updates (batch size=100)...
Completed 100000 updates in 16m21.583896877s
Update throughput: 101.93 ops/sec
Measuring fragmentation...

Cleaning up container...
Container stopped and removed
done
  Run 2/5... Starting fresh PostgreSQL container...
Waiting for PostgreSQL to initialize...
Container ready
Inserting 100000 records...
Inserted 100000 records
Creating lookup table for random key selection...
Running 100000 updates (batch size=100)...
Completed 100000 updates in 15m59.915336264s
Update throughput: 104.23 ops/sec
Measuring fragmentation...

Cleaning up container...
Container stopped and removed
done
  Run 3/5... Starting fresh PostgreSQL container...
Waiting for PostgreSQL to initialize...
Container ready
Inserting 100000 records...
Inserted 100000 records
Creating lookup table for random key selection...
Running 100000 updates (batch size=100)...
Completed 100000 updates in 16m10.970353323s
Update throughput: 103.04 ops/sec
Measuring fragmentation...

Cleaning up container...
Container stopped and removed
done
  Run 4/5... Starting fresh PostgreSQL container...
Waiting for PostgreSQL to initialize...
Container ready
Inserting 100000 records...
Inserted 100000 records
Creating lookup table for random key selection...
Running 100000 updates (batch size=100)...
Completed 100000 updates in 16m1.165911403s
Update throughput: 104.09 ops/sec
Measuring fragmentation...

Cleaning up container...
Container stopped and removed
done
  Run 5/5... Starting fresh PostgreSQL container...
Waiting for PostgreSQL to initialize...
Container ready
Inserting 100000 records...
Inserted 100000 records
Creating lookup table for random key selection...
Running 100000 updates (batch size=100)...
Completed 100000 updates in 15m52.301641035s
Update throughput: 105.06 ops/sec
Measuring fragmentation...

Cleaning up container...
Container stopped and removed
done

====================================================================================================
Update Performance - Statistical Summary (5 runs per UUID type)
====================================================================================================

Update Throughput (ops/sec)
┌────────────────┬──────────┬──────────┬──────────┬──────────┬──────────┬─────────┐
│ Key Type       │ Median   │ Mean     │ StdDev   │ Min      │ Max      │ CV %    │
├────────────────┼──────────┼──────────┼──────────┼──────────┼──────────┼─────────┤
│ SEQUENTIAL     │      106 │      105 │        1 │      104 │      106 │     1.1 │
│ UUIDV4         │      103 │      104 │        1 │      103 │      105 │     1.0 │
│ UUIDV7         │      105 │      105 │        0 │      104 │      105 │     0.3 │
│ ULID           │      102 │      102 │        1 │      102 │      103 │     0.7 │
│ ULID_MONOTONIC │      102 │      102 │        1 │      101 │      104 │     1.1 │
│ UUIDV1         │      104 │      104 │        1 │      102 │      105 │     1.2 │
└────────────────┴──────────┴──────────┴──────────┴──────────┴──────────┴─────────┘

Statistical Comparisons (vs SEQUENTIAL):
┌──────────────────────────────┬─────────────┬──────────┬───────────┬───────────────┐
│ Comparison                   │ Median Diff │ p-value  │ Overlap?  │ Significant?  │
├──────────────────────────────┼─────────────┼──────────┼───────────┼───────────────┤
│ SEQUENTIAL vs UUIDV4         │       -2.2% │   0.0758 │ Yes       │ n.s.          │
│ SEQUENTIAL vs UUIDV7         │       -0.9% │   0.6015 │ Yes       │ n.s.          │
│ SEQUENTIAL vs ULID           │       -3.2% │   0.0090 │ No        │ No overlap    │
│ SEQUENTIAL vs ULID_MONOTONIC │       -3.4% │   0.0283 │ Yes       │ * (p<0.05)    │
│ SEQUENTIAL vs UUIDV1         │       -1.5% │   0.1745 │ Yes       │ n.s.          │
└──────────────────────────────┴─────────────┴──────────┴───────────┴───────────────┘

Leaf Fragmentation (%)
┌────────────────┬──────────┬──────────┬──────────┬──────────┬──────────┬─────────┐
│ Key Type       │ Median   │ Mean     │ StdDev   │ Min      │ Max      │ CV %    │
├────────────────┼──────────┼──────────┼──────────┼──────────┼──────────┼─────────┤
│ SEQUENTIAL     │     0.36 │     0.29 │     0.30 │     0.00 │     0.72 │   104.6 │
│ UUIDV4         │    49.73 │    49.70 │     0.13 │    49.47 │    49.82 │     0.3 │
│ UUIDV7         │     0.00 │     0.00 │     0.00 │     0.00 │     0.00 │     0.0 │
│ ULID           │    27.39 │    27.62 │     0.84 │    26.85 │    28.65 │     3.0 │
│ ULID_MONOTONIC │    27.18 │    26.87 │     0.68 │    25.86 │    27.61 │     2.5 │
│ UUIDV1         │     0.00 │     0.07 │     0.15 │     0.00 │     0.33 │   223.6 │
└────────────────┴──────────┴──────────┴──────────┴──────────┴──────────┴─────────┘

Statistical Comparisons (vs SEQUENTIAL):
┌──────────────────────────────┬─────────────┬──────────┬───────────┬───────────────┐
│ Comparison                   │ Median Diff │ p-value  │ Overlap?  │ Significant?  │
├──────────────────────────────┼─────────────┼──────────┼───────────┼───────────────┤
│ SEQUENTIAL vs UUIDV4         │   +13713.9% │   0.0090 │ No        │ No overlap    │
│ SEQUENTIAL vs UUIDV7         │     -100.0% │   0.1172 │ Yes       │ n.s.          │
│ SEQUENTIAL vs ULID           │    +7508.3% │   0.0090 │ No        │ No overlap    │
│ SEQUENTIAL vs ULID_MONOTONIC │    +7450.0% │   0.0090 │ No        │ No overlap    │
│ SEQUENTIAL vs UUIDV1         │     -100.0% │   0.1745 │ Yes       │ n.s.          │
└──────────────────────────────┴─────────────┴──────────┴───────────┴───────────────┘

Latency P50 (µs)
┌────────────────┬──────────┬──────────┬──────────┬──────────┬──────────┬─────────┐
│ Key Type       │ Median   │ Mean     │ StdDev   │ Min      │ Max      │ CV %    │
├────────────────┼──────────┼──────────┼──────────┼──────────┼──────────┼─────────┤
│ SEQUENTIAL     │      898 │      895 │       16 │      877 │      915 │     1.8 │
│ UUIDV4         │      900 │      898 │        9 │      885 │      906 │     1.0 │
│ UUIDV7         │      904 │      900 │       13 │      883 │      914 │     1.4 │
│ ULID           │      927 │      923 │        8 │      910 │      928 │     0.8 │
│ ULID_MONOTONIC │      913 │      922 │       17 │      911 │      950 │     1.8 │
│ UUIDV1         │      897 │      899 │        7 │      889 │      906 │     0.8 │
└────────────────┴──────────┴──────────┴──────────┴──────────┴──────────┴─────────┘

Statistical Comparisons (vs SEQUENTIAL):
┌──────────────────────────────┬─────────────┬──────────┬───────────┬───────────────┐
│ Comparison                   │ Median Diff │ p-value  │ Overlap?  │ Significant?  │
├──────────────────────────────┼─────────────┼──────────┼───────────┼───────────────┤
│ SEQUENTIAL vs UUIDV4         │       +0.2% │   0.6015 │ Yes       │ n.s.          │
│ SEQUENTIAL vs UUIDV7         │       +0.7% │   0.5309 │ Yes       │ n.s.          │
│ SEQUENTIAL vs ULID           │       +3.2% │   0.0163 │ Yes       │ * (p<0.05)    │
│ SEQUENTIAL vs ULID_MONOTONIC │       +1.7% │   0.0472 │ Yes       │ * (p<0.05)    │
│ SEQUENTIAL vs UUIDV1         │       -0.1% │   0.7540 │ Yes       │ n.s.          │
└──────────────────────────────┴─────────────┴──────────┴───────────┴───────────────┘

Latency P95 (µs)
┌────────────────┬──────────┬──────────┬──────────┬──────────┬──────────┬─────────┐
│ Key Type       │ Median   │ Mean     │ StdDev   │ Min      │ Max      │ CV %    │
├────────────────┼──────────┼──────────┼──────────┼──────────┼──────────┼─────────┤
│ SEQUENTIAL     │   102115 │   101992 │      337 │   101629 │   102371 │     0.3 │
│ UUIDV4         │   101765 │   101446 │      711 │   100200 │   101927 │     0.7 │
│ UUIDV7         │   101459 │   101288 │      538 │   100505 │   101754 │     0.5 │
│ ULID           │   101621 │   101327 │      796 │    99909 │   101776 │     0.8 │
│ ULID_MONOTONIC │   101654 │   101307 │      981 │    99563 │   101852 │     1.0 │
│ UUIDV1         │   101960 │   101991 │       95 │   101912 │   102154 │     0.1 │
└────────────────┴──────────┴──────────┴──────────┴──────────┴──────────┴─────────┘

Statistical Comparisons (vs SEQUENTIAL):
┌──────────────────────────────┬─────────────┬──────────┬───────────┬───────────────┐
│ Comparison                   │ Median Diff │ p-value  │ Overlap?  │ Significant?  │
├──────────────────────────────┼─────────────┼──────────┼───────────┼───────────────┤
│ SEQUENTIAL vs UUIDV4         │       -0.3% │   0.1745 │ Yes       │ n.s.          │
│ SEQUENTIAL vs UUIDV7         │       -0.6% │   0.0758 │ Yes       │ n.s.          │
│ SEQUENTIAL vs ULID           │       -0.5% │   0.0758 │ Yes       │ n.s.          │
│ SEQUENTIAL vs ULID_MONOTONIC │       -0.5% │   0.1745 │ Yes       │ n.s.          │
│ SEQUENTIAL vs UUIDV1         │       -0.2% │   0.7540 │ Yes       │ n.s.          │
└──────────────────────────────┴─────────────┴──────────┴───────────┴───────────────┘

Latency P99 (µs)
┌────────────────┬──────────┬──────────┬──────────┬──────────┬──────────┬─────────┐
│ Key Type       │ Median   │ Mean     │ StdDev   │ Min      │ Max      │ CV %    │
├────────────────┼──────────┼──────────┼──────────┼──────────┼──────────┼─────────┤
│ SEQUENTIAL     │   110459 │   110064 │     1367 │   108003 │   111262 │     1.2 │
│ UUIDV4         │   110126 │   109987 │      385 │   109329 │   110299 │     0.4 │
│ UUIDV7         │   109715 │   109617 │      291 │   109135 │   109873 │     0.3 │
│ ULID           │   110566 │   110629 │      155 │   110464 │   110809 │     0.1 │
│ ULID_MONOTONIC │   110239 │   110171 │      578 │   109496 │   111018 │     0.5 │
│ UUIDV1         │   110961 │   110933 │      472 │   110357 │   111645 │     0.4 │
└────────────────┴──────────┴──────────┴──────────┴──────────┴──────────┴─────────┘

Statistical Comparisons (vs SEQUENTIAL):
┌──────────────────────────────┬─────────────┬──────────┬───────────┬───────────────┐
│ Comparison                   │ Median Diff │ p-value  │ Overlap?  │ Significant?  │
├──────────────────────────────┼─────────────┼──────────┼───────────┼───────────────┤
│ SEQUENTIAL vs UUIDV4         │       -0.3% │   0.4647 │ Yes       │ n.s.          │
│ SEQUENTIAL vs UUIDV7         │       -0.7% │   0.4647 │ Yes       │ n.s.          │
│ SEQUENTIAL vs ULID           │       +0.1% │   0.6015 │ Yes       │ n.s.          │
│ SEQUENTIAL vs ULID_MONOTONIC │       -0.2% │   0.7540 │ Yes       │ n.s.          │
│ SEQUENTIAL vs UUIDV1         │       +0.5% │   0.4647 │ Yes       │ n.s.          │
└──────────────────────────────┴─────────────┴──────────┴───────────┴───────────────┘

Read IOPS
┌────────────────┬──────────┬──────────┬──────────┬──────────┬──────────┬─────────┐
│ Key Type       │ Median   │ Mean     │ StdDev   │ Min      │ Max      │ CV %    │
├────────────────┼──────────┼──────────┼──────────┼──────────┼──────────┼─────────┤
│ SEQUENTIAL     │        0 │        0 │        0 │        0 │        0 │     0.0 │
│ UUIDV4         │        0 │        0 │        0 │        0 │        0 │     0.0 │
│ UUIDV7         │        0 │        0 │        0 │        0 │        0 │     0.0 │
│ ULID           │        0 │        0 │        0 │        0 │        0 │     0.0 │
│ ULID_MONOTONIC │        0 │        0 │        0 │        0 │        0 │     0.0 │
│ UUIDV1         │        0 │        0 │        0 │        0 │        0 │     0.0 │
└────────────────┴──────────┴──────────┴──────────┴──────────┴──────────┴─────────┘

Statistical Comparisons (vs SEQUENTIAL):
┌──────────────────────────────┬─────────────┬──────────┬───────────┬───────────────┐
│ Comparison                   │ Median Diff │ p-value  │ Overlap?  │ Significant?  │
├──────────────────────────────┼─────────────┼──────────┼───────────┼───────────────┤
│ SEQUENTIAL vs UUIDV4         │       +0.0% │   1.0000 │ Yes       │ n.s.          │
│ SEQUENTIAL vs UUIDV7         │       +0.0% │   1.0000 │ Yes       │ n.s.          │
│ SEQUENTIAL vs ULID           │       +0.0% │   1.0000 │ Yes       │ n.s.          │
│ SEQUENTIAL vs ULID_MONOTONIC │       +0.0% │   1.0000 │ Yes       │ n.s.          │
│ SEQUENTIAL vs UUIDV1         │       +0.0% │   1.0000 │ Yes       │ n.s.          │
└──────────────────────────────┴─────────────┴──────────┴───────────┴───────────────┘

Write IOPS
┌────────────────┬──────────┬──────────┬──────────┬──────────┬──────────┬─────────┐
│ Key Type       │ Median   │ Mean     │ StdDev   │ Min      │ Max      │ CV %    │
├────────────────┼──────────┼──────────┼──────────┼──────────┼──────────┼─────────┤
│ SEQUENTIAL     │      151 │      172 │       46 │      149 │      254 │    26.8 │
│ UUIDV4         │      155 │      169 │       33 │      153 │      229 │    19.5 │
│ UUIDV7         │      156 │      155 │        1 │      154 │      156 │     0.4 │
│ ULID           │      156 │      156 │        0 │      156 │      156 │     0.2 │
│ ULID_MONOTONIC │      156 │      156 │        1 │      155 │      157 │     0.5 │
│ UUIDV1         │      154 │      154 │        1 │      154 │      155 │     0.4 │
└────────────────┴──────────┴──────────┴──────────┴──────────┴──────────┴─────────┘

Statistical Comparisons (vs SEQUENTIAL):
┌──────────────────────────────┬─────────────┬──────────┬───────────┬───────────────┐
│ Comparison                   │ Median Diff │ p-value  │ Overlap?  │ Significant?  │
├──────────────────────────────┼─────────────┼──────────┼───────────┼───────────────┤
│ SEQUENTIAL vs UUIDV4         │       +2.6% │   0.1172 │ Yes       │ n.s.          │
│ SEQUENTIAL vs UUIDV7         │       +2.7% │   0.1172 │ Yes       │ n.s.          │
│ SEQUENTIAL vs ULID           │       +2.8% │   0.1172 │ Yes       │ n.s.          │
│ SEQUENTIAL vs ULID_MONOTONIC │       +2.9% │   0.1172 │ Yes       │ n.s.          │
│ SEQUENTIAL vs UUIDV1         │       +1.6% │   0.1172 │ Yes       │ n.s.          │
└──────────────────────────────┴─────────────┴──────────┴───────────┴───────────────┘

Read Throughput (MB/s)
┌────────────────┬──────────┬──────────┬──────────┬──────────┬──────────┬─────────┐
│ Key Type       │ Median   │ Mean     │ StdDev   │ Min      │ Max      │ CV %    │
├────────────────┼──────────┼──────────┼──────────┼──────────┼──────────┼─────────┤
│ SEQUENTIAL     │      0.0 │      0.0 │      0.0 │      0.0 │      0.0 │     0.0 │
│ UUIDV4         │      0.0 │      0.0 │      0.0 │      0.0 │      0.0 │     0.0 │
│ UUIDV7         │      0.0 │      0.0 │      0.0 │      0.0 │      0.0 │     0.0 │
│ ULID           │      0.0 │      0.0 │      0.0 │      0.0 │      0.0 │     0.0 │
│ ULID_MONOTONIC │      0.0 │      0.0 │      0.0 │      0.0 │      0.0 │     0.0 │
│ UUIDV1         │      0.0 │      0.0 │      0.0 │      0.0 │      0.0 │     0.0 │
└────────────────┴──────────┴──────────┴──────────┴──────────┴──────────┴─────────┘

Statistical Comparisons (vs SEQUENTIAL):
┌──────────────────────────────┬─────────────┬──────────┬───────────┬───────────────┐
│ Comparison                   │ Median Diff │ p-value  │ Overlap?  │ Significant?  │
├──────────────────────────────┼─────────────┼──────────┼───────────┼───────────────┤
│ SEQUENTIAL vs UUIDV4         │       +0.0% │   1.0000 │ Yes       │ n.s.          │
│ SEQUENTIAL vs UUIDV7         │       +0.0% │   1.0000 │ Yes       │ n.s.          │
│ SEQUENTIAL vs ULID           │       +0.0% │   1.0000 │ Yes       │ n.s.          │
│ SEQUENTIAL vs ULID_MONOTONIC │       +0.0% │   1.0000 │ Yes       │ n.s.          │
│ SEQUENTIAL vs UUIDV1         │       +0.0% │   1.0000 │ Yes       │ n.s.          │
└──────────────────────────────┴─────────────┴──────────┴───────────┴───────────────┘

Write Throughput (MB/s)
┌────────────────┬──────────┬──────────┬──────────┬──────────┬──────────┬─────────┐
│ Key Type       │ Median   │ Mean     │ StdDev   │ Min      │ Max      │ CV %    │
├────────────────┼──────────┼──────────┼──────────┼──────────┼──────────┼─────────┤
│ SEQUENTIAL     │      0.6 │      0.8 │      0.4 │      0.5 │      1.6 │    56.4 │
│ UUIDV4         │      0.6 │      0.7 │      0.3 │      0.6 │      1.3 │    43.0 │
│ UUIDV7         │      0.6 │      0.6 │      0.0 │      0.6 │      0.6 │     4.6 │
│ ULID           │      0.6 │      0.6 │      0.0 │      0.6 │      0.7 │     7.9 │
│ ULID_MONOTONIC │      0.6 │      0.6 │      0.0 │      0.6 │      0.6 │     4.1 │
│ UUIDV1         │      0.6 │      0.6 │      0.0 │      0.6 │      0.7 │     4.7 │
└────────────────┴──────────┴──────────┴──────────┴──────────┴──────────┴─────────┘

Statistical Comparisons (vs SEQUENTIAL):
┌──────────────────────────────┬─────────────┬──────────┬───────────┬───────────────┐
│ Comparison                   │ Median Diff │ p-value  │ Overlap?  │ Significant?  │
├──────────────────────────────┼─────────────┼──────────┼───────────┼───────────────┤
│ SEQUENTIAL vs UUIDV4         │       +2.0% │   0.4647 │ Yes       │ n.s.          │
│ SEQUENTIAL vs UUIDV7         │       +7.3% │   0.7540 │ Yes       │ n.s.          │
│ SEQUENTIAL vs ULID           │       +7.0% │   0.4647 │ Yes       │ n.s.          │
│ SEQUENTIAL vs ULID_MONOTONIC │       +0.0% │   0.9168 │ Yes       │ n.s.          │
│ SEQUENTIAL vs UUIDV1         │       +5.6% │   0.4647 │ Yes       │ n.s.          │
└──────────────────────────────┴─────────────┴──────────┴───────────┴───────────────┘

Exporting results to CSV...
  Statistical summary: /home/aaeirack/uuid-benchmark/results/postgres_100k_update-performance_1conn.csv
  Raw runs data: /home/aaeirack/uuid-benchmark/results/postgres_100k_update-performance_1conn_raw.csv

All scenarios completed successfully!
