UUID Benchmark - PostgreSQL
======================================================================
Database:     PostgreSQL
Scenario:     read-performance
Records:      100000
Batch Size:   100
Runs:         5 (statistical mode)
Testing:      [sequential uuidv4 uuidv7 ulid ulid_monotonic uuidv1]
======================================================================


Testing SEQUENTIAL (5 runs)
----------------------------------------------------------------------
  Run 1/5... Starting fresh PostgreSQL container...
Waiting for PostgreSQL to initialize...
Container ready
Inserting 100000 records to create index...
Inserted 100000 records in 26.572s
Creating lookup table for random key selection...
Measuring fragmentation...
Index fragmentation: 0.00%
Resetting PostgreSQL statistics...
Running 100000 point lookups...
Completed 100000 reads in 9.361110011s
Read throughput: 11232.88 ops/sec
Measuring buffer pool hit ratios...

Cleaning up container...
Container stopped and removed
done
  Run 2/5... Starting fresh PostgreSQL container...
Waiting for PostgreSQL to initialize...
Container ready
Inserting 100000 records to create index...
Inserted 100000 records in 26.886s
Creating lookup table for random key selection...
Measuring fragmentation...
Index fragmentation: 0.00%
Resetting PostgreSQL statistics...
Running 100000 point lookups...
Completed 100000 reads in 8.980367184s
Read throughput: 11719.05 ops/sec
Measuring buffer pool hit ratios...

Cleaning up container...
Container stopped and removed
done
  Run 3/5... Starting fresh PostgreSQL container...
Waiting for PostgreSQL to initialize...
Container ready
Inserting 100000 records to create index...
Inserted 100000 records in 27.242s
Creating lookup table for random key selection...
Measuring fragmentation...
Index fragmentation: 0.00%
Resetting PostgreSQL statistics...
Running 100000 point lookups...
Completed 100000 reads in 8.893601422s
Read throughput: 11876.25 ops/sec
Measuring buffer pool hit ratios...

Cleaning up container...
Container stopped and removed
done
  Run 4/5... Starting fresh PostgreSQL container...
Waiting for PostgreSQL to initialize...
Container ready
Inserting 100000 records to create index...
Inserted 100000 records in 26.764s
Creating lookup table for random key selection...
Measuring fragmentation...
Index fragmentation: 0.00%
Resetting PostgreSQL statistics...
Running 100000 point lookups...
Completed 100000 reads in 9.499043799s
Read throughput: 11108.25 ops/sec
Measuring buffer pool hit ratios...

Cleaning up container...
Container stopped and removed
done
  Run 5/5... Starting fresh PostgreSQL container...
Waiting for PostgreSQL to initialize...
Container ready
Inserting 100000 records to create index...
Inserted 100000 records in 26.751s
Creating lookup table for random key selection...
Measuring fragmentation...
Index fragmentation: 0.00%
Resetting PostgreSQL statistics...
Running 100000 point lookups...
Completed 100000 reads in 7.428730344s
Read throughput: 14344.03 ops/sec
Measuring buffer pool hit ratios...

Cleaning up container...
Container stopped and removed
done

Testing UUIDV4 (5 runs)
----------------------------------------------------------------------
  Run 1/5... Starting fresh PostgreSQL container...
Waiting for PostgreSQL to initialize...
Container ready
Inserting 100000 records to create index...
Inserted 100000 records in 26.977s
Creating lookup table for random key selection...
Measuring fragmentation...
Index fragmentation: 49.63%
Resetting PostgreSQL statistics...
Running 100000 point lookups...
Completed 100000 reads in 10.181452189s
Read throughput: 10268.75 ops/sec
Measuring buffer pool hit ratios...

Cleaning up container...
Container stopped and removed
done
  Run 2/5... Starting fresh PostgreSQL container...
Waiting for PostgreSQL to initialize...
Container ready
Inserting 100000 records to create index...
Inserted 100000 records in 27.113s
Creating lookup table for random key selection...
Measuring fragmentation...
Index fragmentation: 49.34%
Resetting PostgreSQL statistics...
Running 100000 point lookups...
Completed 100000 reads in 8.102240673s
Read throughput: 13048.23 ops/sec
Measuring buffer pool hit ratios...

Cleaning up container...
Container stopped and removed
done
  Run 3/5... Starting fresh PostgreSQL container...
Waiting for PostgreSQL to initialize...
Container ready
Inserting 100000 records to create index...
Inserted 100000 records in 26.793s
Creating lookup table for random key selection...
Measuring fragmentation...
Index fragmentation: 50.19%
Resetting PostgreSQL statistics...
Running 100000 point lookups...
Completed 100000 reads in 7.942887422s
Read throughput: 13314.55 ops/sec
Measuring buffer pool hit ratios...

Cleaning up container...
Container stopped and removed
done
  Run 4/5... Starting fresh PostgreSQL container...
Waiting for PostgreSQL to initialize...
Container ready
Inserting 100000 records to create index...
Inserted 100000 records in 27.337s
Creating lookup table for random key selection...
Measuring fragmentation...
Index fragmentation: 49.63%
Resetting PostgreSQL statistics...
Running 100000 point lookups...
Completed 100000 reads in 7.647697919s
Read throughput: 13867.15 ops/sec
Measuring buffer pool hit ratios...

Cleaning up container...
Container stopped and removed
done
  Run 5/5... Starting fresh PostgreSQL container...
Waiting for PostgreSQL to initialize...
Container ready
Inserting 100000 records to create index...
Inserted 100000 records in 27.12s
Creating lookup table for random key selection...
Measuring fragmentation...
Index fragmentation: 49.46%
Resetting PostgreSQL statistics...
Running 100000 point lookups...
Completed 100000 reads in 9.350289095s
Read throughput: 11289.55 ops/sec
Measuring buffer pool hit ratios...

Cleaning up container...
Container stopped and removed
done

Testing UUIDV7 (5 runs)
----------------------------------------------------------------------
  Run 1/5... Starting fresh PostgreSQL container...
Waiting for PostgreSQL to initialize...
Container ready
Inserting 100000 records to create index...
Inserted 100000 records in 26.945s
Creating lookup table for random key selection...
Measuring fragmentation...
Index fragmentation: 0.00%
Resetting PostgreSQL statistics...
Running 100000 point lookups...
Completed 100000 reads in 8.990128458s
Read throughput: 11735.70 ops/sec
Measuring buffer pool hit ratios...

Cleaning up container...
Container stopped and removed
done
  Run 2/5... Starting fresh PostgreSQL container...
Waiting for PostgreSQL to initialize...
Container ready
Inserting 100000 records to create index...
Inserted 100000 records in 26.921s
Creating lookup table for random key selection...
Measuring fragmentation...
Index fragmentation: 0.00%
Resetting PostgreSQL statistics...
Running 100000 point lookups...
Completed 100000 reads in 6.6451504s
Read throughput: 16075.93 ops/sec
Measuring buffer pool hit ratios...

Cleaning up container...
Container stopped and removed
done
  Run 3/5... Starting fresh PostgreSQL container...
Waiting for PostgreSQL to initialize...
Container ready
Inserting 100000 records to create index...
Inserted 100000 records in 26.783s
Creating lookup table for random key selection...
Measuring fragmentation...
Index fragmentation: 0.00%
Resetting PostgreSQL statistics...
Running 100000 point lookups...
Completed 100000 reads in 7.873876422s
Read throughput: 13573.55 ops/sec
Measuring buffer pool hit ratios...

Cleaning up container...
Container stopped and removed
done
  Run 4/5... Starting fresh PostgreSQL container...
Waiting for PostgreSQL to initialize...
Container ready
Inserting 100000 records to create index...
Inserted 100000 records in 27.295s
Creating lookup table for random key selection...
Measuring fragmentation...
Index fragmentation: 0.00%
Resetting PostgreSQL statistics...
Running 100000 point lookups...
Completed 100000 reads in 8.699972158s
Read throughput: 12114.93 ops/sec
Measuring buffer pool hit ratios...

Cleaning up container...
Container stopped and removed
done
  Run 5/5... Starting fresh PostgreSQL container...
Waiting for PostgreSQL to initialize...
Container ready
Inserting 100000 records to create index...
Inserted 100000 records in 26.987s
Creating lookup table for random key selection...
Measuring fragmentation...
Index fragmentation: 0.00%
Resetting PostgreSQL statistics...
Running 100000 point lookups...
Completed 100000 reads in 8.357812896s
Read throughput: 12636.21 ops/sec
Measuring buffer pool hit ratios...

Cleaning up container...
Container stopped and removed
done

Testing ULID (5 runs)
----------------------------------------------------------------------
  Run 1/5... Starting fresh PostgreSQL container...
Waiting for PostgreSQL to initialize...
Container ready
Inserting 100000 records to create index...
Inserted 100000 records in 26.663s
Creating lookup table for random key selection...
Measuring fragmentation...
Index fragmentation: 0.00%
Resetting PostgreSQL statistics...
Running 100000 point lookups...
Completed 100000 reads in 9.473065891s
Read throughput: 11065.69 ops/sec
Measuring buffer pool hit ratios...

Cleaning up container...
Container stopped and removed
done
  Run 2/5... Starting fresh PostgreSQL container...
Waiting for PostgreSQL to initialize...
Container ready
Inserting 100000 records to create index...
Inserted 100000 records in 27.242s
Creating lookup table for random key selection...
Measuring fragmentation...
Index fragmentation: 0.00%
Resetting PostgreSQL statistics...
Running 100000 point lookups...
Completed 100000 reads in 8.615324462s
Read throughput: 12241.16 ops/sec
Measuring buffer pool hit ratios...

Cleaning up container...
Container stopped and removed
done
  Run 3/5... Starting fresh PostgreSQL container...
Waiting for PostgreSQL to initialize...
Container ready
Inserting 100000 records to create index...
Inserted 100000 records in 27.014s
Creating lookup table for random key selection...
Measuring fragmentation...
Index fragmentation: 0.00%
Resetting PostgreSQL statistics...
Running 100000 point lookups...
Completed 100000 reads in 9.53983471s
Read throughput: 11012.97 ops/sec
Measuring buffer pool hit ratios...

Cleaning up container...
Container stopped and removed
done
  Run 4/5... Starting fresh PostgreSQL container...
Waiting for PostgreSQL to initialize...
Container ready
Inserting 100000 records to create index...
Inserted 100000 records in 26.958s
Creating lookup table for random key selection...
Measuring fragmentation...
Index fragmentation: 0.00%
Resetting PostgreSQL statistics...
Running 100000 point lookups...
Completed 100000 reads in 9.429425903s
Read throughput: 11139.20 ops/sec
Measuring buffer pool hit ratios...

Cleaning up container...
Container stopped and removed
done
  Run 5/5... Starting fresh PostgreSQL container...
Waiting for PostgreSQL to initialize...
Container ready
Inserting 100000 records to create index...
Inserted 100000 records in 26.56s
Creating lookup table for random key selection...
Measuring fragmentation...
Index fragmentation: 0.00%
Resetting PostgreSQL statistics...
Running 100000 point lookups...
Completed 100000 reads in 9.24365408s
Read throughput: 11401.80 ops/sec
Measuring buffer pool hit ratios...

Cleaning up container...
Container stopped and removed
done

Testing ULID_MONOTONIC (5 runs)
----------------------------------------------------------------------
  Run 1/5... Starting fresh PostgreSQL container...
Waiting for PostgreSQL to initialize...
Container ready
Inserting 100000 records to create index...
Inserted 100000 records in 26.956s
Creating lookup table for random key selection...
Measuring fragmentation...
Index fragmentation: 0.00%
Resetting PostgreSQL statistics...
Running 100000 point lookups...
Completed 100000 reads in 9.616475106s
Read throughput: 10946.15 ops/sec
Measuring buffer pool hit ratios...

Cleaning up container...
Container stopped and removed
done
  Run 2/5... Starting fresh PostgreSQL container...
Waiting for PostgreSQL to initialize...
Container ready
Inserting 100000 records to create index...
Inserted 100000 records in 27.111s
Creating lookup table for random key selection...
Measuring fragmentation...
Index fragmentation: 0.00%
Resetting PostgreSQL statistics...
Running 100000 point lookups...
Completed 100000 reads in 9.595696551s
Read throughput: 10949.42 ops/sec
Measuring buffer pool hit ratios...

Cleaning up container...
Container stopped and removed
done
  Run 3/5... Starting fresh PostgreSQL container...
Waiting for PostgreSQL to initialize...
Container ready
Inserting 100000 records to create index...
Inserted 100000 records in 27.034s
Creating lookup table for random key selection...
Measuring fragmentation...
Index fragmentation: 0.00%
Resetting PostgreSQL statistics...
Running 100000 point lookups...
Completed 100000 reads in 10.038335139s
Read throughput: 10469.67 ops/sec
Measuring buffer pool hit ratios...

Cleaning up container...
Container stopped and removed
done
  Run 4/5... Starting fresh PostgreSQL container...
Waiting for PostgreSQL to initialize...
Container ready
Inserting 100000 records to create index...
Inserted 100000 records in 27.107s
Creating lookup table for random key selection...
Measuring fragmentation...
Index fragmentation: 0.00%
Resetting PostgreSQL statistics...
Running 100000 point lookups...
Completed 100000 reads in 8.401907224s
Read throughput: 12543.14 ops/sec
Measuring buffer pool hit ratios...

Cleaning up container...
Container stopped and removed
done
  Run 5/5... Starting fresh PostgreSQL container...
Waiting for PostgreSQL to initialize...
Container ready
Inserting 100000 records to create index...
Inserted 100000 records in 26.896s
Creating lookup table for random key selection...
Measuring fragmentation...
Index fragmentation: 0.00%
Resetting PostgreSQL statistics...
Running 100000 point lookups...
Completed 100000 reads in 10.419730159s
Read throughput: 10028.20 ops/sec
Measuring buffer pool hit ratios...

Cleaning up container...
Container stopped and removed
done

Testing UUIDV1 (5 runs)
----------------------------------------------------------------------
  Run 1/5... Starting fresh PostgreSQL container...
Waiting for PostgreSQL to initialize...
Container ready
Inserting 100000 records to create index...
Inserted 100000 records in 25.289s
Creating lookup table for random key selection...
Measuring fragmentation...
Index fragmentation: 0.00%
Resetting PostgreSQL statistics...
Running 100000 point lookups...
Completed 100000 reads in 8.27884237s
Read throughput: 12764.09 ops/sec
Measuring buffer pool hit ratios...

Cleaning up container...
Container stopped and removed
done
  Run 2/5... Starting fresh PostgreSQL container...
Waiting for PostgreSQL to initialize...
Container ready
Inserting 100000 records to create index...
Inserted 100000 records in 19.29s
Creating lookup table for random key selection...
Measuring fragmentation...
Index fragmentation: 0.00%
Resetting PostgreSQL statistics...
Running 100000 point lookups...
Completed 100000 reads in 7.988380274s
Read throughput: 13256.01 ops/sec
Measuring buffer pool hit ratios...

Cleaning up container...
Container stopped and removed
done
  Run 3/5... Starting fresh PostgreSQL container...
Waiting for PostgreSQL to initialize...
Container ready
Inserting 100000 records to create index...
Inserted 100000 records in 26.72s
Creating lookup table for random key selection...
Measuring fragmentation...
Index fragmentation: 0.32%
Resetting PostgreSQL statistics...
Running 100000 point lookups...
Completed 100000 reads in 8.048624121s
Read throughput: 13131.90 ops/sec
Measuring buffer pool hit ratios...

Cleaning up container...
Container stopped and removed
done
  Run 4/5... Starting fresh PostgreSQL container...
Waiting for PostgreSQL to initialize...
Container ready
Inserting 100000 records to create index...
Inserted 100000 records in 26.291s
Creating lookup table for random key selection...
Measuring fragmentation...
Index fragmentation: 0.00%
Resetting PostgreSQL statistics...
Running 100000 point lookups...
Completed 100000 reads in 9.722489796s
Read throughput: 10814.35 ops/sec
Measuring buffer pool hit ratios...

Cleaning up container...
Container stopped and removed
done
  Run 5/5... Starting fresh PostgreSQL container...
Waiting for PostgreSQL to initialize...
Container ready
Inserting 100000 records to create index...
Inserted 100000 records in 19.065s
Creating lookup table for random key selection...
Measuring fragmentation...
Index fragmentation: 0.00%
Resetting PostgreSQL statistics...
Running 100000 point lookups...
Completed 100000 reads in 9.674120335s
Read throughput: 10830.05 ops/sec
Measuring buffer pool hit ratios...

Cleaning up container...
Container stopped and removed
done

====================================================================================================
Read Performance - Statistical Summary (5 runs per UUID type)
====================================================================================================

Read Throughput (ops/sec)
┌────────────────┬──────────┬──────────┬──────────┬──────────┬──────────┬─────────┐
│ Key Type       │ Median   │ Mean     │ StdDev   │ Min      │ Max      │ CV %    │
├────────────────┼──────────┼──────────┼──────────┼──────────┼──────────┼─────────┤
│ SEQUENTIAL     │    11719 │    12056 │     1319 │    11108 │    14344 │    10.9 │
│ UUIDV4         │    13048 │    12358 │     1515 │    10269 │    13867 │    12.3 │
│ UUIDV7         │    12636 │    13227 │     1735 │    11736 │    16076 │    13.1 │
│ ULID           │    11139 │    11372 │      508 │    11013 │    12241 │     4.5 │
│ ULID_MONOTONIC │    10946 │    10987 │      950 │    10028 │    12543 │     8.6 │
│ UUIDV1         │    12764 │    12159 │     1234 │    10814 │    13256 │    10.1 │
└────────────────┴──────────┴──────────┴──────────┴──────────┴──────────┴─────────┘

Statistical Comparisons (vs SEQUENTIAL):
┌──────────────────────────────┬─────────────┬──────────┬───────────┬───────────────┐
│ Comparison                   │ Median Diff │ p-value  │ Overlap?  │ Significant?  │
├──────────────────────────────┼─────────────┼──────────┼───────────┼───────────────┤
│ SEQUENTIAL vs UUIDV4         │      +11.3% │   0.7540 │ Yes       │ n.s.          │
│ SEQUENTIAL vs UUIDV7         │       +7.8% │   0.1172 │ Yes       │ n.s.          │
│ SEQUENTIAL vs ULID           │       -4.9% │   0.2506 │ Yes       │ n.s.          │
│ SEQUENTIAL vs ULID_MONOTONIC │       -6.6% │   0.0758 │ Yes       │ n.s.          │
│ SEQUENTIAL vs UUIDV1         │       +8.9% │   0.9168 │ Yes       │ n.s.          │
└──────────────────────────────┴─────────────┴──────────┴───────────┴───────────────┘

Leaf Fragmentation (%)
┌────────────────┬──────────┬──────────┬──────────┬──────────┬──────────┬─────────┐
│ Key Type       │ Median   │ Mean     │ StdDev   │ Min      │ Max      │ CV %    │
├────────────────┼──────────┼──────────┼──────────┼──────────┼──────────┼─────────┤
│ SEQUENTIAL     │     0.00 │     0.00 │     0.00 │     0.00 │     0.00 │     0.0 │
│ UUIDV4         │    49.63 │    49.65 │     0.33 │    49.34 │    50.19 │     0.7 │
│ UUIDV7         │     0.00 │     0.00 │     0.00 │     0.00 │     0.00 │     0.0 │
│ ULID           │     0.00 │     0.00 │     0.00 │     0.00 │     0.00 │     0.0 │
│ ULID_MONOTONIC │     0.00 │     0.00 │     0.00 │     0.00 │     0.00 │     0.0 │
│ UUIDV1         │     0.00 │     0.06 │     0.14 │     0.00 │     0.32 │   223.6 │
└────────────────┴──────────┴──────────┴──────────┴──────────┴──────────┴─────────┘

Statistical Comparisons (vs SEQUENTIAL):
┌──────────────────────────────┬─────────────┬──────────┬───────────┬───────────────┐
│ Comparison                   │ Median Diff │ p-value  │ Overlap?  │ Significant?  │
├──────────────────────────────┼─────────────┼──────────┼───────────┼───────────────┤
│ SEQUENTIAL vs UUIDV4         │       +0.0% │   0.0090 │ No        │ No overlap    │
│ SEQUENTIAL vs UUIDV7         │       +0.0% │   1.0000 │ Yes       │ n.s.          │
│ SEQUENTIAL vs ULID           │       +0.0% │   1.0000 │ Yes       │ n.s.          │
│ SEQUENTIAL vs ULID_MONOTONIC │       +0.0% │   1.0000 │ Yes       │ n.s.          │
│ SEQUENTIAL vs UUIDV1         │       +0.0% │   0.6015 │ Yes       │ n.s.          │
└──────────────────────────────┴─────────────┴──────────┴───────────┴───────────────┘

Cache Hit Ratio
┌────────────────┬──────────┬──────────┬──────────┬──────────┬──────────┬─────────┐
│ Key Type       │ Median   │ Mean     │ StdDev   │ Min      │ Max      │ CV %    │
├────────────────┼──────────┼──────────┼──────────┼──────────┼──────────┼─────────┤
│ SEQUENTIAL     │   0.9994 │   0.9994 │   0.0000 │   0.9994 │   0.9994 │     0.0 │
│ UUIDV4         │   0.9995 │   0.9995 │   0.0000 │   0.9995 │   0.9995 │     0.0 │
│ UUIDV7         │   0.9995 │   0.9995 │   0.0000 │   0.9995 │   0.9995 │     0.0 │
│ ULID           │   0.9995 │   0.9995 │   0.0000 │   0.9995 │   0.9995 │     0.0 │
│ ULID_MONOTONIC │   0.9995 │   0.9995 │   0.0000 │   0.9995 │   0.9995 │     0.0 │
│ UUIDV1         │   0.9995 │   0.9995 │   0.0000 │   0.9995 │   0.9995 │     0.0 │
└────────────────┴──────────┴──────────┴──────────┴──────────┴──────────┴─────────┘

Statistical Comparisons (vs SEQUENTIAL):
┌──────────────────────────────┬─────────────┬──────────┬───────────┬───────────────┐
│ Comparison                   │ Median Diff │ p-value  │ Overlap?  │ Significant?  │
├──────────────────────────────┼─────────────┼──────────┼───────────┼───────────────┤
│ SEQUENTIAL vs UUIDV4         │       +0.0% │   0.0090 │ No        │ No overlap    │
│ SEQUENTIAL vs UUIDV7         │       +0.0% │   0.0090 │ No        │ No overlap    │
│ SEQUENTIAL vs ULID           │       +0.0% │   0.0090 │ No        │ No overlap    │
│ SEQUENTIAL vs ULID_MONOTONIC │       +0.0% │   0.0090 │ No        │ No overlap    │
│ SEQUENTIAL vs UUIDV1         │       +0.0% │   0.0090 │ No        │ No overlap    │
└──────────────────────────────┴─────────────┴──────────┴───────────┴───────────────┘

Index Hit Ratio
┌────────────────┬──────────┬──────────┬──────────┬──────────┬──────────┬─────────┐
│ Key Type       │ Median   │ Mean     │ StdDev   │ Min      │ Max      │ CV %    │
├────────────────┼──────────┼──────────┼──────────┼──────────┼──────────┼─────────┤
│ SEQUENTIAL     │   1.0000 │   1.0000 │   0.0000 │   1.0000 │   1.0000 │     0.0 │
│ UUIDV4         │   1.0000 │   1.0000 │   0.0000 │   1.0000 │   1.0000 │     0.0 │
│ UUIDV7         │   1.0000 │   1.0000 │   0.0000 │   1.0000 │   1.0000 │     0.0 │
│ ULID           │   1.0000 │   1.0000 │   0.0000 │   1.0000 │   1.0000 │     0.0 │
│ ULID_MONOTONIC │   1.0000 │   1.0000 │   0.0000 │   1.0000 │   1.0000 │     0.0 │
│ UUIDV1         │   1.0000 │   1.0000 │   0.0000 │   1.0000 │   1.0000 │     0.0 │
└────────────────┴──────────┴──────────┴──────────┴──────────┴──────────┴─────────┘

Statistical Comparisons (vs SEQUENTIAL):
┌──────────────────────────────┬─────────────┬──────────┬───────────┬───────────────┐
│ Comparison                   │ Median Diff │ p-value  │ Overlap?  │ Significant?  │
├──────────────────────────────┼─────────────┼──────────┼───────────┼───────────────┤
│ SEQUENTIAL vs UUIDV4         │       +0.0% │   1.0000 │ Yes       │ n.s.          │
│ SEQUENTIAL vs UUIDV7         │       +0.0% │   1.0000 │ Yes       │ n.s.          │
│ SEQUENTIAL vs ULID           │       +0.0% │   1.0000 │ Yes       │ n.s.          │
│ SEQUENTIAL vs ULID_MONOTONIC │       +0.0% │   1.0000 │ Yes       │ n.s.          │
│ SEQUENTIAL vs UUIDV1         │       +0.0% │   1.0000 │ Yes       │ n.s.          │
└──────────────────────────────┴─────────────┴──────────┴───────────┴───────────────┘

Latency P50 (µs)
┌────────────────┬──────────┬──────────┬──────────┬──────────┬──────────┬─────────┐
│ Key Type       │ Median   │ Mean     │ StdDev   │ Min      │ Max      │ CV %    │
├────────────────┼──────────┼──────────┼──────────┼──────────┼──────────┼─────────┤
│ SEQUENTIAL     │       82 │       81 │        7 │       69 │       87 │     9.1 │
│ UUIDV4         │       72 │       78 │       12 │       67 │       96 │    15.5 │
│ UUIDV7         │       76 │       73 │       12 │       56 │       84 │    16.1 │
│ ULID           │       86 │       86 │        3 │       80 │       88 │     3.8 │
│ ULID_MONOTONIC │       88 │       87 │        7 │       75 │       93 │     8.2 │
│ UUIDV1         │       77 │       80 │        9 │       68 │       90 │    11.9 │
└────────────────┴──────────┴──────────┴──────────┴──────────┴──────────┴─────────┘

Statistical Comparisons (vs SEQUENTIAL):
┌──────────────────────────────┬─────────────┬──────────┬───────────┬───────────────┐
│ Comparison                   │ Median Diff │ p-value  │ Overlap?  │ Significant?  │
├──────────────────────────────┼─────────────┼──────────┼───────────┼───────────────┤
│ SEQUENTIAL vs UUIDV4         │      -12.2% │   0.6015 │ Yes       │ n.s.          │
│ SEQUENTIAL vs UUIDV7         │       -7.3% │   0.2506 │ Yes       │ n.s.          │
│ SEQUENTIAL vs ULID           │       +4.9% │   0.3472 │ Yes       │ n.s.          │
│ SEQUENTIAL vs ULID_MONOTONIC │       +7.3% │   0.0758 │ Yes       │ n.s.          │
│ SEQUENTIAL vs UUIDV1         │       -6.1% │   0.9168 │ Yes       │ n.s.          │
└──────────────────────────────┴─────────────┴──────────┴───────────┴───────────────┘

Latency P95 (µs)
┌────────────────┬──────────┬──────────┬──────────┬──────────┬──────────┬─────────┐
│ Key Type       │ Median   │ Mean     │ StdDev   │ Min      │ Max      │ CV %    │
├────────────────┼──────────┼──────────┼──────────┼──────────┼──────────┼─────────┤
│ SEQUENTIAL     │       92 │       92 │        4 │       86 │       96 │     4.4 │
│ UUIDV4         │       84 │       90 │       11 │       82 │      105 │    11.8 │
│ UUIDV7         │       85 │       85 │        7 │       73 │       92 │     8.7 │
│ ULID           │       96 │       95 │        2 │       92 │       96 │     1.9 │
│ ULID_MONOTONIC │       97 │       99 │        9 │       90 │      113 │     8.6 │
│ UUIDV1         │       89 │       92 │        7 │       86 │      101 │     7.6 │
└────────────────┴──────────┴──────────┴──────────┴──────────┴──────────┴─────────┘

Statistical Comparisons (vs SEQUENTIAL):
┌──────────────────────────────┬─────────────┬──────────┬───────────┬───────────────┐
│ Comparison                   │ Median Diff │ p-value  │ Overlap?  │ Significant?  │
├──────────────────────────────┼─────────────┼──────────┼───────────┼───────────────┤
│ SEQUENTIAL vs UUIDV4         │       -8.7% │   0.6015 │ Yes       │ n.s.          │
│ SEQUENTIAL vs UUIDV7         │       -7.6% │   0.0758 │ Yes       │ n.s.          │
│ SEQUENTIAL vs ULID           │       +4.3% │   0.1745 │ Yes       │ n.s.          │
│ SEQUENTIAL vs ULID_MONOTONIC │       +5.4% │   0.0758 │ Yes       │ n.s.          │
│ SEQUENTIAL vs UUIDV1         │       -3.3% │   1.0000 │ Yes       │ n.s.          │
└──────────────────────────────┴─────────────┴──────────┴───────────┴───────────────┘

Latency P99 (µs)
┌────────────────┬──────────┬──────────┬──────────┬──────────┬──────────┬─────────┐
│ Key Type       │ Median   │ Mean     │ StdDev   │ Min      │ Max      │ CV %    │
├────────────────┼──────────┼──────────┼──────────┼──────────┼──────────┼─────────┤
│ SEQUENTIAL     │      284 │      270 │       27 │      241 │      295 │     9.9 │
│ UUIDV4         │      230 │      275 │      103 │      180 │      443 │    37.3 │
│ UUIDV7         │      226 │      257 │       81 │      203 │      400 │    31.4 │
│ ULID           │      291 │      284 │       42 │      236 │      326 │    14.9 │
│ ULID_MONOTONIC │      309 │      327 │       82 │      222 │      414 │    25.0 │
│ UUIDV1         │      247 │      269 │       50 │      211 │      327 │    18.5 │
└────────────────┴──────────┴──────────┴──────────┴──────────┴──────────┴─────────┘

Statistical Comparisons (vs SEQUENTIAL):
┌──────────────────────────────┬─────────────┬──────────┬───────────┬───────────────┐
│ Comparison                   │ Median Diff │ p-value  │ Overlap?  │ Significant?  │
├──────────────────────────────┼─────────────┼──────────┼───────────┼───────────────┤
│ SEQUENTIAL vs UUIDV4         │      -19.0% │   0.4647 │ Yes       │ n.s.          │
│ SEQUENTIAL vs UUIDV7         │      -20.4% │   0.1172 │ Yes       │ n.s.          │
│ SEQUENTIAL vs ULID           │       +2.5% │   0.4647 │ Yes       │ n.s.          │
│ SEQUENTIAL vs ULID_MONOTONIC │       +8.8% │   0.2506 │ Yes       │ n.s.          │
│ SEQUENTIAL vs UUIDV1         │      -13.0% │   0.7540 │ Yes       │ n.s.          │
└──────────────────────────────┴─────────────┴──────────┴───────────┴───────────────┘

Read IOPS
┌────────────────┬──────────┬──────────┬──────────┬──────────┬──────────┬─────────┐
│ Key Type       │ Median   │ Mean     │ StdDev   │ Min      │ Max      │ CV %    │
├────────────────┼──────────┼──────────┼──────────┼──────────┼──────────┼─────────┤
│ SEQUENTIAL     │        0 │        0 │        0 │        0 │        0 │     0.0 │
│ UUIDV4         │        0 │        0 │        0 │        0 │        0 │     0.0 │
│ UUIDV7         │        0 │        0 │        0 │        0 │        0 │     0.0 │
│ ULID           │        0 │        0 │        0 │        0 │        0 │     0.0 │
│ ULID_MONOTONIC │        0 │        0 │        0 │        0 │        0 │     0.0 │
│ UUIDV1         │        0 │        0 │        0 │        0 │        0 │     0.0 │
└────────────────┴──────────┴──────────┴──────────┴──────────┴──────────┴─────────┘

Statistical Comparisons (vs SEQUENTIAL):
┌──────────────────────────────┬─────────────┬──────────┬───────────┬───────────────┐
│ Comparison                   │ Median Diff │ p-value  │ Overlap?  │ Significant?  │
├──────────────────────────────┼─────────────┼──────────┼───────────┼───────────────┤
│ SEQUENTIAL vs UUIDV4         │       +0.0% │   1.0000 │ Yes       │ n.s.          │
│ SEQUENTIAL vs UUIDV7         │       +0.0% │   1.0000 │ Yes       │ n.s.          │
│ SEQUENTIAL vs ULID           │       +0.0% │   1.0000 │ Yes       │ n.s.          │
│ SEQUENTIAL vs ULID_MONOTONIC │       +0.0% │   1.0000 │ Yes       │ n.s.          │
│ SEQUENTIAL vs UUIDV1         │       +0.0% │   1.0000 │ Yes       │ n.s.          │
└──────────────────────────────┴─────────────┴──────────┴───────────┴───────────────┘

Write IOPS
┌────────────────┬──────────┬──────────┬──────────┬──────────┬──────────┬─────────┐
│ Key Type       │ Median   │ Mean     │ StdDev   │ Min      │ Max      │ CV %    │
├────────────────┼──────────┼──────────┼──────────┼──────────┼──────────┼─────────┤
│ SEQUENTIAL     │        8 │        7 │        4 │        0 │       10 │    57.8 │
│ UUIDV4         │        0 │        4 │        5 │        0 │       10 │   130.2 │
│ UUIDV7         │        7 │        6 │        5 │        0 │       12 │    94.8 │
│ ULID           │        7 │        5 │        5 │        0 │        9 │    92.2 │
│ ULID_MONOTONIC │        0 │        3 │        4 │        0 │        8 │   134.0 │
│ UUIDV1         │        9 │       11 │        8 │        0 │       22 │    77.4 │
└────────────────┴──────────┴──────────┴──────────┴──────────┴──────────┴─────────┘

Statistical Comparisons (vs SEQUENTIAL):
┌──────────────────────────────┬─────────────┬──────────┬───────────┬───────────────┐
│ Comparison                   │ Median Diff │ p-value  │ Overlap?  │ Significant?  │
├──────────────────────────────┼─────────────┼──────────┼───────────┼───────────────┤
│ SEQUENTIAL vs UUIDV4         │      -96.7% │   0.3472 │ Yes       │ n.s.          │
│ SEQUENTIAL vs UUIDV7         │      -18.1% │   0.6015 │ Yes       │ n.s.          │
│ SEQUENTIAL vs ULID           │      -14.4% │   0.3472 │ Yes       │ n.s.          │
│ SEQUENTIAL vs ULID_MONOTONIC │      -97.4% │   0.0758 │ Yes       │ n.s.          │
│ SEQUENTIAL vs UUIDV1         │       +8.5% │   0.6015 │ Yes       │ n.s.          │
└──────────────────────────────┴─────────────┴──────────┴───────────┴───────────────┘

Read Throughput (MB/s)
┌────────────────┬──────────┬──────────┬──────────┬──────────┬──────────┬─────────┐
│ Key Type       │ Median   │ Mean     │ StdDev   │ Min      │ Max      │ CV %    │
├────────────────┼──────────┼──────────┼──────────┼──────────┼──────────┼─────────┤
│ SEQUENTIAL     │      0.0 │      0.0 │      0.0 │      0.0 │      0.0 │     0.0 │
│ UUIDV4         │      0.0 │      0.0 │      0.0 │      0.0 │      0.0 │     0.0 │
│ UUIDV7         │      0.0 │      0.0 │      0.0 │      0.0 │      0.0 │     0.0 │
│ ULID           │      0.0 │      0.0 │      0.0 │      0.0 │      0.0 │     0.0 │
│ ULID_MONOTONIC │      0.0 │      0.0 │      0.0 │      0.0 │      0.0 │     0.0 │
│ UUIDV1         │      0.0 │      0.0 │      0.0 │      0.0 │      0.0 │     0.0 │
└────────────────┴──────────┴──────────┴──────────┴──────────┴──────────┴─────────┘

Statistical Comparisons (vs SEQUENTIAL):
┌──────────────────────────────┬─────────────┬──────────┬───────────┬───────────────┐
│ Comparison                   │ Median Diff │ p-value  │ Overlap?  │ Significant?  │
├──────────────────────────────┼─────────────┼──────────┼───────────┼───────────────┤
│ SEQUENTIAL vs UUIDV4         │       +0.0% │   1.0000 │ Yes       │ n.s.          │
│ SEQUENTIAL vs UUIDV7         │       +0.0% │   1.0000 │ Yes       │ n.s.          │
│ SEQUENTIAL vs ULID           │       +0.0% │   1.0000 │ Yes       │ n.s.          │
│ SEQUENTIAL vs ULID_MONOTONIC │       +0.0% │   1.0000 │ Yes       │ n.s.          │
│ SEQUENTIAL vs UUIDV1         │       +0.0% │   1.0000 │ Yes       │ n.s.          │
└──────────────────────────────┴─────────────┴──────────┴───────────┴───────────────┘

Write Throughput (MB/s)
┌────────────────┬──────────┬──────────┬──────────┬──────────┬──────────┬─────────┐
│ Key Type       │ Median   │ Mean     │ StdDev   │ Min      │ Max      │ CV %    │
├────────────────┼──────────┼──────────┼──────────┼──────────┼──────────┼─────────┤
│ SEQUENTIAL     │      4.4 │      3.8 │      2.2 │      0.0 │      5.6 │    57.6 │
│ UUIDV4         │      0.0 │      1.9 │      2.6 │      0.0 │      5.2 │   137.9 │
│ UUIDV7         │      4.6 │      3.2 │      3.0 │      0.0 │      6.5 │    94.0 │
│ ULID           │      4.2 │      2.6 │      2.4 │      0.0 │      4.7 │    91.5 │
│ ULID_MONOTONIC │      0.0 │      1.7 │      2.3 │      0.0 │      4.2 │   136.9 │
│ UUIDV1         │      5.1 │      6.0 │      4.5 │      0.0 │     11.3 │    74.1 │
└────────────────┴──────────┴──────────┴──────────┴──────────┴──────────┴─────────┘

Statistical Comparisons (vs SEQUENTIAL):
┌──────────────────────────────┬─────────────┬──────────┬───────────┬───────────────┐
│ Comparison                   │ Median Diff │ p-value  │ Overlap?  │ Significant?  │
├──────────────────────────────┼─────────────┼──────────┼───────────┼───────────────┤
│ SEQUENTIAL vs UUIDV4         │     -100.0% │   0.2963 │ Yes       │ n.s.          │
│ SEQUENTIAL vs UUIDV7         │       +3.0% │   0.9168 │ Yes       │ n.s.          │
│ SEQUENTIAL vs ULID           │       -4.5% │   0.3472 │ Yes       │ n.s.          │
│ SEQUENTIAL vs ULID_MONOTONIC │     -100.0% │   0.0947 │ Yes       │ n.s.          │
│ SEQUENTIAL vs UUIDV1         │      +14.6% │   0.4034 │ Yes       │ n.s.          │
└──────────────────────────────┴─────────────┴──────────┴───────────┴───────────────┘

Exporting results to CSV...
  Statistical summary: /home/aaeirack/uuid-benchmark/results/postgres_100k_read-performance_1conn.csv
  Raw runs data: /home/aaeirack/uuid-benchmark/results/postgres_100k_read-performance_1conn_raw.csv

All scenarios completed successfully!
