UUID Benchmark - PostgreSQL
======================================================================
Database:     PostgreSQL
Scenario:     read-performance
Records:      10000000
Batch Size:   100
Runs:         5 (statistical mode)
Testing:      [sequential uuidv4 uuidv7 ulid ulid_monotonic uuidv1]
======================================================================


Testing SEQUENTIAL (5 runs)
----------------------------------------------------------------------
  Run 1/5... Starting fresh PostgreSQL container...
2026/03/13 19:57:25 Failed to start container: exit status 1
Output: time="2026-03-13T19:57:25+01:00" level=warning msg="Found orphan containers ([uuid-bench-cassandra uuid-bench-mysql uuid-bench-mongodb]) for this project. If you removed or renamed this service in your compose file, you can run this command with the --remove-orphans flag to clean it up."
 Container uuid-bench-postgres Creating 
 Container uuid-bench-postgres Error response from daemon: Conflict. The container name "/uuid-bench-postgres" is already in use by container "9c2282469577295baba8b089f76462880c482596c92a08718cd331b71812766a". You have to remove (or rename) that container to be able to reuse that name. 
Error response from dWaiting for PostgreSQL to initialize...
Container ready
Inserting 10000000 records to create index...
7295baba8b089f76462880c482596c92a08718cd331b71812766a". You have to remove (or rename) that container to be able to reuse that name.
