UUID Benchmark - PostgreSQL
======================================================================
Database:     PostgreSQL
Scenario:     all
Records:      1000000
Connections:  8
Batch Size:   100
Runs:         5 (statistical mode)
Testing:      [sequential uuidv4 uuidv7 ulid ulid_monotonic uuidv1]
======================================================================


====================================================================================================
RUNNING ALL SCENARIOS - COMPREHENSIVE BENCHMARK SUITE
====================================================================================================


[1/5] INSERT PERFORMANCE
====================================================================================================

Testing SEQUENTIAL (5 runs)
----------------------------------------------------------------------
  Run 1/5... Starting fresh PostgreSQL container...
Waiting for PostgreSQL to initialize...
Container ready
Inserting 1000000 records (connections=8, batch=100)...
Inserted 1000000 records in 1m12.044452137s
Throughput: 14048.50 records/sec
Measuring metrics...

Cleaning up container...
Container stopped and removed
done
  Run 2/5... Starting fresh PostgreSQL container...
Waiting for PostgreSQL to initialize...
Container ready
Inserting 1000000 records (connections=8, batch=100)...
Inserted 1000000 records in 1m13.118841612s
Throughput: 13841.49 records/sec
Measuring metrics...

Cleaning up container...
Container stopped and removed
done
  Run 3/5... Starting fresh PostgreSQL container...
Waiting for PostgreSQL to initialize...
Container ready
Inserting 1000000 records (connections=8, batch=100)...
Inserted 1000000 records in 1m11.199584566s
Throughput: 14215.23 records/sec
Measuring metrics...

Cleaning up container...
Container stopped and removed
done
  Run 4/5... Starting fresh PostgreSQL container...
Waiting for PostgreSQL to initialize...
Container ready
Inserting 1000000 records (connections=8, batch=100)...
Inserted 1000000 records in 1m11.992483742s
Throughput: 14067.45 records/sec
Measuring metrics...

Cleaning up container...
Container stopped and removed
done
  Run 5/5... Starting fresh PostgreSQL container...
Waiting for PostgreSQL to initialize...
Container ready
Inserting 1000000 records (connections=8, batch=100)...
Inserted 1000000 records in 1m12.52832258s
Throughput: 13957.33 records/sec
Measuring metrics...

Cleaning up container...
Container stopped and removed
done

Testing UUIDV4 (5 runs)
----------------------------------------------------------------------
  Run 1/5... Starting fresh PostgreSQL container...
Waiting for PostgreSQL to initialize...
Container ready
Inserting 1000000 records (connections=8, batch=100)...
Inserted 1000000 records in 1m17.765162402s
Throughput: 13011.15 records/sec
Measuring metrics...

Cleaning up container...
Container stopped and removed
done
  Run 2/5... Starting fresh PostgreSQL container...
Waiting for PostgreSQL to initialize...
Container ready
Inserting 1000000 records (connections=8, batch=100)...
Inserted 1000000 records in 1m19.777250578s
Throughput: 12673.77 records/sec
Measuring metrics...

Cleaning up container...
Container stopped and removed
done
  Run 3/5... Starting fresh PostgreSQL container...
Waiting for PostgreSQL to initialize...
Container ready
Inserting 1000000 records (connections=8, batch=100)...
Inserted 1000000 records in 1m16.402818411s
Throughput: 13239.82 records/sec
Measuring metrics...

Cleaning up container...
Container stopped and removed
done
  Run 4/5... Starting fresh PostgreSQL container...
Waiting for PostgreSQL to initialize...
Container ready
Inserting 1000000 records (connections=8, batch=100)...
Inserted 1000000 records in 1m14.129519434s
Throughput: 13657.72 records/sec
Measuring metrics...

Cleaning up container...
Container stopped and removed
done
  Run 5/5... Starting fresh PostgreSQL container...
Waiting for PostgreSQL to initialize...
Container ready
Inserting 1000000 records (connections=8, batch=100)...
Inserted 1000000 records in 1m15.341334619s
Throughput: 13426.76 records/sec
Measuring metrics...

Cleaning up container...
Container stopped and removed
done

Testing UUIDV7 (5 runs)
----------------------------------------------------------------------
  Run 1/5... Starting fresh PostgreSQL container...
Waiting for PostgreSQL to initialize...
Container ready
Inserting 1000000 records (connections=8, batch=100)...
Inserted 1000000 records in 1m21.077515449s
Throughput: 12465.24 records/sec
Measuring metrics...

Cleaning up container...
Container stopped and removed
done
  Run 2/5... Starting fresh PostgreSQL container...
Waiting for PostgreSQL to initialize...
Container ready
Inserting 1000000 records (connections=8, batch=100)...
Inserted 1000000 records in 1m19.585614716s
Throughput: 12702.24 records/sec
Measuring metrics...

Cleaning up container...
Container stopped and removed
done
  Run 3/5... Starting fresh PostgreSQL container...
Waiting for PostgreSQL to initialize...
Container ready
Inserting 1000000 records (connections=8, batch=100)...
Inserted 1000000 records in 1m12.054973669s
Throughput: 14055.16 records/sec
Measuring metrics...

Cleaning up container...
Container stopped and removed
done
  Run 4/5... Starting fresh PostgreSQL container...
Waiting for PostgreSQL to initialize...
Container ready
Inserting 1000000 records (connections=8, batch=100)...
Inserted 1000000 records in 1m12.728849266s
Throughput: 13914.65 records/sec
Measuring metrics...

Cleaning up container...
Container stopped and removed
done
  Run 5/5... Starting fresh PostgreSQL container...
Waiting for PostgreSQL to initialize...
Container ready
Inserting 1000000 records (connections=8, batch=100)...
Inserted 1000000 records in 1m20.441623445s
Throughput: 12574.22 records/sec
Measuring metrics...

Cleaning up container...
Container stopped and removed
done

Testing ULID (5 runs)
----------------------------------------------------------------------
  Run 1/5... Starting fresh PostgreSQL container...
Waiting for PostgreSQL to initialize...
Container ready
Inserting 1000000 records (connections=8, batch=100)...
Inserted 1000000 records in 1m12.940707388s
Throughput: 13876.07 records/sec
Measuring metrics...

Cleaning up container...
Container stopped and removed
done
  Run 2/5... Starting fresh PostgreSQL container...
Waiting for PostgreSQL to initialize...
Container ready
Inserting 1000000 records (connections=8, batch=100)...
Inserted 1000000 records in 1m14.214802647s
Throughput: 13634.09 records/sec
Measuring metrics...

Cleaning up container...
Container stopped and removed
done
  Run 3/5... Starting fresh PostgreSQL container...
Waiting for PostgreSQL to initialize...
Container ready
Inserting 1000000 records (connections=8, batch=100)...
Inserted 1000000 records in 1m12.750088189s
Throughput: 13907.52 records/sec
Measuring metrics...

Cleaning up container...
Container stopped and removed
done
  Run 4/5... Starting fresh PostgreSQL container...
Waiting for PostgreSQL to initialize...
Container ready
Inserting 1000000 records (connections=8, batch=100)...
Inserted 1000000 records in 1m12.377582041s
Throughput: 13985.73 records/sec
Measuring metrics...

Cleaning up container...
Container stopped and removed
done
  Run 5/5... Starting fresh PostgreSQL container...
Waiting for PostgreSQL to initialize...
Container ready
Inserting 1000000 records (connections=8, batch=100)...
Inserted 1000000 records in 1m14.885138035s
Throughput: 13517.78 records/sec
Measuring metrics...

Cleaning up container...
Container stopped and removed
done

Testing ULID_MONOTONIC (5 runs)
----------------------------------------------------------------------
  Run 1/5... Starting fresh PostgreSQL container...
Waiting for PostgreSQL to initialize...
Container ready
Inserting 1000000 records (connections=8, batch=100)...
Inserted 1000000 records in 1m21.163144438s
Throughput: 12452.04 records/sec
Measuring metrics...

Cleaning up container...
Container stopped and removed
done
  Run 2/5... Starting fresh PostgreSQL container...
Waiting for PostgreSQL to initialize...
Container ready
Inserting 1000000 records (connections=8, batch=100)...
Inserted 1000000 records in 1m18.709825463s
Throughput: 12851.38 records/sec
Measuring metrics...

Cleaning up container...
Container stopped and removed
done
  Run 3/5... Starting fresh PostgreSQL container...
Waiting for PostgreSQL to initialize...
Container ready
Inserting 1000000 records (connections=8, batch=100)...
Inserted 1000000 records in 1m16.993223096s
Throughput: 13150.43 records/sec
Measuring metrics...

Cleaning up container...
Container stopped and removed
done
  Run 4/5... Starting fresh PostgreSQL container...
Waiting for PostgreSQL to initialize...
Container ready
Inserting 1000000 records (connections=8, batch=100)...
Inserted 1000000 records in 1m12.401098103s
Throughput: 13989.90 records/sec
Measuring metrics...

Cleaning up container...
Container stopped and removed
done
  Run 5/5... Starting fresh PostgreSQL container...
Waiting for PostgreSQL to initialize...
Container ready
Inserting 1000000 records (connections=8, batch=100)...
Inserted 1000000 records in 1m16.307763958s
Throughput: 13255.57 records/sec
Measuring metrics...

Cleaning up container...
Container stopped and removed
done

Testing UUIDV1 (5 runs)
----------------------------------------------------------------------
  Run 1/5... Starting fresh PostgreSQL container...
Waiting for PostgreSQL to initialize...
Container ready
Inserting 1000000 records (connections=8, batch=100)...
Inserted 1000000 records in 1m22.914508219s
Throughput: 12190.77 records/sec
Measuring metrics...

Cleaning up container...
Container stopped and removed
done
  Run 2/5... Starting fresh PostgreSQL container...
Waiting for PostgreSQL to initialize...
Container ready
Inserting 1000000 records (connections=8, batch=100)...
Inserted 1000000 records in 1m23.183850156s
Throughput: 12150.14 records/sec
Measuring metrics...

Cleaning up container...
Container stopped and removed
done
  Run 3/5... Starting fresh PostgreSQL container...
Waiting for PostgreSQL to initialize...
Container ready
Inserting 1000000 records (connections=8, batch=100)...
Inserted 1000000 records in 1m23.477641499s
Throughput: 12107.34 records/sec
Measuring metrics...

Cleaning up container...
Container stopped and removed
done
  Run 4/5... Starting fresh PostgreSQL container...
Waiting for PostgreSQL to initialize...
Container ready
Inserting 1000000 records (connections=8, batch=100)...
Inserted 1000000 records in 1m20.590746273s
Throughput: 12550.54 records/sec
Measuring metrics...

Cleaning up container...
Container stopped and removed
done
  Run 5/5... Starting fresh PostgreSQL container...
Waiting for PostgreSQL to initialize...
Container ready
Inserting 1000000 records (connections=8, batch=100)...
Inserted 1000000 records in 1m18.964614479s
Throughput: 12804.62 records/sec
Measuring metrics...

Cleaning up container...
Container stopped and removed
done

====================================================================================================
Insert Performance - Statistical Summary (5 runs per UUID type)
====================================================================================================

Throughput (records/sec)
┌────────────────┬──────────┬──────────┬──────────┬──────────┬──────────┬─────────┐
│ Key Type       │ Median   │ Mean     │ StdDev   │ Min      │ Max      │ CV %    │
├────────────────┼──────────┼──────────┼──────────┼──────────┼──────────┼─────────┤
│ SEQUENTIAL     │    14049 │    14026 │      139 │    13841 │    14215 │     1.0 │
│ UUIDV4         │    13240 │    13202 │      379 │    12674 │    13658 │     2.9 │
│ UUIDV7         │    12702 │    13142 │      775 │    12465 │    14055 │     5.9 │
│ ULID           │    13876 │    13784 │      199 │    13518 │    13986 │     1.4 │
│ ULID_MONOTONIC │    13150 │    13140 │      568 │    12452 │    13990 │     4.3 │
│ UUIDV1         │    12191 │    12361 │      304 │    12107 │    12805 │     2.5 │
└────────────────┴──────────┴──────────┴──────────┴──────────┴──────────┴─────────┘

Statistical Comparisons (vs SEQUENTIAL):
┌──────────────────────────────┬─────────────┬──────────┬───────────┬───────────────┐
│ Comparison                   │ Median Diff │ p-value  │ Overlap?  │ Significant?  │
├──────────────────────────────┼─────────────┼──────────┼───────────┼───────────────┤
│ SEQUENTIAL vs UUIDV4         │       -5.8% │   0.0090 │ No        │ No overlap    │
│ SEQUENTIAL vs UUIDV7         │       -9.6% │   0.0758 │ Yes       │ n.s.          │
│ SEQUENTIAL vs ULID           │       -1.2% │   0.0758 │ Yes       │ n.s.          │
│ SEQUENTIAL vs ULID_MONOTONIC │       -6.4% │   0.0283 │ Yes       │ * (p<0.05)    │
│ SEQUENTIAL vs UUIDV1         │      -13.2% │   0.0090 │ No        │ No overlap    │
└──────────────────────────────┴─────────────┴──────────┴───────────┴───────────────┘

Page Splits
┌────────────────┬──────────┬──────────┬──────────┬──────────┬──────────┬─────────┐
│ Key Type       │ Median   │ Mean     │ StdDev   │ Min      │ Max      │ CV %    │
├────────────────┼──────────┼──────────┼──────────┼──────────┼──────────┼─────────┤
│ SEQUENTIAL     │     2741 │     2741 │        0 │     2741 │     2741 │     0.0 │
│ UUIDV4         │     4834 │     4823 │       52 │     4751 │     4874 │     1.1 │
│ UUIDV7         │     3849 │     3849 │        0 │     3849 │     3849 │     0.0 │
│ ULID           │     4944 │     4944 │        1 │     4943 │     4944 │     0.0 │
│ ULID_MONOTONIC │     4955 │     4955 │        0 │     4955 │     4955 │     0.0 │
│ UUIDV1         │     3849 │     3879 │       67 │     3849 │     3998 │     1.7 │
└────────────────┴──────────┴──────────┴──────────┴──────────┴──────────┴─────────┘

Statistical Comparisons (vs SEQUENTIAL):
┌──────────────────────────────┬─────────────┬──────────┬───────────┬───────────────┐
│ Comparison                   │ Median Diff │ p-value  │ Overlap?  │ Significant?  │
├──────────────────────────────┼─────────────┼──────────┼───────────┼───────────────┤
│ SEQUENTIAL vs UUIDV4         │      +76.4% │   0.0090 │ No        │ No overlap    │
│ SEQUENTIAL vs UUIDV7         │      +40.4% │   0.0090 │ No        │ No overlap    │
│ SEQUENTIAL vs ULID           │      +80.4% │   0.0090 │ No        │ No overlap    │
│ SEQUENTIAL vs ULID_MONOTONIC │      +80.8% │   0.0090 │ No        │ No overlap    │
│ SEQUENTIAL vs UUIDV1         │      +40.4% │   0.0090 │ No        │ No overlap    │
└──────────────────────────────┴─────────────┴──────────┴───────────┴───────────────┘

Leaf Fragmentation (%)
┌────────────────┬──────────┬──────────┬──────────┬──────────┬──────────┬─────────┐
│ Key Type       │ Median   │ Mean     │ StdDev   │ Min      │ Max      │ CV %    │
├────────────────┼──────────┼──────────┼──────────┼──────────┼──────────┼─────────┤
│ SEQUENTIAL     │     0.00 │     0.00 │     0.00 │     0.00 │     0.00 │     0.0 │
│ UUIDV4         │    49.86 │    49.81 │     0.12 │    49.62 │    49.91 │     0.2 │
│ UUIDV7         │     0.00 │     0.00 │     0.00 │     0.00 │     0.00 │     0.0 │
│ ULID           │     0.00 │     0.01 │     0.02 │     0.00 │     0.04 │   149.1 │
│ ULID_MONOTONIC │     0.00 │     0.00 │     0.00 │     0.00 │     0.00 │     0.0 │
│ UUIDV1         │     0.00 │     0.01 │     0.02 │     0.00 │     0.05 │   223.6 │
└────────────────┴──────────┴──────────┴──────────┴──────────┴──────────┴─────────┘

Statistical Comparisons (vs SEQUENTIAL):
┌──────────────────────────────┬─────────────┬──────────┬───────────┬───────────────┐
│ Comparison                   │ Median Diff │ p-value  │ Overlap?  │ Significant?  │
├──────────────────────────────┼─────────────┼──────────┼───────────┼───────────────┤
│ SEQUENTIAL vs UUIDV4         │       +0.0% │   0.0090 │ No        │ No overlap    │
│ SEQUENTIAL vs UUIDV7         │       +0.0% │   1.0000 │ Yes       │ n.s.          │
│ SEQUENTIAL vs ULID           │       +0.0% │   0.2963 │ Yes       │ n.s.          │
│ SEQUENTIAL vs ULID_MONOTONIC │       +0.0% │   1.0000 │ Yes       │ n.s.          │
│ SEQUENTIAL vs UUIDV1         │       +0.0% │   0.6015 │ Yes       │ n.s.          │
└──────────────────────────────┴─────────────┴──────────┴───────────┴───────────────┘

Avg Leaf Density (%)
┌────────────────┬──────────┬──────────┬──────────┬──────────┬──────────┬─────────┐
│ Key Type       │ Median   │ Mean     │ StdDev   │ Min      │ Max      │ CV %    │
├────────────────┼──────────┼──────────┼──────────┼──────────┼──────────┼─────────┤
│ SEQUENTIAL     │    90.01 │    90.01 │     0.00 │    90.01 │    90.01 │     0.0 │
│ UUIDV4         │    71.71 │    71.87 │     0.77 │    71.12 │    72.94 │     1.1 │
│ UUIDV7         │    89.98 │    89.98 │     0.00 │    89.98 │    89.98 │     0.0 │
│ ULID           │    90.29 │    90.30 │     0.01 │    90.29 │    90.31 │     0.0 │
│ ULID_MONOTONIC │    90.09 │    90.09 │     0.00 │    90.09 │    90.09 │     0.0 │
│ UUIDV1         │    89.98 │    89.31 │     1.49 │    86.64 │    89.98 │     1.7 │
└────────────────┴──────────┴──────────┴──────────┴──────────┴──────────┴─────────┘

Statistical Comparisons (vs SEQUENTIAL):
┌──────────────────────────────┬─────────────┬──────────┬───────────┬───────────────┐
│ Comparison                   │ Median Diff │ p-value  │ Overlap?  │ Significant?  │
├──────────────────────────────┼─────────────┼──────────┼───────────┼───────────────┤
│ SEQUENTIAL vs UUIDV4         │      -20.3% │   0.0090 │ No        │ No overlap    │
│ SEQUENTIAL vs UUIDV7         │       -0.0% │   0.0090 │ No        │ No overlap    │
│ SEQUENTIAL vs ULID           │       +0.3% │   0.0090 │ No        │ No overlap    │
│ SEQUENTIAL vs ULID_MONOTONIC │       +0.1% │   0.0090 │ No        │ No overlap    │
│ SEQUENTIAL vs UUIDV1         │       -0.0% │   0.0090 │ No        │ No overlap    │
└──────────────────────────────┴─────────────┴──────────┴───────────┴───────────────┘

Table Size (MB)
┌────────────────┬──────────┬──────────┬──────────┬──────────┬──────────┬─────────┐
│ Key Type       │ Median   │ Mean     │ StdDev   │ Min      │ Max      │ CV %    │
├────────────────┼──────────┼──────────┼──────────┼──────────┼──────────┼─────────┤
│ SEQUENTIAL     │   1116.4 │   1116.4 │      0.0 │   1116.4 │   1116.4 │     0.0 │
│ UUIDV4         │   1116.4 │   1116.4 │      0.0 │   1116.4 │   1116.5 │     0.0 │
│ UUIDV7         │   1116.4 │   1116.4 │      0.0 │   1116.4 │   1116.4 │     0.0 │
│ ULID           │   1116.4 │   1116.4 │      0.0 │   1116.4 │   1116.4 │     0.0 │
│ ULID_MONOTONIC │   1116.4 │   1116.4 │      0.0 │   1116.4 │   1116.4 │     0.0 │
│ UUIDV1         │   1116.4 │   1116.4 │      0.0 │   1116.4 │   1116.5 │     0.0 │
└────────────────┴──────────┴──────────┴──────────┴──────────┴──────────┴─────────┘

Statistical Comparisons (vs SEQUENTIAL):
┌──────────────────────────────┬─────────────┬──────────┬───────────┬───────────────┐
│ Comparison                   │ Median Diff │ p-value  │ Overlap?  │ Significant?  │
├──────────────────────────────┼─────────────┼──────────┼───────────┼───────────────┤
│ SEQUENTIAL vs UUIDV4         │       +0.0% │   0.0601 │ Yes       │ n.s.          │
│ SEQUENTIAL vs UUIDV7         │       -0.0% │   0.9168 │ Yes       │ n.s.          │
│ SEQUENTIAL vs ULID           │       +0.0% │   0.7540 │ Yes       │ n.s.          │
│ SEQUENTIAL vs ULID_MONOTONIC │       -0.0% │   0.7540 │ Yes       │ n.s.          │
│ SEQUENTIAL vs UUIDV1         │       +0.0% │   0.0758 │ Yes       │ n.s.          │
└──────────────────────────────┴─────────────┴──────────┴───────────┴───────────────┘

Index Size (MB)
┌────────────────┬──────────┬──────────┬──────────┬──────────┬──────────┬─────────┐
│ Key Type       │ Median   │ Mean     │ StdDev   │ Min      │ Max      │ CV %    │
├────────────────┼──────────┼──────────┼──────────┼──────────┼──────────┼─────────┤
│ SEQUENTIAL     │     21.4 │     21.4 │      0.0 │     21.4 │     21.4 │     0.0 │
│ UUIDV4         │     37.8 │     37.7 │      0.4 │     37.1 │     38.1 │     1.1 │
│ UUIDV7         │     30.1 │     30.1 │      0.0 │     30.1 │     30.1 │     0.0 │
│ ULID           │     38.7 │     38.7 │      0.0 │     38.6 │     38.7 │     0.0 │
│ ULID_MONOTONIC │     38.7 │     38.7 │      0.0 │     38.7 │     38.7 │     0.0 │
│ UUIDV1         │     30.1 │     30.3 │      0.5 │     30.1 │     31.3 │     1.7 │
└────────────────┴──────────┴──────────┴──────────┴──────────┴──────────┴─────────┘

Statistical Comparisons (vs SEQUENTIAL):
┌──────────────────────────────┬─────────────┬──────────┬───────────┬───────────────┐
│ Comparison                   │ Median Diff │ p-value  │ Overlap?  │ Significant?  │
├──────────────────────────────┼─────────────┼──────────┼───────────┼───────────────┤
│ SEQUENTIAL vs UUIDV4         │      +76.2% │   0.0090 │ No        │ No overlap    │
│ SEQUENTIAL vs UUIDV7         │      +40.4% │   0.0090 │ No        │ No overlap    │
│ SEQUENTIAL vs ULID           │      +80.3% │   0.0090 │ No        │ No overlap    │
│ SEQUENTIAL vs ULID_MONOTONIC │      +80.7% │   0.0090 │ No        │ No overlap    │
│ SEQUENTIAL vs UUIDV1         │      +40.4% │   0.0090 │ No        │ No overlap    │
└──────────────────────────────┴─────────────┴──────────┴───────────┴───────────────┘

Latency P99 (µs)
┌────────────────┬──────────┬──────────┬──────────┬──────────┬──────────┬─────────┐
│ Key Type       │ Median   │ Mean     │ StdDev   │ Min      │ Max      │ CV %    │
├────────────────┼──────────┼──────────┼──────────┼──────────┼──────────┼─────────┤
│ SEQUENTIAL     │   249928 │   251026 │     5573 │   245597 │   258623 │     2.2 │
│ UUIDV4         │   242275 │   246509 │    10199 │   236723 │   260592 │     4.1 │
│ UUIDV7         │   254204 │   252182 │     6918 │   245242 │   261635 │     2.7 │
│ ULID           │   249007 │   251282 │     7109 │   244924 │   261628 │     2.8 │
│ ULID_MONOTONIC │   255891 │   252960 │     6694 │   244871 │   260191 │     2.6 │
│ UUIDV1         │   255342 │   254477 │     9093 │   239639 │   262476 │     3.6 │
└────────────────┴──────────┴──────────┴──────────┴──────────┴──────────┴─────────┘

Statistical Comparisons (vs SEQUENTIAL):
┌──────────────────────────────┬─────────────┬──────────┬───────────┬───────────────┐
│ Comparison                   │ Median Diff │ p-value  │ Overlap?  │ Significant?  │
├──────────────────────────────┼─────────────┼──────────┼───────────┼───────────────┤
│ SEQUENTIAL vs UUIDV4         │       -3.1% │   0.3472 │ Yes       │ n.s.          │
│ SEQUENTIAL vs UUIDV7         │       +1.7% │   0.7540 │ Yes       │ n.s.          │
│ SEQUENTIAL vs ULID           │       -0.4% │   0.7540 │ Yes       │ n.s.          │
│ SEQUENTIAL vs ULID_MONOTONIC │       +2.4% │   0.6015 │ Yes       │ n.s.          │
│ SEQUENTIAL vs UUIDV1         │       +2.2% │   0.3472 │ Yes       │ n.s.          │
└──────────────────────────────┴─────────────┴──────────┴───────────┴───────────────┘

Write IOPS
┌────────────────┬──────────┬──────────┬──────────┬──────────┬──────────┬─────────┐
│ Key Type       │ Median   │ Mean     │ StdDev   │ Min      │ Max      │ CV %    │
├────────────────┼──────────┼──────────┼──────────┼──────────┼──────────┼─────────┤
│ SEQUENTIAL     │      185 │      186 │        2 │      184 │      190 │     1.3 │
│ UUIDV4         │      189 │      187 │        3 │      182 │      189 │     1.6 │
│ UUIDV7         │      188 │      189 │        2 │      187 │      193 │     1.2 │
│ ULID           │      190 │      189 │        3 │      186 │      193 │     1.4 │
│ ULID_MONOTONIC │      190 │      190 │        1 │      190 │      192 │     0.4 │
│ UUIDV1         │      183 │      185 │        3 │      182 │      189 │     1.7 │
└────────────────┴──────────┴──────────┴──────────┴──────────┴──────────┴─────────┘

Statistical Comparisons (vs SEQUENTIAL):
┌──────────────────────────────┬─────────────┬──────────┬───────────┬───────────────┐
│ Comparison                   │ Median Diff │ p-value  │ Overlap?  │ Significant?  │
├──────────────────────────────┼─────────────┼──────────┼───────────┼───────────────┤
│ SEQUENTIAL vs UUIDV4         │       +2.0% │   0.6015 │ Yes       │ n.s.          │
│ SEQUENTIAL vs UUIDV7         │       +1.6% │   0.1172 │ Yes       │ n.s.          │
│ SEQUENTIAL vs ULID           │       +2.6% │   0.1172 │ Yes       │ n.s.          │
│ SEQUENTIAL vs ULID_MONOTONIC │       +2.8% │   0.0283 │ Yes       │ * (p<0.05)    │
│ SEQUENTIAL vs UUIDV1         │       -1.2% │   0.3472 │ Yes       │ n.s.          │
└──────────────────────────────┴─────────────┴──────────┴───────────┴───────────────┘

[2/5] READ PERFORMANCE
====================================================================================================

Testing SEQUENTIAL (5 runs)
----------------------------------------------------------------------
  Run 1/5... Starting fresh PostgreSQL container...
Waiting for PostgreSQL to initialize...
Container ready
Inserting 1000000 records to create index...
Inserted 1000000 records in 5m12.78s
Creating lookup table for random key selection...
Measuring fragmentation...
Index fragmentation: 0.00%
Resetting PostgreSQL statistics...
Running 200000 point lookups...
Completed 200000 reads in 17.909533258s
Read throughput: 11482.53 ops/sec
Measuring buffer pool hit ratios...

Cleaning up container...
Container stopped and removed
done
  Run 2/5... Starting fresh PostgreSQL container...
Waiting for PostgreSQL to initialize...
Container ready
Inserting 1000000 records to create index...
Inserted 1000000 records in 5m18.567s
Creating lookup table for random key selection...
Measuring fragmentation...
Index fragmentation: 0.00%
Resetting PostgreSQL statistics...
Running 200000 point lookups...
Completed 200000 reads in 18.773558924s
Read throughput: 10944.53 ops/sec
Measuring buffer pool hit ratios...

Cleaning up container...
Container stopped and removed
done
  Run 3/5... Starting fresh PostgreSQL container...
Waiting for PostgreSQL to initialize...
Container ready
Inserting 1000000 records to create index...
Inserted 1000000 records in 5m10.782s
Creating lookup table for random key selection...
Measuring fragmentation...
Index fragmentation: 0.00%
Resetting PostgreSQL statistics...
Running 200000 point lookups...
Completed 200000 reads in 18.341629454s
Read throughput: 11228.18 ops/sec
Measuring buffer pool hit ratios...

Cleaning up container...
Container stopped and removed
done
  Run 4/5... Starting fresh PostgreSQL container...
Waiting for PostgreSQL to initialize...
Container ready
Inserting 1000000 records to create index...
Inserted 1000000 records in 5m15.349s
Creating lookup table for random key selection...
Measuring fragmentation...
Index fragmentation: 0.00%
Resetting PostgreSQL statistics...
Running 200000 point lookups...
Completed 200000 reads in 17.265807237s
Read throughput: 11965.41 ops/sec
Measuring buffer pool hit ratios...

Cleaning up container...
Container stopped and removed
done
  Run 5/5... Starting fresh PostgreSQL container...
Waiting for PostgreSQL to initialize...
Container ready
Inserting 1000000 records to create index...
Inserted 1000000 records in 5m10.52s
Creating lookup table for random key selection...
Measuring fragmentation...
Index fragmentation: 0.00%
Resetting PostgreSQL statistics...
Running 200000 point lookups...
Completed 200000 reads in 17.92229765s
Read throughput: 11485.98 ops/sec
Measuring buffer pool hit ratios...

Cleaning up container...
Container stopped and removed
done

Testing UUIDV4 (5 runs)
----------------------------------------------------------------------
  Run 1/5... Starting fresh PostgreSQL container...
Waiting for PostgreSQL to initialize...
Container ready
Inserting 1000000 records to create index...
Inserted 1000000 records in 5m10.689s
Creating lookup table for random key selection...
Measuring fragmentation...
Index fragmentation: 49.98%
Resetting PostgreSQL statistics...
Running 200000 point lookups...
Completed 200000 reads in 18.184990977s
Read throughput: 11315.18 ops/sec
Measuring buffer pool hit ratios...

Cleaning up container...
Container stopped and removed
done
  Run 2/5... Starting fresh PostgreSQL container...
Waiting for PostgreSQL to initialize...
Container ready
Inserting 1000000 records to create index...
Inserted 1000000 records in 5m10.061s
Creating lookup table for random key selection...
Measuring fragmentation...
Index fragmentation: 49.89%
Resetting PostgreSQL statistics...
Running 200000 point lookups...
Completed 200000 reads in 17.972451225s
Read throughput: 11432.73 ops/sec
Measuring buffer pool hit ratios...

Cleaning up container...
Container stopped and removed
done
  Run 3/5... Starting fresh PostgreSQL container...
Waiting for PostgreSQL to initialize...
Container ready
Inserting 1000000 records to create index...
Inserted 1000000 records in 5m7.931s
Creating lookup table for random key selection...
Measuring fragmentation...
Index fragmentation: 49.67%
Resetting PostgreSQL statistics...
Running 200000 point lookups...
Completed 200000 reads in 17.898766403s
Read throughput: 11529.95 ops/sec
Measuring buffer pool hit ratios...

Cleaning up container...
Container stopped and removed
done
  Run 4/5... Starting fresh PostgreSQL container...
Waiting for PostgreSQL to initialize...
Container ready
Inserting 1000000 records to create index...
Inserted 1000000 records in 5m5.354s
Creating lookup table for random key selection...
Measuring fragmentation...
Index fragmentation: 49.88%
Resetting PostgreSQL statistics...
Running 200000 point lookups...
Completed 200000 reads in 18.80238885s
Read throughput: 10969.22 ops/sec
Measuring buffer pool hit ratios...

Cleaning up container...
Container stopped and removed
done
  Run 5/5... Starting fresh PostgreSQL container...
Waiting for PostgreSQL to initialize...
Container ready
Inserting 1000000 records to create index...
Inserted 1000000 records in 5m8.361s
Creating lookup table for random key selection...
Measuring fragmentation...
Index fragmentation: 49.92%
Resetting PostgreSQL statistics...
Running 200000 point lookups...
Completed 200000 reads in 15.13007144s
Read throughput: 13749.43 ops/sec
Measuring buffer pool hit ratios...

Cleaning up container...
Container stopped and removed
done

Testing UUIDV7 (5 runs)
----------------------------------------------------------------------
  Run 1/5... Starting fresh PostgreSQL container...
Waiting for PostgreSQL to initialize...
Container ready
Inserting 1000000 records to create index...
Inserted 1000000 records in 5m13.001s
Creating lookup table for random key selection...
Measuring fragmentation...
Index fragmentation: 0.00%
Resetting PostgreSQL statistics...
Running 200000 point lookups...
Completed 200000 reads in 18.295614451s
Read throughput: 11276.88 ops/sec
Measuring buffer pool hit ratios...

Cleaning up container...
Container stopped and removed
done
  Run 2/5... Starting fresh PostgreSQL container...
Waiting for PostgreSQL to initialize...
Container ready
Inserting 1000000 records to create index...
Inserted 1000000 records in 5m18.213s
Creating lookup table for random key selection...
Measuring fragmentation...
Index fragmentation: 0.00%
Resetting PostgreSQL statistics...
Running 200000 point lookups...
Completed 200000 reads in 17.562152352s
Read throughput: 11728.68 ops/sec
Measuring buffer pool hit ratios...

Cleaning up container...
Container stopped and removed
done
  Run 3/5... Starting fresh PostgreSQL container...
Waiting for PostgreSQL to initialize...
Container ready
Inserting 1000000 records to create index...
Inserted 1000000 records in 5m18.232s
Creating lookup table for random key selection...
Measuring fragmentation...
Index fragmentation: 0.00%
Resetting PostgreSQL statistics...
Running 200000 point lookups...
Completed 200000 reads in 16.316183608s
Read throughput: 12676.83 ops/sec
Measuring buffer pool hit ratios...

Cleaning up container...
Container stopped and removed
done
  Run 4/5... Starting fresh PostgreSQL container...
Waiting for PostgreSQL to initialize...
Container ready
Inserting 1000000 records to create index...
Inserted 1000000 records in 5m12.674s
Creating lookup table for random key selection...
Measuring fragmentation...
Index fragmentation: 0.00%
Resetting PostgreSQL statistics...
Running 200000 point lookups...
Completed 200000 reads in 18.389507s
Read throughput: 11225.15 ops/sec
Measuring buffer pool hit ratios...

Cleaning up container...
Container stopped and removed
done
  Run 5/5... Starting fresh PostgreSQL container...
Waiting for PostgreSQL to initialize...
Container ready
Inserting 1000000 records to create index...
Inserted 1000000 records in 5m15.057s
Creating lookup table for random key selection...
Measuring fragmentation...
Index fragmentation: 0.00%
Resetting PostgreSQL statistics...
Running 200000 point lookups...
Completed 200000 reads in 17.75265321s
Read throughput: 11632.41 ops/sec
Measuring buffer pool hit ratios...

Cleaning up container...
Container stopped and removed
done

Testing ULID (5 runs)
----------------------------------------------------------------------
  Run 1/5... Starting fresh PostgreSQL container...
Waiting for PostgreSQL to initialize...
Container ready
Inserting 1000000 records to create index...
Inserted 1000000 records in 5m13.958s
Creating lookup table for random key selection...
Measuring fragmentation...
Index fragmentation: 0.00%
Resetting PostgreSQL statistics...
Running 200000 point lookups...
Completed 200000 reads in 18.820033413s
Read throughput: 10947.20 ops/sec
Measuring buffer pool hit ratios...

Cleaning up container...
Container stopped and removed
done
  Run 2/5... Starting fresh PostgreSQL container...
Waiting for PostgreSQL to initialize...
Container ready
Inserting 1000000 records to create index...
